2026-01-05T15:55:07.9914995Z Current runner version: '2.330.0'
2026-01-05T15:55:07.9939447Z ##[group]Runner Image Provisioner
2026-01-05T15:55:07.9940249Z Hosted Compute Agent
2026-01-05T15:55:07.9940891Z Version: 20251211.462
2026-01-05T15:55:07.9941474Z Commit: 6cbad8c2bb55d58165063d031ccabf57e2d2db61
2026-01-05T15:55:07.9942158Z Build Date: 2025-12-11T16:28:49Z
2026-01-05T15:55:07.9942750Z Worker ID: {a7cb92d9-d3b7-4ec9-a931-1f72ab224f44}
2026-01-05T15:55:07.9943542Z ##[endgroup]
2026-01-05T15:55:07.9944028Z ##[group]Operating System
2026-01-05T15:55:07.9944556Z Ubuntu
2026-01-05T15:55:07.9945070Z 24.04.3
2026-01-05T15:55:07.9945518Z LTS
2026-01-05T15:55:07.9946039Z ##[endgroup]
2026-01-05T15:55:07.9946606Z ##[group]Runner Image
2026-01-05T15:55:07.9947136Z Image: ubuntu-24.04
2026-01-05T15:55:07.9947604Z Version: 20251215.174.1
2026-01-05T15:55:07.9948678Z Included Software: https://github.com/actions/runner-images/blob/ubuntu24/20251215.174/images/ubuntu/Ubuntu2404-Readme.md
2026-01-05T15:55:07.9950482Z Image Release: https://github.com/actions/runner-images/releases/tag/ubuntu24%2F20251215.174
2026-01-05T15:55:07.9951577Z ##[endgroup]
2026-01-05T15:55:07.9952573Z ##[group]GITHUB_TOKEN Permissions
2026-01-05T15:55:07.9954456Z Contents: read
2026-01-05T15:55:07.9955017Z Metadata: read
2026-01-05T15:55:07.9955484Z Packages: read
2026-01-05T15:55:07.9956071Z ##[endgroup]
2026-01-05T15:55:07.9958104Z Secret source: Actions
2026-01-05T15:55:07.9959022Z Prepare workflow directory
2026-01-05T15:55:08.0294410Z Prepare all required actions
2026-01-05T15:55:08.0333137Z Getting action download info
2026-01-05T15:55:08.5590098Z Download action repository 'actions/checkout@v4' (SHA:34e114876b0b11c390a56381ad16ebd13914f8d5)
2026-01-05T15:55:08.6562926Z Download action repository 'actions/setup-node@v4' (SHA:49933ea5288caeca8642d1e84afbd3f7d6820020)
2026-01-05T15:55:08.7892337Z Download action repository 'actions/cache@v4' (SHA:0057852bfaa89a56745cba8c7296529d2fc39830)
2026-01-05T15:55:08.8940322Z Download action repository 'actions/upload-artifact@v4' (SHA:ea165f8d65b6e75b540449e92b4886f43607fa02)
2026-01-05T15:55:09.1149433Z Complete job name: E2E tests (no Docker)
2026-01-05T15:55:09.1904602Z ##[group]Run actions/checkout@v4
2026-01-05T15:55:09.1905491Z with:
2026-01-05T15:55:09.1905965Z   repository: dyangocardoso/infoaprende-platform
2026-01-05T15:55:09.1906736Z   token: ***
2026-01-05T15:55:09.1907138Z   ssh-strict: true
2026-01-05T15:55:09.1907564Z   ssh-user: git
2026-01-05T15:55:09.1907994Z   persist-credentials: true
2026-01-05T15:55:09.1908468Z   clean: true
2026-01-05T15:55:09.1909064Z   sparse-checkout-cone-mode: true
2026-01-05T15:55:09.1909586Z   fetch-depth: 1
2026-01-05T15:55:09.1910013Z   fetch-tags: false
2026-01-05T15:55:09.1910432Z   show-progress: true
2026-01-05T15:55:09.1910867Z   lfs: false
2026-01-05T15:55:09.1911259Z   submodules: false
2026-01-05T15:55:09.1911686Z   set-safe-directory: true
2026-01-05T15:55:09.1912403Z ##[endgroup]
2026-01-05T15:55:09.2989072Z Syncing repository: dyangocardoso/infoaprende-platform
2026-01-05T15:55:09.2991223Z ##[group]Getting Git version info
2026-01-05T15:55:09.2992156Z Working directory is '/home/runner/work/infoaprende-platform/infoaprende-platform'
2026-01-05T15:55:09.2993294Z [command]/usr/bin/git version
2026-01-05T15:55:09.3088284Z git version 2.52.0
2026-01-05T15:55:09.3113930Z ##[endgroup]
2026-01-05T15:55:09.3128467Z Temporarily overriding HOME='/home/runner/work/_temp/48f99f9d-767f-490e-8442-3539ba67ee38' before making global git config changes
2026-01-05T15:55:09.3134081Z Adding repository directory to the temporary git global config as a safe directory
2026-01-05T15:55:09.3135593Z [command]/usr/bin/git config --global --add safe.directory /home/runner/work/infoaprende-platform/infoaprende-platform
2026-01-05T15:55:09.3176417Z Deleting the contents of '/home/runner/work/infoaprende-platform/infoaprende-platform'
2026-01-05T15:55:09.3179887Z ##[group]Initializing the repository
2026-01-05T15:55:09.3184147Z [command]/usr/bin/git init /home/runner/work/infoaprende-platform/infoaprende-platform
2026-01-05T15:55:09.3317846Z hint: Using 'master' as the name for the initial branch. This default branch name
2026-01-05T15:55:09.3319654Z hint: will change to "main" in Git 3.0. To configure the initial branch name
2026-01-05T15:55:09.3320992Z hint: to use in all of your new repositories, which will suppress this warning,
2026-01-05T15:55:09.3322484Z hint: call:
2026-01-05T15:55:09.3322983Z hint:
2026-01-05T15:55:09.3324006Z hint: 	git config --global init.defaultBranch <name>
2026-01-05T15:55:09.3325359Z hint:
2026-01-05T15:55:09.3326614Z hint: Names commonly chosen instead of 'master' are 'main', 'trunk' and
2026-01-05T15:55:09.3328665Z hint: 'development'. The just-created branch can be renamed via this command:
2026-01-05T15:55:09.3330324Z hint:
2026-01-05T15:55:09.3331034Z hint: 	git branch -m <name>
2026-01-05T15:55:09.3331857Z hint:
2026-01-05T15:55:09.3332950Z hint: Disable this message with "git config set advice.defaultBranchName false"
2026-01-05T15:55:09.3335252Z Initialized empty Git repository in /home/runner/work/infoaprende-platform/infoaprende-platform/.git/
2026-01-05T15:55:09.3339222Z [command]/usr/bin/git remote add origin https://github.com/dyangocardoso/infoaprende-platform
2026-01-05T15:55:09.3373732Z ##[endgroup]
2026-01-05T15:55:09.3375066Z ##[group]Disabling automatic garbage collection
2026-01-05T15:55:09.3378475Z [command]/usr/bin/git config --local gc.auto 0
2026-01-05T15:55:09.3406825Z ##[endgroup]
2026-01-05T15:55:09.3408156Z ##[group]Setting up auth
2026-01-05T15:55:09.3415169Z [command]/usr/bin/git config --local --name-only --get-regexp core\.sshCommand
2026-01-05T15:55:09.3445874Z [command]/usr/bin/git submodule foreach --recursive sh -c "git config --local --name-only --get-regexp 'core\.sshCommand' && git config --local --unset-all 'core.sshCommand' || :"
2026-01-05T15:55:09.3818612Z [command]/usr/bin/git config --local --name-only --get-regexp http\.https\:\/\/github\.com\/\.extraheader
2026-01-05T15:55:09.3849121Z [command]/usr/bin/git submodule foreach --recursive sh -c "git config --local --name-only --get-regexp 'http\.https\:\/\/github\.com\/\.extraheader' && git config --local --unset-all 'http.https://github.com/.extraheader' || :"
2026-01-05T15:55:09.4066231Z [command]/usr/bin/git config --local --name-only --get-regexp ^includeIf\.gitdir:
2026-01-05T15:55:09.4102958Z [command]/usr/bin/git submodule foreach --recursive git config --local --show-origin --name-only --get-regexp remote.origin.url
2026-01-05T15:55:09.4323862Z [command]/usr/bin/git config --local http.https://github.com/.extraheader AUTHORIZATION: basic ***
2026-01-05T15:55:09.4357366Z ##[endgroup]
2026-01-05T15:55:09.4358263Z ##[group]Fetching the repository
2026-01-05T15:55:09.4366008Z [command]/usr/bin/git -c protocol.version=2 fetch --no-tags --prune --no-recurse-submodules --depth=1 origin +24372592c6b87ced4e7f18efd5b78012d1b7048c:refs/remotes/pull/16/merge
2026-01-05T15:55:10.1510631Z From https://github.com/dyangocardoso/infoaprende-platform
2026-01-05T15:55:10.1512883Z  * [new ref]         24372592c6b87ced4e7f18efd5b78012d1b7048c -> pull/16/merge
2026-01-05T15:55:10.1548205Z ##[endgroup]
2026-01-05T15:55:10.1549902Z ##[group]Determining the checkout info
2026-01-05T15:55:10.1551385Z ##[endgroup]
2026-01-05T15:55:10.1554882Z [command]/usr/bin/git sparse-checkout disable
2026-01-05T15:55:10.1598159Z [command]/usr/bin/git config --local --unset-all extensions.worktreeConfig
2026-01-05T15:55:10.1624588Z ##[group]Checking out the ref
2026-01-05T15:55:10.1626925Z [command]/usr/bin/git checkout --progress --force refs/remotes/pull/16/merge
2026-01-05T15:55:10.2237069Z Note: switching to 'refs/remotes/pull/16/merge'.
2026-01-05T15:55:10.2238680Z 
2026-01-05T15:55:10.2240098Z You are in 'detached HEAD' state. You can look around, make experimental
2026-01-05T15:55:10.2242199Z changes and commit them, and you can discard any commits you make in this
2026-01-05T15:55:10.2244555Z state without impacting any branches by switching back to a branch.
2026-01-05T15:55:10.2245882Z 
2026-01-05T15:55:10.2246549Z If you want to create a new branch to retain commits you create, you may
2026-01-05T15:55:10.2248653Z do so (now or later) by using -c with the switch command. Example:
2026-01-05T15:55:10.2249926Z 
2026-01-05T15:55:10.2250266Z   git switch -c <new-branch-name>
2026-01-05T15:55:10.2250904Z 
2026-01-05T15:55:10.2251216Z Or undo this operation with:
2026-01-05T15:55:10.2251788Z 
2026-01-05T15:55:10.2252091Z   git switch -
2026-01-05T15:55:10.2252556Z 
2026-01-05T15:55:10.2253432Z Turn off this advice by setting config variable advice.detachedHead to false
2026-01-05T15:55:10.2254777Z 
2026-01-05T15:55:10.2256413Z HEAD is now at 2437259 Merge 1f8e7c31346c90987ee2ca776bb4fe6a5729e385 into 25a1e714f2880280e8e438e1ab1dab1ef9c848d9
2026-01-05T15:55:10.2261278Z ##[endgroup]
2026-01-05T15:55:10.2285529Z [command]/usr/bin/git log -1 --format=%H
2026-01-05T15:55:10.2308036Z 24372592c6b87ced4e7f18efd5b78012d1b7048c
2026-01-05T15:55:10.2736571Z ##[group]Run actions/setup-node@v4
2026-01-05T15:55:10.2737687Z with:
2026-01-05T15:55:10.2738498Z   node-version: 20
2026-01-05T15:55:10.2739620Z   always-auth: false
2026-01-05T15:55:10.2740520Z   check-latest: false
2026-01-05T15:55:10.2741664Z   token: ***
2026-01-05T15:55:10.2742468Z ##[endgroup]
2026-01-05T15:55:10.4527059Z Found in cache @ /opt/hostedtoolcache/node/20.19.6/x64
2026-01-05T15:55:10.4533089Z ##[group]Environment details
2026-01-05T15:55:10.8554580Z node: v20.19.6
2026-01-05T15:55:10.8556184Z npm: 10.8.2
2026-01-05T15:55:10.8557431Z yarn: 1.22.22
2026-01-05T15:55:10.8559800Z ##[endgroup]
2026-01-05T15:55:10.8715403Z ##[group]Run cd backend
2026-01-05T15:55:10.8716377Z [36;1mcd backend[0m
2026-01-05T15:55:10.8717192Z [36;1mnpm ci[0m
2026-01-05T15:55:10.8765568Z shell: /usr/bin/bash -e {0}
2026-01-05T15:55:10.8766518Z ##[endgroup]
2026-01-05T15:55:13.1900269Z npm warn deprecated supertest@6.3.4: Please upgrade to supertest v7.1.3+, see release notes at https://github.com/forwardemail/supertest/releases/tag/v7.1.3 - maintenance is supported by Forward Email @ https://forwardemail.net
2026-01-05T15:55:13.4302917Z npm warn deprecated rimraf@3.0.2: Rimraf versions prior to v4 are no longer supported
2026-01-05T15:55:13.6759991Z npm warn deprecated npmlog@6.0.2: This package is no longer supported.
2026-01-05T15:55:14.1042102Z npm warn deprecated inflight@1.0.6: This module is not supported, and leaks memory. Do not use it. Check out lru-cache if you want a good and tested way to coalesce async requests by a key value, which is much more comprehensive and powerful.
2026-01-05T15:55:14.1296548Z npm warn deprecated glob@8.1.0: Glob versions prior to v9 are no longer supported
2026-01-05T15:55:14.4585030Z npm warn deprecated gauge@4.0.4: This package is no longer supported.
2026-01-05T15:55:14.8117550Z npm warn deprecated are-we-there-yet@3.0.1: This package is no longer supported.
2026-01-05T15:55:14.8942015Z npm warn deprecated @npmcli/move-file@1.1.2: This functionality has been moved to @npmcli/fs
2026-01-05T15:55:15.0435296Z npm warn deprecated glob@7.2.3: Glob versions prior to v9 are no longer supported
2026-01-05T15:55:15.0810085Z npm warn deprecated superagent@8.1.2: Please upgrade to superagent v10.2.2+, see release notes at https://github.com/forwardemail/superagent/releases/tag/v10.2.2 - maintenance is supported by Forward Email @ https://forwardemail.net
2026-01-05T15:55:15.0846914Z npm warn deprecated glob@7.2.3: Glob versions prior to v9 are no longer supported
2026-01-05T15:55:15.1393063Z npm warn deprecated glob@7.2.3: Glob versions prior to v9 are no longer supported
2026-01-05T15:55:15.8758479Z npm warn deprecated sinon@15.2.0: 16.1.1
2026-01-05T15:55:21.7180550Z 
2026-01-05T15:55:21.7181430Z added 533 packages, and audited 535 packages in 11s
2026-01-05T15:55:21.7181706Z 
2026-01-05T15:55:21.7183765Z 79 packages are looking for funding
2026-01-05T15:55:21.7184707Z   run `npm fund` for details
2026-01-05T15:55:21.7205231Z 
2026-01-05T15:55:21.7205513Z 1 high severity vulnerability
2026-01-05T15:55:21.7207511Z 
2026-01-05T15:55:21.7207783Z To address all issues, run:
2026-01-05T15:55:21.7208587Z   npm audit fix
2026-01-05T15:55:21.7209048Z 
2026-01-05T15:55:21.7209281Z Run `npm audit` for details.
2026-01-05T15:55:21.7459575Z ##[group]Run cd frontend
2026-01-05T15:55:21.7459897Z [36;1mcd frontend[0m
2026-01-05T15:55:21.7460106Z [36;1mnpm ci[0m
2026-01-05T15:55:21.7492476Z shell: /usr/bin/bash -e {0}
2026-01-05T15:55:21.7492772Z ##[endgroup]
2026-01-05T15:55:25.4824162Z 
2026-01-05T15:55:25.4824920Z added 309 packages, and audited 311 packages in 4s
2026-01-05T15:55:25.4826729Z 
2026-01-05T15:55:25.4827108Z 100 packages are looking for funding
2026-01-05T15:55:25.4827609Z   run `npm fund` for details
2026-01-05T15:55:25.5082384Z 
2026-01-05T15:55:25.5082939Z 6 vulnerabilities (1 low, 5 moderate)
2026-01-05T15:55:25.5083315Z 
2026-01-05T15:55:25.5083926Z To address issues that do not require attention, run:
2026-01-05T15:55:25.5089970Z   npm audit fix
2026-01-05T15:55:25.5090372Z 
2026-01-05T15:55:25.5090818Z To address all issues (including breaking changes), run:
2026-01-05T15:55:25.5091396Z   npm audit fix --force
2026-01-05T15:55:25.5091619Z 
2026-01-05T15:55:25.5091862Z Run `npm audit` for details.
2026-01-05T15:55:25.5909538Z ##[group]Run actions/cache@v4
2026-01-05T15:55:25.5909807Z with:
2026-01-05T15:55:25.5909998Z   path: ~/.npm
2026-01-05T15:55:25.5910436Z   key: Linux-npm-cache-frontend-edf5dd5eada7f69cf816d002ce73d5ab570e48ab563a9e4e988bd8d2e6762a14
2026-01-05T15:55:25.5910945Z   restore-keys: Linux-npm-cache-frontend-

2026-01-05T15:55:25.5911223Z   enableCrossOsArchive: false
2026-01-05T15:55:25.5911452Z   fail-on-cache-miss: false
2026-01-05T15:55:25.5911662Z   lookup-only: false
2026-01-05T15:55:25.5911844Z   save-always: false
2026-01-05T15:55:25.5912031Z ##[endgroup]
2026-01-05T15:55:26.0088772Z Cache not found for input keys: Linux-npm-cache-frontend-edf5dd5eada7f69cf816d002ce73d5ab570e48ab563a9e4e988bd8d2e6762a14, Linux-npm-cache-frontend-
2026-01-05T15:55:26.0693570Z ##[group]Run actions/cache@v4
2026-01-05T15:55:26.0693819Z with:
2026-01-05T15:55:26.0694031Z   path: ~/.cache/ms-playwright
2026-01-05T15:55:26.0694495Z   key: Linux-playwright-browsers-98ea6830e4fe31d4eaf879e6442656c05338cbd4b3b28cb66228885480d9fdfd
2026-01-05T15:55:26.0695020Z   restore-keys: Linux-playwright-browsers-

2026-01-05T15:55:26.0695315Z   enableCrossOsArchive: false
2026-01-05T15:55:26.0695551Z   fail-on-cache-miss: false
2026-01-05T15:55:26.0695773Z   lookup-only: false
2026-01-05T15:55:26.0695963Z   save-always: false
2026-01-05T15:55:26.0696153Z ##[endgroup]
2026-01-05T15:55:26.4297669Z Cache not found for input keys: Linux-playwright-browsers-98ea6830e4fe31d4eaf879e6442656c05338cbd4b3b28cb66228885480d9fdfd, Linux-playwright-browsers-
2026-01-05T15:55:26.4366557Z ##[group]Run cd frontend
2026-01-05T15:55:26.4366819Z [36;1mcd frontend[0m
2026-01-05T15:55:26.4367017Z [36;1mnpm run build[0m
2026-01-05T15:55:26.4399494Z shell: /usr/bin/bash -e {0}
2026-01-05T15:55:26.4399726Z ##[endgroup]
2026-01-05T15:55:26.5497146Z 
2026-01-05T15:55:26.5497646Z > frontend@0.0.0 build
2026-01-05T15:55:26.5498121Z > vite build
2026-01-05T15:55:26.5498308Z 
2026-01-05T15:55:26.7543561Z [36mvite v7.0.3 [32mbuilding for production...[36m[39m
2026-01-05T15:55:26.8091948Z transforming...
2026-01-05T15:55:28.2160915Z [32m✓[39m 243 modules transformed.
2026-01-05T15:55:28.4532785Z rendering chunks...
2026-01-05T15:55:28.5507699Z [33m[plugin vite:reporter] 
2026-01-05T15:55:28.5512183Z (!) /home/runner/work/infoaprende-platform/infoaprende-platform/frontend/src/data/cursos/excel/index.js is dynamically imported by /home/runner/work/infoaprende-platform/infoaprende-platform/frontend/src/context/ContenidoProviderModular.jsx but also statically imported by /home/runner/work/infoaprende-platform/infoaprende-platform/frontend/src/pages/cursos/Excel.jsx, dynamic import will not move module into another chunk.
2026-01-05T15:55:28.5514405Z [39m
2026-01-05T15:55:28.5514721Z [33m[plugin vite:reporter] 
2026-01-05T15:55:28.5517389Z (!) /home/runner/work/infoaprende-platform/infoaprende-platform/frontend/src/data/cursos/access/index.js is dynamically imported by /home/runner/work/infoaprende-platform/infoaprende-platform/frontend/src/context/ContenidoProviderModular.jsx but also statically imported by /home/runner/work/infoaprende-platform/infoaprende-platform/frontend/src/pages/cursos/Access.jsx, dynamic import will not move module into another chunk.
2026-01-05T15:55:28.5519997Z [39m
2026-01-05T15:55:28.5520267Z [33m[plugin vite:reporter] 
2026-01-05T15:55:28.5523464Z (!) /home/runner/work/infoaprende-platform/infoaprende-platform/frontend/src/data/cursos/redes/index.js is dynamically imported by /home/runner/work/infoaprende-platform/infoaprende-platform/frontend/src/context/ContenidoProviderModular.jsx but also statically imported by /home/runner/work/infoaprende-platform/infoaprende-platform/frontend/src/pages/cursos/LeccionTema.jsx, /home/runner/work/infoaprende-platform/infoaprende-platform/frontend/src/pages/cursos/Redes.jsx, dynamic import will not move module into another chunk.
2026-01-05T15:55:28.5527060Z [39m
2026-01-05T15:55:28.5527527Z [33m[plugin vite:reporter] 
2026-01-05T15:55:28.5538695Z (!) /home/runner/work/infoaprende-platform/infoaprende-platform/frontend/src/data/cursos/ciberseguridad/index.js is dynamically imported by /home/runner/work/infoaprende-platform/infoaprende-platform/frontend/src/context/ContenidoProviderModular.jsx but also statically imported by /home/runner/work/infoaprende-platform/infoaprende-platform/frontend/src/pages/cursos/Ciberseguridad.jsx, dynamic import will not move module into another chunk.
2026-01-05T15:55:28.5542109Z [39m
2026-01-05T15:55:28.5735755Z computing gzip size...
2026-01-05T15:55:28.5965678Z [2mdist/[22m[32mindex.html                 [39m[1m[2m  0.75 kB[22m[1m[22m[2m │ gzip:   0.44 kB[22m
2026-01-05T15:55:28.5967254Z [2mdist/[22m[2massets/[22m[35mindex-BXtR5v3c.css  [39m[1m[2m 40.81 kB[22m[1m[22m[2m │ gzip:   7.52 kB[22m
2026-01-05T15:55:28.5969106Z [2mdist/[22m[2massets/[22m[36mindex-CQfQt-Kz.js   [39m[1m[2m 19.44 kB[22m[1m[22m[2m │ gzip:   5.32 kB[22m
2026-01-05T15:55:28.5970766Z [2mdist/[22m[2massets/[22m[36mindex-BBBuxDM4.js   [39m[1m[2m 59.53 kB[22m[1m[22m[2m │ gzip:  15.33 kB[22m
2026-01-05T15:55:28.5972359Z [2mdist/[22m[2massets/[22m[36mindex-BjCZInfs.js   [39m[1m[2m 68.65 kB[22m[1m[22m[2m │ gzip:  18.25 kB[22m
2026-01-05T15:55:28.5973986Z [2mdist/[22m[2massets/[22m[36mindex-BOW9YQGA.js   [39m[1m[2m 71.59 kB[22m[1m[22m[2m │ gzip:  14.96 kB[22m
2026-01-05T15:55:28.5975584Z [2mdist/[22m[2massets/[22m[36mindex-qiOiuad8.js   [39m[1m[2m147.26 kB[22m[1m[22m[2m │ gzip:  32.45 kB[22m
2026-01-05T15:55:28.5977370Z [2mdist/[22m[2massets/[22m[36mindex-WrUZRj-t.js   [39m[1m[2m176.54 kB[22m[1m[22m[2m │ gzip:  37.99 kB[22m
2026-01-05T15:55:28.5978287Z [33m
2026-01-05T15:55:28.5979002Z (!) Some chunks are larger than 500 kB after minification. Consider:
2026-01-05T15:55:28.5979737Z - Using dynamic import() to code-split the application
2026-01-05T15:55:28.5981002Z - Use build.rollupOptions.output.manualChunks to improve chunking: https://rollupjs.org/configuration-options/#output-manualchunks
2026-01-05T15:55:28.5982500Z - Adjust chunk size limit for this warning via build.chunkSizeWarningLimit.[39m
2026-01-05T15:55:28.5983803Z [2mdist/[22m[2massets/[22m[36mindex-du6QNw8D.js   [39m[1m[2m235.93 kB[22m[1m[22m[2m │ gzip:  53.56 kB[22m
2026-01-05T15:55:28.5985239Z [2mdist/[22m[2massets/[22m[36mindex-Dzmq1Erv.js   [39m[1m[33m719.84 kB[39m[22m[2m │ gzip: 188.69 kB[22m
2026-01-05T15:55:28.6012747Z [32m✓ built in 1.82s[39m
2026-01-05T15:55:28.6319307Z ##[group]Run cd backend
2026-01-05T15:55:28.6319586Z [36;1mcd backend[0m
2026-01-05T15:55:28.6319834Z [36;1mnohup npm run start > backend.log 2>&1 &[0m
2026-01-05T15:55:28.6351960Z shell: /usr/bin/bash -e {0}
2026-01-05T15:55:28.6352203Z ##[endgroup]
2026-01-05T15:55:28.6428713Z ##[group]Run cd frontend
2026-01-05T15:55:28.6429234Z [36;1mcd frontend[0m
2026-01-05T15:55:28.6429538Z [36;1mnohup npm run preview -- --port 5173 > preview.log 2>&1 &[0m
2026-01-05T15:55:28.6457808Z shell: /usr/bin/bash -e {0}
2026-01-05T15:55:28.6458038Z ##[endgroup]
2026-01-05T15:55:28.6543593Z ##[group]Run for i in {1..30}; do
2026-01-05T15:55:28.6544028Z [36;1mfor i in {1..30}; do[0m
2026-01-05T15:55:28.6544833Z [36;1m  if curl -sSf http://localhost:4000/api/health >/dev/null 2>&1 && curl -sSf http://localhost:5173/ >/dev/null 2>&1; then[0m
2026-01-05T15:55:28.6545647Z [36;1m    echo "Services up"[0m
2026-01-05T15:55:28.6546020Z [36;1m    break[0m
2026-01-05T15:55:28.6546344Z [36;1m  fi[0m
2026-01-05T15:55:28.6546700Z [36;1m  echo "Waiting for services... ($i)"[0m
2026-01-05T15:55:28.6547153Z [36;1m  sleep 2[0m
2026-01-05T15:55:28.6547447Z [36;1mdone[0m
2026-01-05T15:55:28.6588021Z shell: /usr/bin/bash -e {0}
2026-01-05T15:55:28.6588429Z ##[endgroup]
2026-01-05T15:55:28.6751376Z Waiting for services... (1)
2026-01-05T15:55:30.7037572Z Services up
2026-01-05T15:55:30.7064415Z ##[group]Run cd frontend
2026-01-05T15:55:30.7064702Z [36;1mcd frontend[0m
2026-01-05T15:55:30.7064942Z [36;1mnpx playwright install --with-deps[0m
2026-01-05T15:55:30.7097310Z shell: /usr/bin/bash -e {0}
2026-01-05T15:55:30.7097549Z ##[endgroup]
2026-01-05T15:55:31.5919542Z Installing dependencies...
2026-01-05T15:55:31.5988134Z Switching to root user to install dependencies...
2026-01-05T15:55:31.6705547Z Get:1 file:/etc/apt/apt-mirrors.txt Mirrorlist [144 B]
2026-01-05T15:55:31.7017273Z Hit:2 http://azure.archive.ubuntu.com/ubuntu noble InRelease
2026-01-05T15:55:31.7074947Z Get:3 http://azure.archive.ubuntu.com/ubuntu noble-updates InRelease [126 kB]
2026-01-05T15:55:31.7138644Z Get:4 http://azure.archive.ubuntu.com/ubuntu noble-backports InRelease [126 kB]
2026-01-05T15:55:31.7177095Z Get:5 http://azure.archive.ubuntu.com/ubuntu noble-security InRelease [126 kB]
2026-01-05T15:55:31.8394054Z Get:6 http://azure.archive.ubuntu.com/ubuntu noble-updates/main amd64 Packages [1684 kB]
2026-01-05T15:55:31.8396791Z Hit:22 https://packages.microsoft.com/repos/azure-cli noble InRelease
2026-01-05T15:55:31.8543394Z Get:7 http://azure.archive.ubuntu.com/ubuntu noble-updates/main Translation-en [311 kB]
2026-01-05T15:55:31.8573415Z Get:8 http://azure.archive.ubuntu.com/ubuntu noble-updates/main amd64 Components [175 kB]
2026-01-05T15:55:31.8592130Z Get:9 http://azure.archive.ubuntu.com/ubuntu noble-updates/main amd64 c-n-f Metadata [15.8 kB]
2026-01-05T15:55:31.8604658Z Get:10 http://azure.archive.ubuntu.com/ubuntu noble-updates/universe amd64 Packages [1506 kB]
2026-01-05T15:55:31.8695515Z Get:11 http://azure.archive.ubuntu.com/ubuntu noble-updates/universe Translation-en [306 kB]
2026-01-05T15:55:31.8727341Z Get:12 http://azure.archive.ubuntu.com/ubuntu noble-updates/universe amd64 Components [378 kB]
2026-01-05T15:55:31.8768181Z Get:13 http://azure.archive.ubuntu.com/ubuntu noble-updates/universe amd64 c-n-f Metadata [31.4 kB]
2026-01-05T15:55:31.8778054Z Get:14 http://azure.archive.ubuntu.com/ubuntu noble-updates/restricted amd64 Packages [2413 kB]
2026-01-05T15:55:31.8898065Z Get:23 https://packages.microsoft.com/ubuntu/24.04/prod noble InRelease [3600 B]
2026-01-05T15:55:31.8908006Z Get:15 http://azure.archive.ubuntu.com/ubuntu noble-updates/restricted Translation-en [550 kB]
2026-01-05T15:55:31.9381072Z Get:16 http://azure.archive.ubuntu.com/ubuntu noble-updates/restricted amd64 Components [212 B]
2026-01-05T15:55:31.9390707Z Get:17 http://azure.archive.ubuntu.com/ubuntu noble-updates/restricted amd64 c-n-f Metadata [516 B]
2026-01-05T15:55:31.9401699Z Get:18 http://azure.archive.ubuntu.com/ubuntu noble-updates/multiverse amd64 Packages [30.3 kB]
2026-01-05T15:55:31.9413896Z Get:19 http://azure.archive.ubuntu.com/ubuntu noble-updates/multiverse Translation-en [6048 B]
2026-01-05T15:55:31.9426110Z Get:20 http://azure.archive.ubuntu.com/ubuntu noble-updates/multiverse amd64 Components [940 B]
2026-01-05T15:55:31.9435708Z Get:21 http://azure.archive.ubuntu.com/ubuntu noble-updates/multiverse amd64 c-n-f Metadata [488 B]
2026-01-05T15:55:31.9446103Z Get:24 http://azure.archive.ubuntu.com/ubuntu noble-backports/main amd64 Packages [40.4 kB]
2026-01-05T15:55:31.9459361Z Get:25 http://azure.archive.ubuntu.com/ubuntu noble-backports/main amd64 Components [7300 B]
2026-01-05T15:55:31.9473262Z Get:26 http://azure.archive.ubuntu.com/ubuntu noble-backports/main amd64 c-n-f Metadata [368 B]
2026-01-05T15:55:31.9482789Z Get:27 http://azure.archive.ubuntu.com/ubuntu noble-backports/universe amd64 Packages [29.5 kB]
2026-01-05T15:55:31.9496989Z Get:28 http://azure.archive.ubuntu.com/ubuntu noble-backports/universe Translation-en [17.9 kB]
2026-01-05T15:55:31.9508003Z Get:29 http://azure.archive.ubuntu.com/ubuntu noble-backports/universe amd64 Components [10.5 kB]
2026-01-05T15:55:31.9517243Z Get:30 http://azure.archive.ubuntu.com/ubuntu noble-backports/universe amd64 c-n-f Metadata [1444 B]
2026-01-05T15:55:31.9557029Z Get:31 http://azure.archive.ubuntu.com/ubuntu noble-backports/restricted amd64 Components [212 B]
2026-01-05T15:55:31.9978924Z Get:32 http://azure.archive.ubuntu.com/ubuntu noble-backports/multiverse amd64 Components [212 B]
2026-01-05T15:55:31.9994783Z Get:33 http://azure.archive.ubuntu.com/ubuntu noble-security/main amd64 Packages [1391 kB]
2026-01-05T15:55:32.0073229Z Get:34 http://azure.archive.ubuntu.com/ubuntu noble-security/main Translation-en [225 kB]
2026-01-05T15:55:32.0091554Z Get:35 http://azure.archive.ubuntu.com/ubuntu noble-security/main amd64 Components [21.5 kB]
2026-01-05T15:55:32.0103195Z Get:36 http://azure.archive.ubuntu.com/ubuntu noble-security/main amd64 c-n-f Metadata [9504 B]
2026-01-05T15:55:32.0116068Z Get:37 http://azure.archive.ubuntu.com/ubuntu noble-security/universe amd64 Packages [916 kB]
2026-01-05T15:55:32.0171425Z Get:38 http://azure.archive.ubuntu.com/ubuntu noble-security/universe amd64 Components [71.5 kB]
2026-01-05T15:55:32.0185802Z Get:39 http://azure.archive.ubuntu.com/ubuntu noble-security/restricted amd64 Components [212 B]
2026-01-05T15:55:32.0195730Z Get:40 http://azure.archive.ubuntu.com/ubuntu noble-security/multiverse amd64 Components [212 B]
2026-01-05T15:55:32.0725351Z Get:41 https://packages.microsoft.com/ubuntu/24.04/prod noble/main arm64 Packages [59.2 kB]
2026-01-05T15:55:32.1171653Z Get:42 https://packages.microsoft.com/ubuntu/24.04/prod noble/main amd64 Packages [77.4 kB]
2026-01-05T15:55:32.1496616Z Get:43 https://packages.microsoft.com/ubuntu/24.04/prod noble/main armhf Packages [11.4 kB]
2026-01-05T15:55:40.7971167Z Fetched 10.7 MB in 1s (8548 kB/s)
2026-01-05T15:55:41.5880177Z Reading package lists...
2026-01-05T15:55:41.6143966Z Reading package lists...
2026-01-05T15:55:41.8246153Z Building dependency tree...
2026-01-05T15:55:41.8253688Z Reading state information...
2026-01-05T15:55:41.8506764Z libasound2t64 is already the newest version (1.2.11-1ubuntu0.1).
2026-01-05T15:55:41.8507638Z libasound2t64 set to manually installed.
2026-01-05T15:55:41.8508538Z libatk-bridge2.0-0t64 is already the newest version (2.52.0-1build1).
2026-01-05T15:55:41.8509563Z libatk-bridge2.0-0t64 set to manually installed.
2026-01-05T15:55:41.8510359Z libatk1.0-0t64 is already the newest version (2.52.0-1build1).
2026-01-05T15:55:41.8511054Z libatk1.0-0t64 set to manually installed.
2026-01-05T15:55:41.8511810Z libatspi2.0-0t64 is already the newest version (2.52.0-1build1).
2026-01-05T15:55:41.8512499Z libatspi2.0-0t64 set to manually installed.
2026-01-05T15:55:41.8512972Z libcairo2 is already the newest version (1.18.0-3build1).
2026-01-05T15:55:41.8513409Z libcairo2 set to manually installed.
2026-01-05T15:55:41.8513887Z libcups2t64 is already the newest version (2.4.7-1.2ubuntu7.9).
2026-01-05T15:55:41.8514342Z libcups2t64 set to manually installed.
2026-01-05T15:55:41.8514814Z libdbus-1-3 is already the newest version (1.14.10-4ubuntu4.1).
2026-01-05T15:55:41.8515287Z libdbus-1-3 set to manually installed.
2026-01-05T15:55:41.8515768Z libdrm2 is already the newest version (2.4.122-1~ubuntu0.24.04.2).
2026-01-05T15:55:41.8516223Z libdrm2 set to manually installed.
2026-01-05T15:55:41.8516678Z libgbm1 is already the newest version (25.0.7-0ubuntu0.24.04.2).
2026-01-05T15:55:41.8517438Z libgbm1 set to manually installed.
2026-01-05T15:55:41.8517877Z libnspr4 is already the newest version (2:4.35-1.1build1).
2026-01-05T15:55:41.8518309Z libnspr4 set to manually installed.
2026-01-05T15:55:41.8518730Z libnss3 is already the newest version (2:3.98-1build1).
2026-01-05T15:55:41.8519346Z libnss3 set to manually installed.
2026-01-05T15:55:41.8519732Z libpango-1.0-0 is already the newest version (1.52.1+ds-1build1).
2026-01-05T15:55:41.8520133Z libpango-1.0-0 set to manually installed.
2026-01-05T15:55:41.8520505Z libx11-6 is already the newest version (2:1.8.7-1build1).
2026-01-05T15:55:41.8520843Z libx11-6 set to manually installed.
2026-01-05T15:55:41.8521175Z libxcb1 is already the newest version (1.15-1ubuntu2).
2026-01-05T15:55:41.8521523Z libxcb1 set to manually installed.
2026-01-05T15:55:41.8522133Z libxcomposite1 is already the newest version (1:0.4.5-1build3).
2026-01-05T15:55:41.8522540Z libxcomposite1 set to manually installed.
2026-01-05T15:55:41.8522936Z libxdamage1 is already the newest version (1:1.1.6-1build1).
2026-01-05T15:55:41.8523298Z libxdamage1 set to manually installed.
2026-01-05T15:55:41.8523664Z libxext6 is already the newest version (2:1.3.4-1build2).
2026-01-05T15:55:41.8524000Z libxext6 set to manually installed.
2026-01-05T15:55:41.8524354Z libxfixes3 is already the newest version (1:6.0.0-2build1).
2026-01-05T15:55:41.8524710Z libxfixes3 set to manually installed.
2026-01-05T15:55:41.8525075Z libxkbcommon0 is already the newest version (1.6.0-1build1).
2026-01-05T15:55:41.8525442Z libxkbcommon0 set to manually installed.
2026-01-05T15:55:41.8525815Z libxrandr2 is already the newest version (2:1.5.2-2build1).
2026-01-05T15:55:41.8526153Z libxrandr2 set to manually installed.
2026-01-05T15:55:41.8526554Z libcairo-gobject2 is already the newest version (1.18.0-3build1).
2026-01-05T15:55:41.8526963Z libcairo-gobject2 set to manually installed.
2026-01-05T15:55:41.8527376Z libfontconfig1 is already the newest version (2.15.0-1.1ubuntu2).
2026-01-05T15:55:41.8527768Z libfontconfig1 set to manually installed.
2026-01-05T15:55:41.8528169Z libfreetype6 is already the newest version (2.13.2+dfsg-1build3).
2026-01-05T15:55:41.8528544Z libfreetype6 set to manually installed.
2026-01-05T15:55:41.8529263Z libgdk-pixbuf-2.0-0 is already the newest version (2.42.10+dfsg-3ubuntu3.2).
2026-01-05T15:55:41.8529707Z libgdk-pixbuf-2.0-0 set to manually installed.
2026-01-05T15:55:41.8530128Z libgtk-3-0t64 is already the newest version (3.24.41-4ubuntu1.3).
2026-01-05T15:55:41.8530509Z libgtk-3-0t64 set to manually installed.
2026-01-05T15:55:41.8530926Z libpangocairo-1.0-0 is already the newest version (1.52.1+ds-1build1).
2026-01-05T15:55:41.8531347Z libpangocairo-1.0-0 set to manually installed.
2026-01-05T15:55:41.8531739Z libx11-xcb1 is already the newest version (2:1.8.7-1build1).
2026-01-05T15:55:41.8532097Z libx11-xcb1 set to manually installed.
2026-01-05T15:55:41.8532467Z libxcb-shm0 is already the newest version (1.15-1ubuntu2).
2026-01-05T15:55:41.8532815Z libxcb-shm0 set to manually installed.
2026-01-05T15:55:41.8533189Z libxcursor1 is already the newest version (1:1.2.1-1build1).
2026-01-05T15:55:41.8533544Z libxcursor1 set to manually installed.
2026-01-05T15:55:41.8533882Z libxi6 is already the newest version (2:1.8.1-1build1).
2026-01-05T15:55:41.8534214Z libxi6 set to manually installed.
2026-01-05T15:55:41.8534587Z libxrender1 is already the newest version (1:0.9.10-1.1build1).
2026-01-05T15:55:41.8534956Z libxrender1 set to manually installed.
2026-01-05T15:55:41.8535313Z libicu74 is already the newest version (74.2-1ubuntu3.1).
2026-01-05T15:55:41.8535737Z libatomic1 is already the newest version (14.2.0-4ubuntu2~24.04).
2026-01-05T15:55:41.8536103Z libatomic1 set to manually installed.
2026-01-05T15:55:41.8536564Z libenchant-2-2 is already the newest version (2.3.3-2build2).
2026-01-05T15:55:41.8536971Z libenchant-2-2 set to manually installed.
2026-01-05T15:55:41.8537343Z libepoxy0 is already the newest version (1.5.10-1build1).
2026-01-05T15:55:41.8537862Z libepoxy0 set to manually installed.
2026-01-05T15:55:41.8538260Z libgstreamer1.0-0 is already the newest version (1.24.2-1ubuntu0.1).
2026-01-05T15:55:41.8538664Z libgstreamer1.0-0 set to manually installed.
2026-01-05T15:55:41.8539292Z libharfbuzz0b is already the newest version (8.3.0-2build2).
2026-01-05T15:55:41.8539658Z libharfbuzz0b set to manually installed.
2026-01-05T15:55:41.8540047Z libjpeg-turbo8 is already the newest version (2.1.5-2ubuntu2).
2026-01-05T15:55:41.8540422Z libjpeg-turbo8 set to manually installed.
2026-01-05T15:55:41.8540777Z liblcms2-2 is already the newest version (2.14-2build1).
2026-01-05T15:55:41.8541119Z liblcms2-2 set to manually installed.
2026-01-05T15:55:41.8541513Z libwayland-client0 is already the newest version (1.22.0-2.1build1).
2026-01-05T15:55:41.8541922Z libwayland-client0 set to manually installed.
2026-01-05T15:55:42.0365789Z libwayland-egl1 is already the newest version (1.22.0-2.1build1).
2026-01-05T15:55:42.0367063Z libwayland-egl1 set to manually installed.
2026-01-05T15:55:42.0367786Z libwayland-server0 is already the newest version (1.22.0-2.1build1).
2026-01-05T15:55:42.0368597Z libwayland-server0 set to manually installed.
2026-01-05T15:55:42.0369876Z libwebp7 is already the newest version (1.3.2-0.4build3).
2026-01-05T15:55:42.0370474Z libwebp7 set to manually installed.
2026-01-05T15:55:42.0371117Z libwebpdemux2 is already the newest version (1.3.2-0.4build3).
2026-01-05T15:55:42.0371685Z libwebpdemux2 set to manually installed.
2026-01-05T15:55:42.0372206Z libxml2 is already the newest version (2.9.14+dfsg-1.3ubuntu3.6).
2026-01-05T15:55:42.0372851Z libxml2 set to manually installed.
2026-01-05T15:55:42.0373455Z libxslt1.1 is already the newest version (1.1.39-0exp1ubuntu0.24.04.2).
2026-01-05T15:55:42.0373963Z libxslt1.1 set to manually installed.
2026-01-05T15:55:42.0374443Z xvfb is already the newest version (2:21.1.12-1ubuntu1.5).
2026-01-05T15:55:42.0375116Z fonts-noto-color-emoji is already the newest version (2.047-0ubuntu0.24.04.1).
2026-01-05T15:55:42.0375793Z fonts-liberation is already the newest version (1:2.1.5-3).
2026-01-05T15:55:42.0376285Z fonts-liberation set to manually installed.
2026-01-05T15:55:42.0376767Z The following additional packages will be installed:
2026-01-05T15:55:42.0377273Z   gir1.2-glib-2.0 glib-networking glib-networking-common
2026-01-05T15:55:42.0377903Z   glib-networking-services gsettings-desktop-schemas libaa1 libabsl20220623t64
2026-01-05T15:55:42.0378608Z   libass9 libasyncns0 libavc1394-0 libavcodec60 libavfilter9 libavformat60
2026-01-05T15:55:42.0379462Z   libavtp0 libavutil58 libblas3 libbluray2 libbs2b0 libcaca0
2026-01-05T15:55:42.0380069Z   libcairo-script-interpreter2 libcdparanoia0 libchromaprint1 libcjson1
2026-01-05T15:55:42.0380694Z   libcodec2-1.2 libdav1d7 libdc1394-25 libdca0 libdecor-0-0
2026-01-05T15:55:42.0381390Z   libdirectfb-1.7-7t64 libdv4t64 libdvdnav4 libdvdread8t64 libegl-mesa0
2026-01-05T15:55:42.0382011Z   libegl1 libfaad2 libflac12t64 libfluidsynth3 libfreeaptx0 libgav1-1
2026-01-05T15:55:42.0382524Z   libglib2.0-bin libglib2.0-data libgme0 libgraphene-1.0-0 libgsm1
2026-01-05T15:55:42.0383030Z   libgssdp-1.6-0 libgstreamer-plugins-good1.0-0 libgtk-4-common libgupnp-1.6-0
2026-01-05T15:55:42.0383544Z   libgupnp-igd-1.6-0 libhwy1t64 libiec61883-0 libimath-3-1-29t64
2026-01-05T15:55:42.0383982Z   libinstpatch-1.0-2 libjack-jackd2-0 libjxl0.7 liblapack3 liblc3-1
2026-01-05T15:55:42.0384474Z   libldacbt-enc2 liblilv-0-0 liblrdf0 libltc11 libmbedcrypto7t64 libmfx1
2026-01-05T15:55:42.0384911Z   libmjpegutils-2.1-0t64 libmodplug1 libmp3lame0 libmpcdec6
2026-01-05T15:55:42.0385555Z   libmpeg2encpp-2.1-0t64 libmpg123-0t64 libmplex2-2.1-0t64 libmysofa1
2026-01-05T15:55:42.0386022Z   libneon27t64 libnice10 libopenal-data libopenal1 libopenexr-3-1-30
2026-01-05T15:55:42.0386460Z   libopenh264-7 libopenmpt0t64 libopenni2-0 liborc-0.4-0t64
2026-01-05T15:55:42.0386901Z   libpipewire-0.3-0t64 libplacebo338 libpocketsphinx3 libpostproc57
2026-01-05T15:55:42.0387615Z   libproxy1v5 libpulse0 libqrencode4 libraptor2-0 librav1e0 libraw1394-11
2026-01-05T15:55:42.0388123Z   librist4 librsvg2-2 librubberband2 libsamplerate0 libsbc1 libsdl2-2.0-0
2026-01-05T15:55:42.0388632Z   libsecret-common libserd-0-0 libshine3 libshout3 libsndfile1 libsndio7.0
2026-01-05T15:55:42.0389364Z   libsord-0-0 libsoundtouch1 libsoup-3.0-0 libsoup-3.0-common libsoxr0
2026-01-05T15:55:42.0389857Z   libspa-0.2-modules libspandsp2t64 libspeex1 libsphinxbase3t64 libsratom-0-0
2026-01-05T15:55:42.0390358Z   libsrt1.5-gnutls libsrtp2-1 libssh-4 libssh-gcrypt-4 libsvtav1enc1d1
2026-01-05T15:55:42.0390823Z   libswresample4 libswscale7 libtag1v5 libtag1v5-vanilla libtheora0
2026-01-05T15:55:42.0391269Z   libtwolame0 libudfread0 libunibreak5 libv4l-0t64 libv4lconvert0t64
2026-01-05T15:55:42.0391735Z   libva-drm2 libva-x11-2 libva2 libvdpau1 libvidstab1.1 libvisual-0.4-0
2026-01-05T15:55:42.0392314Z   libvo-aacenc0 libvo-amrwbenc0 libvorbisenc2 libvpl2 libwavpack1
2026-01-05T15:55:42.0392768Z   libwebrtc-audio-processing1 libwildmidi2 libx265-199 libxcb-xkb1
2026-01-05T15:55:42.0393235Z   libxkbcommon-x11-0 libxvidcore4 libyuv0 libzbar0t64 libzimg2 libzix-0-0
2026-01-05T15:55:42.0393729Z   libzvbi-common libzvbi0t64 libzxing3 ocl-icd-libopencl1 session-migration
2026-01-05T15:55:42.0394158Z   timgm6mb-soundfont xfonts-encodings xfonts-utils
2026-01-05T15:55:42.0394463Z Suggested packages:
2026-01-05T15:55:42.0394915Z   frei0r-plugins gvfs libcuda1 libnvcuvid1 libnvidia-encode1 libbluray-bdj
2026-01-05T15:55:42.0395409Z   libdirectfb-extra libdv-bin oss-compat libdvdcss2 low-memory-monitor
2026-01-05T15:55:42.0395905Z   libvisual-0.4-plugins jackd2 liblrdf0-dev libportaudio2 opus-tools pipewire
2026-01-05T15:55:42.0396407Z   pulseaudio raptor2-utils libraw1394-doc librsvg2-bin serdi sndiod sordi
2026-01-05T15:55:42.0396846Z   speex libwildmidi-config opencl-icd fluid-soundfont-gm
2026-01-05T15:55:42.0397160Z Recommended packages:
2026-01-05T15:55:42.0397480Z   fonts-ipafont-mincho fonts-tlwg-loma gstreamer1.0-x libaacs0
2026-01-05T15:55:42.0397938Z   default-libdecor-0-plugin-1 | libdecor-0-plugin-1 gstreamer1.0-gl
2026-01-05T15:55:42.0398446Z   libgtk-4-bin librsvg2-common libgtk-4-media-gstreamer libpipewire-0.3-common
2026-01-05T15:55:42.0399082Z   pocketsphinx-en-us va-driver-all | va-driver vdpau-driver-all | vdpau-driver
2026-01-05T15:55:42.0399456Z   libmagickcore-6.q16-7-extra
2026-01-05T15:55:42.1254352Z The following NEW packages will be installed:
2026-01-05T15:55:42.1255395Z   fonts-freefont-ttf fonts-ipafont-gothic fonts-tlwg-loma-otf fonts-unifont
2026-01-05T15:55:42.1256317Z   fonts-wqy-zenhei glib-networking glib-networking-common
2026-01-05T15:55:42.1257228Z   glib-networking-services gsettings-desktop-schemas gstreamer1.0-libav
2026-01-05T15:55:42.1258416Z   gstreamer1.0-plugins-bad gstreamer1.0-plugins-base gstreamer1.0-plugins-good
2026-01-05T15:55:42.1259611Z   libaa1 libabsl20220623t64 libass9 libasyncns0 libavc1394-0 libavcodec60
2026-01-05T15:55:42.1260294Z   libavfilter9 libavformat60 libavif16 libavtp0 libavutil58 libblas3
2026-01-05T15:55:42.1261011Z   libbluray2 libbs2b0 libcaca0 libcairo-script-interpreter2 libcdparanoia0
2026-01-05T15:55:42.1262137Z   libchromaprint1 libcjson1 libcodec2-1.2 libdav1d7 libdc1394-25 libdca0
2026-01-05T15:55:42.1262988Z   libdecor-0-0 libdirectfb-1.7-7t64 libdv4t64 libdvdnav4 libdvdread8t64
2026-01-05T15:55:42.1263636Z   libegl-mesa0 libegl1 libevent-2.1-7t64 libfaad2 libflac12t64 libflite1
2026-01-05T15:55:42.1264316Z   libfluidsynth3 libfreeaptx0 libgav1-1 libgles2 libgme0 libgraphene-1.0-0
2026-01-05T15:55:42.1265019Z   libgsm1 libgssdp-1.6-0 libgstreamer-gl1.0-0 libgstreamer-plugins-bad1.0-0
2026-01-05T15:55:42.1265712Z   libgstreamer-plugins-base1.0-0 libgstreamer-plugins-good1.0-0 libgtk-4-1
2026-01-05T15:55:42.1266367Z   libgtk-4-common libgupnp-1.6-0 libgupnp-igd-1.6-0 libharfbuzz-icu0
2026-01-05T15:55:42.1267192Z   libhwy1t64 libhyphen0 libiec61883-0 libimath-3-1-29t64 libinstpatch-1.0-2
2026-01-05T15:55:42.1268012Z   libjack-jackd2-0 libjxl0.7 liblapack3 liblc3-1 libldacbt-enc2 liblilv-0-0
2026-01-05T15:55:42.1269208Z   liblrdf0 libltc11 libmanette-0.2-0 libmbedcrypto7t64 libmfx1
2026-01-05T15:55:42.1269761Z   libmjpegutils-2.1-0t64 libmodplug1 libmp3lame0 libmpcdec6
2026-01-05T15:55:42.1270341Z   libmpeg2encpp-2.1-0t64 libmpg123-0t64 libmplex2-2.1-0t64 libmysofa1
2026-01-05T15:55:42.1270950Z   libneon27t64 libnice10 libopenal-data libopenal1 libopenexr-3-1-30
2026-01-05T15:55:42.1271562Z   libopenh264-7 libopenmpt0t64 libopenni2-0 libopus0 liborc-0.4-0t64
2026-01-05T15:55:42.1272166Z   libpipewire-0.3-0t64 libplacebo338 libpocketsphinx3 libpostproc57
2026-01-05T15:55:42.1272793Z   libproxy1v5 libpulse0 libqrencode4 libraptor2-0 librav1e0 libraw1394-11
2026-01-05T15:55:42.1273458Z   librist4 librsvg2-2 librubberband2 libsamplerate0 libsbc1 libsdl2-2.0-0
2026-01-05T15:55:42.1274053Z   libsecret-1-0 libsecret-common libserd-0-0 libshine3 libshout3 libsndfile1
2026-01-05T15:55:42.1274840Z   libsndio7.0 libsord-0-0 libsoundtouch1 libsoup-3.0-0 libsoup-3.0-common
2026-01-05T15:55:42.1275338Z   libsoxr0 libspa-0.2-modules libspandsp2t64 libspeex1 libsphinxbase3t64
2026-01-05T15:55:42.1275817Z   libsratom-0-0 libsrt1.5-gnutls libsrtp2-1 libssh-gcrypt-4 libsvtav1enc1d1
2026-01-05T15:55:42.1276299Z   libswresample4 libswscale7 libtag1v5 libtag1v5-vanilla libtheora0
2026-01-05T15:55:42.1276921Z   libtwolame0 libudfread0 libunibreak5 libv4l-0t64 libv4lconvert0t64
2026-01-05T15:55:42.1277485Z   libva-drm2 libva-x11-2 libva2 libvdpau1 libvidstab1.1 libvisual-0.4-0
2026-01-05T15:55:42.1277983Z   libvo-aacenc0 libvo-amrwbenc0 libvorbisenc2 libvpl2 libvpx9 libwavpack1
2026-01-05T15:55:42.1278499Z   libwebrtc-audio-processing1 libwildmidi2 libwoff1 libx264-164 libx265-199
2026-01-05T15:55:42.1279286Z   libxcb-xkb1 libxkbcommon-x11-0 libxvidcore4 libyuv0 libzbar0t64 libzimg2
2026-01-05T15:55:42.1279801Z   libzix-0-0 libzvbi-common libzvbi0t64 libzxing3 ocl-icd-libopencl1
2026-01-05T15:55:42.1280299Z   session-migration timgm6mb-soundfont xfonts-cyrillic xfonts-encodings
2026-01-05T15:55:42.1280701Z   xfonts-scalable xfonts-utils
2026-01-05T15:55:42.1281008Z The following packages will be upgraded:
2026-01-05T15:55:42.1281381Z   gir1.2-glib-2.0 libglib2.0-0t64 libglib2.0-bin libglib2.0-data
2026-01-05T15:55:42.1284042Z   libpng16-16t64 libssh-4
2026-01-05T15:55:42.1554533Z 6 upgraded, 179 newly installed, 0 to remove and 63 not upgraded.
2026-01-05T15:55:42.1555231Z Need to get 116 MB of archives.
2026-01-05T15:55:42.1555919Z After this operation, 363 MB of additional disk space will be used.
2026-01-05T15:55:42.1556709Z Get:1 file:/etc/apt/apt-mirrors.txt Mirrorlist [144 B]
2026-01-05T15:55:42.2217863Z Get:2 http://azure.archive.ubuntu.com/ubuntu noble/universe amd64 fonts-ipafont-gothic all 00303-21ubuntu1 [3513 kB]
2026-01-05T15:55:42.3227696Z Get:3 http://azure.archive.ubuntu.com/ubuntu noble-updates/main amd64 libglib2.0-data all 2.80.0-6ubuntu3.5 [48.8 kB]
2026-01-05T15:55:42.3698998Z Get:4 http://azure.archive.ubuntu.com/ubuntu noble-updates/main amd64 libglib2.0-bin amd64 2.80.0-6ubuntu3.5 [97.9 kB]
2026-01-05T15:55:42.4173895Z Get:5 http://azure.archive.ubuntu.com/ubuntu noble-updates/main amd64 gir1.2-glib-2.0 amd64 2.80.0-6ubuntu3.5 [183 kB]
2026-01-05T15:55:42.4657275Z Get:6 http://azure.archive.ubuntu.com/ubuntu noble-updates/main amd64 libglib2.0-0t64 amd64 2.80.0-6ubuntu3.5 [1544 kB]
2026-01-05T15:55:42.5350722Z Get:7 http://azure.archive.ubuntu.com/ubuntu noble-updates/main amd64 libpng16-16t64 amd64 1.6.43-5ubuntu0.1 [187 kB]
2026-01-05T15:55:42.5838641Z Get:8 http://azure.archive.ubuntu.com/ubuntu noble/main amd64 fonts-freefont-ttf all 20211204+svn4273-2 [5641 kB]
2026-01-05T15:55:42.7133850Z Get:9 http://azure.archive.ubuntu.com/ubuntu noble/universe amd64 fonts-tlwg-loma-otf all 1:0.7.3-1 [107 kB]
2026-01-05T15:55:42.7607064Z Get:10 http://azure.archive.ubuntu.com/ubuntu noble/universe amd64 fonts-unifont all 1:15.1.01-1build1 [2993 kB]
2026-01-05T15:55:42.8500223Z Get:11 http://azure.archive.ubuntu.com/ubuntu noble/universe amd64 fonts-wqy-zenhei all 0.9.45-8 [7472 kB]
2026-01-05T15:55:43.0084832Z Get:12 http://azure.archive.ubuntu.com/ubuntu noble/main amd64 libproxy1v5 amd64 0.5.4-4build1 [26.5 kB]
2026-01-05T15:55:43.0555240Z Get:13 http://azure.archive.ubuntu.com/ubuntu noble/main amd64 glib-networking-common all 2.80.0-1build1 [6702 B]
2026-01-05T15:55:43.1027340Z Get:14 http://azure.archive.ubuntu.com/ubuntu noble/main amd64 glib-networking-services amd64 2.80.0-1build1 [12.8 kB]
2026-01-05T15:55:43.1500188Z Get:15 http://azure.archive.ubuntu.com/ubuntu noble/main amd64 session-migration amd64 0.3.9build1 [9034 B]
2026-01-05T15:55:43.1969863Z Get:16 http://azure.archive.ubuntu.com/ubuntu noble-updates/main amd64 gsettings-desktop-schemas all 46.1-0ubuntu1 [35.6 kB]
2026-01-05T15:55:43.2443861Z Get:17 http://azure.archive.ubuntu.com/ubuntu noble/main amd64 glib-networking amd64 2.80.0-1build1 [64.1 kB]
2026-01-05T15:55:43.2916734Z Get:18 http://azure.archive.ubuntu.com/ubuntu noble/universe amd64 libva2 amd64 2.20.0-2build1 [66.2 kB]
2026-01-05T15:55:43.3391077Z Get:19 http://azure.archive.ubuntu.com/ubuntu noble/universe amd64 libva-drm2 amd64 2.20.0-2build1 [7124 B]
2026-01-05T15:55:43.3868134Z Get:20 http://azure.archive.ubuntu.com/ubuntu noble/universe amd64 libva-x11-2 amd64 2.20.0-2build1 [12.0 kB]
2026-01-05T15:55:43.4346077Z Get:21 http://azure.archive.ubuntu.com/ubuntu noble/main amd64 libvdpau1 amd64 1.5-2build1 [27.8 kB]
2026-01-05T15:55:43.4819536Z Get:22 http://azure.archive.ubuntu.com/ubuntu noble/universe amd64 libvpl2 amd64 2023.3.0-1build1 [99.8 kB]
2026-01-05T15:55:43.5297652Z Get:23 http://azure.archive.ubuntu.com/ubuntu noble/universe amd64 ocl-icd-libopencl1 amd64 2.3.2-1build1 [38.5 kB]
2026-01-05T15:55:43.5771919Z Get:24 http://azure.archive.ubuntu.com/ubuntu noble/universe amd64 libavutil58 amd64 7:6.1.1-3ubuntu5 [401 kB]
2026-01-05T15:55:43.6285645Z Get:25 http://azure.archive.ubuntu.com/ubuntu noble/universe amd64 libcodec2-1.2 amd64 1.2.0-2build1 [8998 kB]
2026-01-05T15:55:43.8053304Z Get:26 http://azure.archive.ubuntu.com/ubuntu noble/universe amd64 libdav1d7 amd64 1.4.1-1build1 [604 kB]
2026-01-05T15:55:43.8615765Z Get:27 http://azure.archive.ubuntu.com/ubuntu noble/universe amd64 libgsm1 amd64 1.0.22-1build1 [27.8 kB]
2026-01-05T15:55:43.9100421Z Get:28 http://azure.archive.ubuntu.com/ubuntu noble/universe amd64 libhwy1t64 amd64 1.0.7-8.1build1 [584 kB]
2026-01-05T15:55:43.9682650Z Get:29 http://azure.archive.ubuntu.com/ubuntu noble-updates/universe amd64 libjxl0.7 amd64 0.7.0-10.2ubuntu6.1 [1001 kB]
2026-01-05T15:55:44.0297781Z Get:30 http://azure.archive.ubuntu.com/ubuntu noble/main amd64 libmp3lame0 amd64 3.100-6build1 [142 kB]
2026-01-05T15:55:44.0776781Z Get:31 http://azure.archive.ubuntu.com/ubuntu noble/main amd64 libopus0 amd64 1.4-1build1 [208 kB]
2026-01-05T15:55:44.1274105Z Get:32 http://azure.archive.ubuntu.com/ubuntu noble/universe amd64 librav1e0 amd64 0.7.1-2 [1022 kB]
2026-01-05T15:55:44.1875731Z Get:33 http://azure.archive.ubuntu.com/ubuntu noble/main amd64 librsvg2-2 amd64 2.58.0+dfsg-1build1 [2135 kB]
2026-01-05T15:55:44.2645761Z Get:34 http://azure.archive.ubuntu.com/ubuntu noble/universe amd64 libshine3 amd64 3.1.1-2build1 [23.2 kB]
2026-01-05T15:55:44.3120149Z Get:35 http://azure.archive.ubuntu.com/ubuntu noble-updates/main amd64 libspeex1 amd64 1.2.1-2ubuntu2.24.04.1 [59.6 kB]
2026-01-05T15:55:44.3592002Z Get:36 http://azure.archive.ubuntu.com/ubuntu noble/universe amd64 libsvtav1enc1d1 amd64 1.7.0+dfsg-2build1 [2425 kB]
2026-01-05T15:55:44.4402240Z Get:37 http://azure.archive.ubuntu.com/ubuntu noble/universe amd64 libsoxr0 amd64 0.1.3-4build3 [80.0 kB]
2026-01-05T15:55:44.4894758Z Get:38 http://azure.archive.ubuntu.com/ubuntu noble/universe amd64 libswresample4 amd64 7:6.1.1-3ubuntu5 [63.8 kB]
2026-01-05T15:55:44.5376858Z Get:39 http://azure.archive.ubuntu.com/ubuntu noble/main amd64 libtheora0 amd64 1.1.1+dfsg.1-16.1build3 [211 kB]
2026-01-05T15:55:44.5861143Z Get:40 http://azure.archive.ubuntu.com/ubuntu noble/main amd64 libtwolame0 amd64 0.4.0-2build3 [52.3 kB]
2026-01-05T15:55:44.6986527Z Get:41 http://azure.archive.ubuntu.com/ubuntu noble/main amd64 libvorbisenc2 amd64 1.3.7-1build3 [80.8 kB]
2026-01-05T15:55:44.9077354Z Get:42 http://azure.archive.ubuntu.com/ubuntu noble-updates/main amd64 libvpx9 amd64 1.14.0-1ubuntu2.2 [1143 kB]
2026-01-05T15:55:45.2029797Z Get:43 http://azure.archive.ubuntu.com/ubuntu noble/universe amd64 libx264-164 amd64 2:0.164.3108+git31e19f9-1 [604 kB]
2026-01-05T15:55:45.2780693Z Get:44 http://azure.archive.ubuntu.com/ubuntu noble/universe amd64 libx265-199 amd64 3.5-2build1 [1226 kB]
2026-01-05T15:55:45.3778051Z Get:45 http://azure.archive.ubuntu.com/ubuntu noble/universe amd64 libxvidcore4 amd64 2:1.3.7-1build1 [219 kB]
2026-01-05T15:55:45.4394581Z Get:46 http://azure.archive.ubuntu.com/ubuntu noble/universe amd64 libzvbi-common all 0.2.42-2 [42.4 kB]
2026-01-05T15:55:45.4963756Z Get:47 http://azure.archive.ubuntu.com/ubuntu noble/universe amd64 libzvbi0t64 amd64 0.2.42-2 [261 kB]
2026-01-05T15:55:45.5585968Z Get:48 http://azure.archive.ubuntu.com/ubuntu noble/universe amd64 libavcodec60 amd64 7:6.1.1-3ubuntu5 [5851 kB]
2026-01-05T15:55:45.7455266Z Get:49 http://azure.archive.ubuntu.com/ubuntu noble/universe amd64 libunibreak5 amd64 5.1-2build1 [25.0 kB]
2026-01-05T15:55:45.8026686Z Get:50 http://azure.archive.ubuntu.com/ubuntu noble/universe amd64 libass9 amd64 1:0.17.1-2build1 [104 kB]
2026-01-05T15:55:45.8603366Z Get:51 http://azure.archive.ubuntu.com/ubuntu noble/universe amd64 libudfread0 amd64 1.1.2-1build1 [19.0 kB]
2026-01-05T15:55:45.9170256Z Get:52 http://azure.archive.ubuntu.com/ubuntu noble/universe amd64 libbluray2 amd64 1:1.3.4-1build1 [159 kB]
2026-01-05T15:55:45.9745174Z Get:53 http://azure.archive.ubuntu.com/ubuntu noble/universe amd64 libchromaprint1 amd64 1.5.1-5 [30.5 kB]
2026-01-05T15:55:46.0313187Z Get:54 http://azure.archive.ubuntu.com/ubuntu noble/universe amd64 libgme0 amd64 0.6.3-7build1 [134 kB]
2026-01-05T15:55:46.0889962Z Get:55 http://azure.archive.ubuntu.com/ubuntu noble-updates/main amd64 libmpg123-0t64 amd64 1.32.5-1ubuntu1.1 [169 kB]
2026-01-05T15:55:46.1465258Z Get:56 http://azure.archive.ubuntu.com/ubuntu noble/universe amd64 libopenmpt0t64 amd64 0.7.3-1.1build3 [647 kB]
2026-01-05T15:55:46.2083176Z Get:57 http://azure.archive.ubuntu.com/ubuntu noble/universe amd64 libcjson1 amd64 1.7.17-1 [24.8 kB]
2026-01-05T15:55:46.2657544Z Get:58 http://azure.archive.ubuntu.com/ubuntu noble/universe amd64 libmbedcrypto7t64 amd64 2.28.8-1 [209 kB]
2026-01-05T15:55:46.3239150Z Get:59 http://azure.archive.ubuntu.com/ubuntu noble/universe amd64 librist4 amd64 0.2.10+dfsg-2 [74.9 kB]
2026-01-05T15:55:46.3761877Z Get:60 http://azure.archive.ubuntu.com/ubuntu noble/universe amd64 libsrt1.5-gnutls amd64 1.5.3-1build2 [316 kB]
2026-01-05T15:55:46.4310239Z Get:61 http://azure.archive.ubuntu.com/ubuntu noble-updates/main amd64 libssh-gcrypt-4 amd64 0.10.6-2ubuntu0.2 [224 kB]
2026-01-05T15:55:46.4838611Z Get:62 http://azure.archive.ubuntu.com/ubuntu noble/universe amd64 libavformat60 amd64 7:6.1.1-3ubuntu5 [1153 kB]
2026-01-05T15:55:46.5516324Z Get:63 http://azure.archive.ubuntu.com/ubuntu noble/universe amd64 libbs2b0 amd64 3.1.0+dfsg-7build1 [10.6 kB]
2026-01-05T15:55:46.6026508Z Get:64 http://azure.archive.ubuntu.com/ubuntu noble/universe amd64 libflite1 amd64 2.2-6build3 [13.6 MB]
2026-01-05T15:55:46.8676098Z Get:65 http://azure.archive.ubuntu.com/ubuntu noble/universe amd64 libserd-0-0 amd64 0.32.2-1 [43.6 kB]
2026-01-05T15:55:46.9188625Z Get:66 http://azure.archive.ubuntu.com/ubuntu noble/universe amd64 libzix-0-0 amd64 0.4.2-2build1 [23.6 kB]
2026-01-05T15:55:46.9698612Z Get:67 http://azure.archive.ubuntu.com/ubuntu noble/universe amd64 libsord-0-0 amd64 0.16.16-2build1 [15.8 kB]
2026-01-05T15:55:47.0210078Z Get:68 http://azure.archive.ubuntu.com/ubuntu noble/universe amd64 libsratom-0-0 amd64 0.6.16-1build1 [17.3 kB]
2026-01-05T15:55:47.0721260Z Get:69 http://azure.archive.ubuntu.com/ubuntu noble/universe amd64 liblilv-0-0 amd64 0.24.22-1build1 [41.0 kB]
2026-01-05T15:55:47.1228178Z Get:70 http://azure.archive.ubuntu.com/ubuntu noble/universe amd64 libmysofa1 amd64 1.3.2+dfsg-2ubuntu2 [1158 kB]
2026-01-05T15:55:47.1906002Z Get:71 http://azure.archive.ubuntu.com/ubuntu noble/universe amd64 libplacebo338 amd64 6.338.2-2build1 [2654 kB]
2026-01-05T15:55:47.2830597Z Get:72 http://azure.archive.ubuntu.com/ubuntu noble-updates/main amd64 libblas3 amd64 3.12.0-3build1.1 [238 kB]
2026-01-05T15:55:47.3427555Z Get:73 http://azure.archive.ubuntu.com/ubuntu noble-updates/main amd64 liblapack3 amd64 3.12.0-3build1.1 [2646 kB]
2026-01-05T15:55:47.4236101Z Get:74 http://azure.archive.ubuntu.com/ubuntu noble/main amd64 libasyncns0 amd64 0.8-6build4 [11.3 kB]
2026-01-05T15:55:47.4803838Z Get:75 http://azure.archive.ubuntu.com/ubuntu noble/main amd64 libflac12t64 amd64 1.4.3+ds-2.1ubuntu2 [197 kB]
2026-01-05T15:55:47.5403089Z Get:76 http://azure.archive.ubuntu.com/ubuntu noble-updates/main amd64 libsndfile1 amd64 1.2.2-1ubuntu5.24.04.1 [209 kB]
2026-01-05T15:55:47.5995354Z Get:77 http://azure.archive.ubuntu.com/ubuntu noble-updates/main amd64 libpulse0 amd64 1:16.1+dfsg1-2ubuntu10.1 [292 kB]
2026-01-05T15:55:47.6596221Z Get:78 http://azure.archive.ubuntu.com/ubuntu noble/universe amd64 libsphinxbase3t64 amd64 0.8+5prealpha+1-17build2 [126 kB]
2026-01-05T15:55:47.7183768Z Get:79 http://azure.archive.ubuntu.com/ubuntu noble/universe amd64 libpocketsphinx3 amd64 0.8.0+real5prealpha+1-15ubuntu5 [133 kB]
2026-01-05T15:55:47.7776315Z Get:80 http://azure.archive.ubuntu.com/ubuntu noble/universe amd64 libpostproc57 amd64 7:6.1.1-3ubuntu5 [49.9 kB]
2026-01-05T15:55:47.8346146Z Get:81 http://azure.archive.ubuntu.com/ubuntu noble/main amd64 libsamplerate0 amd64 0.2.2-4build1 [1344 kB]
2026-01-05T15:55:47.9002808Z Get:82 http://azure.archive.ubuntu.com/ubuntu noble/universe amd64 librubberband2 amd64 3.3.0+dfsg-2build1 [130 kB]
2026-01-05T15:55:47.9580401Z Get:83 http://azure.archive.ubuntu.com/ubuntu noble/universe amd64 libswscale7 amd64 7:6.1.1-3ubuntu5 [193 kB]
2026-01-05T15:55:48.0167205Z Get:84 http://azure.archive.ubuntu.com/ubuntu noble/universe amd64 libvidstab1.1 amd64 1.1.0-2build1 [38.5 kB]
2026-01-05T15:55:48.0737076Z Get:85 http://azure.archive.ubuntu.com/ubuntu noble/universe amd64 libzimg2 amd64 3.0.5+ds1-1build1 [254 kB]
2026-01-05T15:55:48.1323679Z Get:86 http://azure.archive.ubuntu.com/ubuntu noble/universe amd64 libavfilter9 amd64 7:6.1.1-3ubuntu5 [4235 kB]
2026-01-05T15:55:48.2540977Z Get:87 http://azure.archive.ubuntu.com/ubuntu noble-updates/main amd64 liborc-0.4-0t64 amd64 1:0.4.38-1ubuntu0.1 [207 kB]
2026-01-05T15:55:48.3122914Z Get:88 http://azure.archive.ubuntu.com/ubuntu noble-updates/main amd64 libgstreamer-plugins-base1.0-0 amd64 1.24.2-1ubuntu0.3 [862 kB]
2026-01-05T15:55:48.3775913Z Get:89 http://azure.archive.ubuntu.com/ubuntu noble/universe amd64 gstreamer1.0-libav amd64 1.24.1-1build1 [103 kB]
2026-01-05T15:55:48.4350370Z Get:90 http://azure.archive.ubuntu.com/ubuntu noble/main amd64 libcdparanoia0 amd64 3.10.2+debian-14build3 [48.5 kB]
2026-01-05T15:55:48.4919210Z Get:91 http://azure.archive.ubuntu.com/ubuntu noble/main amd64 libvisual-0.4-0 amd64 0.4.2-2build1 [115 kB]
2026-01-05T15:55:48.5495546Z Get:92 http://azure.archive.ubuntu.com/ubuntu noble-updates/main amd64 gstreamer1.0-plugins-base amd64 1.24.2-1ubuntu0.3 [721 kB]
2026-01-05T15:55:48.6074897Z Get:93 http://azure.archive.ubuntu.com/ubuntu noble/main amd64 libaa1 amd64 1.4p5-51.1 [49.9 kB]
2026-01-05T15:55:48.6706512Z Get:94 http://azure.archive.ubuntu.com/ubuntu noble/main amd64 libraw1394-11 amd64 2.1.2-2build3 [26.2 kB]
2026-01-05T15:55:48.7287871Z Get:95 http://azure.archive.ubuntu.com/ubuntu noble/main amd64 libavc1394-0 amd64 0.5.4-5build3 [15.4 kB]
2026-01-05T15:55:48.7829408Z Get:96 http://azure.archive.ubuntu.com/ubuntu noble/main amd64 libcaca0 amd64 0.99.beta20-4build2 [208 kB]
2026-01-05T15:55:48.8359452Z Get:97 http://azure.archive.ubuntu.com/ubuntu noble/main amd64 libdv4t64 amd64 1.0.0-17.1build1 [63.2 kB]
2026-01-05T15:55:48.8870031Z Get:98 http://azure.archive.ubuntu.com/ubuntu noble-updates/main amd64 libgstreamer-plugins-good1.0-0 amd64 1.24.2-1ubuntu1.2 [33.0 kB]
2026-01-05T15:55:48.9377444Z Get:99 http://azure.archive.ubuntu.com/ubuntu noble/main amd64 libiec61883-0 amd64 1.2.0-6build1 [24.5 kB]
2026-01-05T15:55:48.9888425Z Get:100 http://azure.archive.ubuntu.com/ubuntu noble/main amd64 libshout3 amd64 2.4.6-1build2 [50.3 kB]
2026-01-05T15:55:49.0422032Z Get:101 http://azure.archive.ubuntu.com/ubuntu noble/main amd64 libtag1v5-vanilla amd64 1.13.1-1build1 [326 kB]
2026-01-05T15:55:49.0952790Z Get:102 http://azure.archive.ubuntu.com/ubuntu noble/main amd64 libtag1v5 amd64 1.13.1-1build1 [11.7 kB]
2026-01-05T15:55:49.1485031Z Get:103 http://azure.archive.ubuntu.com/ubuntu noble/main amd64 libv4lconvert0t64 amd64 1.26.1-4build3 [87.6 kB]
2026-01-05T15:55:49.2011064Z Get:104 http://azure.archive.ubuntu.com/ubuntu noble/main amd64 libv4l-0t64 amd64 1.26.1-4build3 [46.9 kB]
2026-01-05T15:55:49.2522124Z Get:105 http://azure.archive.ubuntu.com/ubuntu noble/main amd64 libwavpack1 amd64 5.6.0-1build1 [84.6 kB]
2026-01-05T15:55:49.3039742Z Get:106 http://azure.archive.ubuntu.com/ubuntu noble-updates/main amd64 libsoup-3.0-common all 3.4.4-5ubuntu0.6 [11.4 kB]
2026-01-05T15:55:49.3545048Z Get:107 http://azure.archive.ubuntu.com/ubuntu noble-updates/main amd64 libsoup-3.0-0 amd64 3.4.4-5ubuntu0.6 [291 kB]
2026-01-05T15:55:49.4102184Z Get:108 http://azure.archive.ubuntu.com/ubuntu noble-updates/main amd64 gstreamer1.0-plugins-good amd64 1.24.2-1ubuntu1.2 [2238 kB]
2026-01-05T15:55:49.4798536Z Get:109 http://azure.archive.ubuntu.com/ubuntu noble-updates/main amd64 libabsl20220623t64 amd64 20220623.1-3.1ubuntu3.2 [423 kB]
2026-01-05T15:55:49.5313586Z Get:110 http://azure.archive.ubuntu.com/ubuntu noble/universe amd64 libgav1-1 amd64 0.18.0-1build3 [357 kB]
2026-01-05T15:55:49.5826735Z Get:111 http://azure.archive.ubuntu.com/ubuntu noble/universe amd64 libyuv0 amd64 0.0~git202401110.af6ac82-1 [178 kB]
2026-01-05T15:55:49.6310322Z Get:112 http://azure.archive.ubuntu.com/ubuntu noble/universe amd64 libavif16 amd64 1.0.4-1ubuntu3 [91.2 kB]
2026-01-05T15:55:49.6786932Z Get:113 http://azure.archive.ubuntu.com/ubuntu noble/universe amd64 libavtp0 amd64 0.2.0-1build1 [6414 B]
2026-01-05T15:55:49.7256173Z Get:114 http://azure.archive.ubuntu.com/ubuntu noble/main amd64 libcairo-script-interpreter2 amd64 1.18.0-3build1 [60.3 kB]
2026-01-05T15:55:49.7802882Z Get:115 http://azure.archive.ubuntu.com/ubuntu noble/universe amd64 libdc1394-25 amd64 2.2.6-4build1 [90.1 kB]
2026-01-05T15:55:49.8277603Z Get:116 http://azure.archive.ubuntu.com/ubuntu noble/main amd64 libdecor-0-0 amd64 0.2.2-1build2 [16.5 kB]
2026-01-05T15:55:49.8745244Z Get:117 http://azure.archive.ubuntu.com/ubuntu noble/main amd64 libgles2 amd64 1.7.0-1build1 [17.1 kB]
2026-01-05T15:55:49.9219278Z Get:118 http://azure.archive.ubuntu.com/ubuntu noble/universe amd64 libdirectfb-1.7-7t64 amd64 1.7.7-11.1ubuntu2 [1035 kB]
2026-01-05T15:55:49.9826501Z Get:119 http://azure.archive.ubuntu.com/ubuntu noble/universe amd64 libdvdread8t64 amd64 6.1.3-1.1build1 [54.7 kB]
2026-01-05T15:55:50.0300270Z Get:120 http://azure.archive.ubuntu.com/ubuntu noble/universe amd64 libdvdnav4 amd64 6.1.1-3build1 [39.5 kB]
2026-01-05T15:55:50.0783015Z Get:121 http://azure.archive.ubuntu.com/ubuntu noble-updates/main amd64 libegl-mesa0 amd64 25.0.7-0ubuntu0.24.04.2 [124 kB]
2026-01-05T15:55:50.1278624Z Get:122 http://azure.archive.ubuntu.com/ubuntu noble/main amd64 libevent-2.1-7t64 amd64 2.1.12-stable-9ubuntu2 [145 kB]
2026-01-05T15:55:50.1769220Z Get:123 http://azure.archive.ubuntu.com/ubuntu noble/universe amd64 libfaad2 amd64 2.11.1-1build1 [207 kB]
2026-01-05T15:55:50.2279341Z Get:124 http://azure.archive.ubuntu.com/ubuntu noble/universe amd64 libinstpatch-1.0-2 amd64 1.1.6-1build2 [251 kB]
2026-01-05T15:55:50.2780944Z Get:125 http://azure.archive.ubuntu.com/ubuntu noble/main amd64 libjack-jackd2-0 amd64 1.9.21~dfsg-3ubuntu3 [289 kB]
2026-01-05T15:55:50.3274419Z Get:126 http://azure.archive.ubuntu.com/ubuntu noble/main amd64 libwebrtc-audio-processing1 amd64 0.3.1-0ubuntu6 [290 kB]
2026-01-05T15:55:50.3765683Z Get:127 http://azure.archive.ubuntu.com/ubuntu noble-updates/main amd64 libspa-0.2-modules amd64 1.0.5-1ubuntu3.2 [627 kB]
2026-01-05T15:55:50.4311129Z Get:128 http://azure.archive.ubuntu.com/ubuntu noble-updates/main amd64 libpipewire-0.3-0t64 amd64 1.0.5-1ubuntu3.2 [252 kB]
2026-01-05T15:55:50.4818477Z Get:129 http://azure.archive.ubuntu.com/ubuntu noble-updates/main amd64 libsdl2-2.0-0 amd64 2.30.0+dfsg-1ubuntu3.1 [686 kB]
2026-01-05T15:55:50.5375926Z Get:130 http://azure.archive.ubuntu.com/ubuntu noble/universe amd64 timgm6mb-soundfont all 1.3-5 [5427 kB]
2026-01-05T15:55:50.6630907Z Get:131 http://azure.archive.ubuntu.com/ubuntu noble/universe amd64 libfluidsynth3 amd64 2.3.4-1build3 [249 kB]
2026-01-05T15:55:50.7125595Z Get:132 http://azure.archive.ubuntu.com/ubuntu noble/main amd64 libfreeaptx0 amd64 0.1.1-2build1 [13.5 kB]
2026-01-05T15:55:50.7591986Z Get:133 http://azure.archive.ubuntu.com/ubuntu noble/main amd64 libgraphene-1.0-0 amd64 1.10.8-3build2 [46.2 kB]
2026-01-05T15:55:50.8060940Z Get:134 http://azure.archive.ubuntu.com/ubuntu noble/main amd64 libgssdp-1.6-0 amd64 1.6.3-1build3 [40.4 kB]
2026-01-05T15:55:50.8533000Z Get:135 http://azure.archive.ubuntu.com/ubuntu noble/main amd64 libegl1 amd64 1.7.0-1build1 [28.7 kB]
2026-01-05T15:55:50.9049836Z Get:136 http://azure.archive.ubuntu.com/ubuntu noble-updates/main amd64 libgstreamer-gl1.0-0 amd64 1.24.2-1ubuntu0.3 [214 kB]
2026-01-05T15:55:50.9541292Z Get:137 http://azure.archive.ubuntu.com/ubuntu noble-updates/main amd64 libgtk-4-common all 4.14.5+ds-0ubuntu0.7 [1496 kB]
2026-01-05T15:55:51.0206243Z Get:138 http://azure.archive.ubuntu.com/ubuntu noble-updates/main amd64 libgtk-4-1 amd64 4.14.5+ds-0ubuntu0.7 [3294 kB]
2026-01-05T15:55:51.1154955Z Get:139 http://azure.archive.ubuntu.com/ubuntu noble/main amd64 libgupnp-1.6-0 amd64 1.6.6-1build3 [92.7 kB]
2026-01-05T15:55:51.1646936Z Get:140 http://azure.archive.ubuntu.com/ubuntu noble/universe amd64 libgupnp-igd-1.6-0 amd64 1.6.0-3build3 [16.5 kB]
2026-01-05T15:55:51.2105239Z Get:141 http://azure.archive.ubuntu.com/ubuntu noble/main amd64 libharfbuzz-icu0 amd64 8.3.0-2build2 [13.3 kB]
2026-01-05T15:55:51.2572841Z Get:142 http://azure.archive.ubuntu.com/ubuntu noble/main amd64 libhyphen0 amd64 2.8.8-7build3 [26.5 kB]
2026-01-05T15:55:51.3042594Z Get:143 http://azure.archive.ubuntu.com/ubuntu noble/universe amd64 libimath-3-1-29t64 amd64 3.1.9-3.1ubuntu2 [72.2 kB]
2026-01-05T15:55:51.3513073Z Get:144 http://azure.archive.ubuntu.com/ubuntu noble/main amd64 liblc3-1 amd64 1.0.4-3build1 [69.7 kB]
2026-01-05T15:55:51.4001055Z Get:145 http://azure.archive.ubuntu.com/ubuntu noble/main amd64 libldacbt-enc2 amd64 2.0.2.3+git20200429+ed310a0-4ubuntu2 [27.1 kB]
2026-01-05T15:55:51.4489356Z Get:146 http://azure.archive.ubuntu.com/ubuntu noble-updates/main amd64 libraptor2-0 amd64 2.0.16-3ubuntu0.1 [165 kB]
2026-01-05T15:55:51.4986258Z Get:147 http://azure.archive.ubuntu.com/ubuntu noble/universe amd64 liblrdf0 amd64 0.6.1-4build1 [18.5 kB]
2026-01-05T15:55:51.5454881Z Get:148 http://azure.archive.ubuntu.com/ubuntu noble/universe amd64 libltc11 amd64 1.3.2-1build1 [13.0 kB]
2026-01-05T15:55:51.5924756Z Get:149 http://azure.archive.ubuntu.com/ubuntu noble/main amd64 libmanette-0.2-0 amd64 0.2.7-1build2 [30.6 kB]
2026-01-05T15:55:51.6392189Z Get:150 http://azure.archive.ubuntu.com/ubuntu noble/universe amd64 libmfx1 amd64 22.5.4-1 [3124 kB]
2026-01-05T15:55:51.7353389Z Get:151 http://azure.archive.ubuntu.com/ubuntu noble/universe amd64 libmjpegutils-2.1-0t64 amd64 1:2.1.0+debian-8.1build1 [25.5 kB]
2026-01-05T15:55:51.7861639Z Get:152 http://azure.archive.ubuntu.com/ubuntu noble/universe amd64 libmodplug1 amd64 1:0.8.9.0-3build1 [166 kB]
2026-01-05T15:55:51.8381850Z Get:153 http://azure.archive.ubuntu.com/ubuntu noble/universe amd64 libmpcdec6 amd64 2:0.1~r495-2build1 [32.7 kB]
2026-01-05T15:55:51.8913953Z Get:154 http://azure.archive.ubuntu.com/ubuntu noble/universe amd64 libmpeg2encpp-2.1-0t64 amd64 1:2.1.0+debian-8.1build1 [75.6 kB]
2026-01-05T15:55:51.9443484Z Get:155 http://azure.archive.ubuntu.com/ubuntu noble/universe amd64 libmplex2-2.1-0t64 amd64 1:2.1.0+debian-8.1build1 [46.1 kB]
2026-01-05T15:55:51.9955457Z Get:156 http://azure.archive.ubuntu.com/ubuntu noble/universe amd64 libneon27t64 amd64 0.33.0-1.1build3 [102 kB]
2026-01-05T15:55:52.0474307Z Get:157 http://azure.archive.ubuntu.com/ubuntu noble/universe amd64 libnice10 amd64 0.1.21-2build3 [157 kB]
2026-01-05T15:55:52.0972481Z Get:158 http://azure.archive.ubuntu.com/ubuntu noble/universe amd64 libopenal-data all 1:1.23.1-4build1 [161 kB]
2026-01-05T15:55:52.2333454Z Get:159 http://azure.archive.ubuntu.com/ubuntu noble/universe amd64 libopenexr-3-1-30 amd64 3.1.5-5.1build3 [1004 kB]
2026-01-05T15:55:52.4130039Z Get:160 http://azure.archive.ubuntu.com/ubuntu noble/universe amd64 libopenh264-7 amd64 2.4.1+dfsg-1 [409 kB]
2026-01-05T15:55:52.4698337Z Get:161 http://azure.archive.ubuntu.com/ubuntu noble/universe amd64 libopenni2-0 amd64 2.2.0.33+dfsg-18 [370 kB]
2026-01-05T15:55:52.5255788Z Get:162 http://azure.archive.ubuntu.com/ubuntu noble/universe amd64 libqrencode4 amd64 4.1.1-1build2 [25.0 kB]
2026-01-05T15:55:52.5760200Z Get:163 http://azure.archive.ubuntu.com/ubuntu noble/main amd64 libsecret-common all 0.21.4-1build3 [4962 B]
2026-01-05T15:55:52.6261094Z Get:164 http://azure.archive.ubuntu.com/ubuntu noble/main amd64 libsecret-1-0 amd64 0.21.4-1build3 [116 kB]
2026-01-05T15:55:52.6772954Z Get:165 http://azure.archive.ubuntu.com/ubuntu noble/universe amd64 libsndio7.0 amd64 1.9.0-0.3build3 [29.6 kB]
2026-01-05T15:55:52.7333041Z Get:166 http://azure.archive.ubuntu.com/ubuntu noble/universe amd64 libsoundtouch1 amd64 2.3.2+ds1-1build1 [60.5 kB]
2026-01-05T15:55:52.8286645Z Get:167 http://azure.archive.ubuntu.com/ubuntu noble/universe amd64 libspandsp2t64 amd64 0.0.6+dfsg-2.1build1 [311 kB]
2026-01-05T15:55:53.0063955Z Get:168 http://azure.archive.ubuntu.com/ubuntu noble/universe amd64 libsrtp2-1 amd64 2.5.0-3build1 [41.9 kB]
2026-01-05T15:55:53.0546995Z Get:169 http://azure.archive.ubuntu.com/ubuntu noble-updates/main amd64 libssh-4 amd64 0.10.6-2ubuntu0.2 [188 kB]
2026-01-05T15:55:53.1056686Z Get:170 http://azure.archive.ubuntu.com/ubuntu noble/universe amd64 libwildmidi2 amd64 0.4.3-1build3 [68.5 kB]
2026-01-05T15:55:53.1533087Z Get:171 http://azure.archive.ubuntu.com/ubuntu noble/main amd64 libwoff1 amd64 1.0.2-2build1 [45.3 kB]
2026-01-05T15:55:53.2004505Z Get:172 http://azure.archive.ubuntu.com/ubuntu noble/main amd64 libxcb-xkb1 amd64 1.15-1ubuntu2 [32.3 kB]
2026-01-05T15:55:53.2510474Z Get:173 http://azure.archive.ubuntu.com/ubuntu noble/main amd64 libxkbcommon-x11-0 amd64 1.6.0-1build1 [14.5 kB]
2026-01-05T15:55:53.3017552Z Get:174 http://azure.archive.ubuntu.com/ubuntu noble/universe amd64 libzbar0t64 amd64 0.23.93-4build3 [123 kB]
2026-01-05T15:55:53.3532398Z Get:175 http://azure.archive.ubuntu.com/ubuntu noble/universe amd64 libzxing3 amd64 2.2.1-3 [583 kB]
2026-01-05T15:55:53.4121977Z Get:176 http://azure.archive.ubuntu.com/ubuntu noble/main amd64 xfonts-encodings all 1:1.0.5-0ubuntu2 [578 kB]
2026-01-05T15:55:53.4719870Z Get:177 http://azure.archive.ubuntu.com/ubuntu noble/main amd64 xfonts-utils amd64 1:7.7+6build3 [94.4 kB]
2026-01-05T15:55:53.5233117Z Get:178 http://azure.archive.ubuntu.com/ubuntu noble/universe amd64 xfonts-cyrillic all 1:1.0.5+nmu1 [384 kB]
2026-01-05T15:55:53.5786532Z Get:179 http://azure.archive.ubuntu.com/ubuntu noble/main amd64 xfonts-scalable all 1:1.0.3-1.3 [304 kB]
2026-01-05T15:55:53.6323103Z Get:180 http://azure.archive.ubuntu.com/ubuntu noble/universe amd64 libgstreamer-plugins-bad1.0-0 amd64 1.24.2-1ubuntu4 [797 kB]
2026-01-05T15:55:53.6936599Z Get:181 http://azure.archive.ubuntu.com/ubuntu noble/universe amd64 libdca0 amd64 0.0.7-2build1 [93.8 kB]
2026-01-05T15:55:53.7448670Z Get:182 http://azure.archive.ubuntu.com/ubuntu noble/universe amd64 libopenal1 amd64 1:1.23.1-4build1 [540 kB]
2026-01-05T15:55:53.8026109Z Get:183 http://azure.archive.ubuntu.com/ubuntu noble/main amd64 libsbc1 amd64 2.0-1build1 [33.9 kB]
2026-01-05T15:55:53.8620255Z Get:184 http://azure.archive.ubuntu.com/ubuntu noble/universe amd64 libvo-aacenc0 amd64 0.1.3-2build1 [67.8 kB]
2026-01-05T15:55:53.9174583Z Get:185 http://azure.archive.ubuntu.com/ubuntu noble/universe amd64 libvo-amrwbenc0 amd64 0.1.3-2build1 [76.7 kB]
2026-01-05T15:55:53.9729229Z Get:186 http://azure.archive.ubuntu.com/ubuntu noble/universe amd64 gstreamer1.0-plugins-bad amd64 1.24.2-1ubuntu4 [3081 kB]
2026-01-05T15:55:54.4599781Z Fetched 116 MB in 12s (9798 kB/s)
2026-01-05T15:55:54.4897883Z Selecting previously unselected package fonts-ipafont-gothic.
2026-01-05T15:55:54.5316461Z (Reading database ... 
2026-01-05T15:55:54.5317062Z (Reading database ... 5%
2026-01-05T15:55:54.5317585Z (Reading database ... 10%
2026-01-05T15:55:54.5318129Z (Reading database ... 15%
2026-01-05T15:55:54.5318617Z (Reading database ... 20%
2026-01-05T15:55:54.5319107Z (Reading database ... 25%
2026-01-05T15:55:54.5319438Z (Reading database ... 30%
2026-01-05T15:55:54.5319769Z (Reading database ... 35%
2026-01-05T15:55:54.5320088Z (Reading database ... 40%
2026-01-05T15:55:54.5320414Z (Reading database ... 45%
2026-01-05T15:55:54.5321043Z (Reading database ... 50%
2026-01-05T15:55:54.5453815Z (Reading database ... 55%
2026-01-05T15:55:54.6307264Z (Reading database ... 60%
2026-01-05T15:55:54.7152964Z (Reading database ... 65%
2026-01-05T15:55:54.7783353Z (Reading database ... 70%
2026-01-05T15:55:54.8417782Z (Reading database ... 75%
2026-01-05T15:55:54.9360915Z (Reading database ... 80%
2026-01-05T15:55:55.1134014Z (Reading database ... 85%
2026-01-05T15:55:55.2869552Z (Reading database ... 90%
2026-01-05T15:55:55.4672073Z (Reading database ... 95%
2026-01-05T15:55:55.4672733Z (Reading database ... 100%
2026-01-05T15:55:55.4673657Z (Reading database ... 217374 files and directories currently installed.)
2026-01-05T15:55:55.4721526Z Preparing to unpack .../000-fonts-ipafont-gothic_00303-21ubuntu1_all.deb ...
2026-01-05T15:55:55.4811696Z Unpacking fonts-ipafont-gothic (00303-21ubuntu1) ...
2026-01-05T15:55:55.7225146Z Preparing to unpack .../001-libglib2.0-data_2.80.0-6ubuntu3.5_all.deb ...
2026-01-05T15:55:55.7261191Z Unpacking libglib2.0-data (2.80.0-6ubuntu3.5) over (2.80.0-6ubuntu3.4) ...
2026-01-05T15:55:55.7678737Z Preparing to unpack .../002-libglib2.0-bin_2.80.0-6ubuntu3.5_amd64.deb ...
2026-01-05T15:55:55.7709075Z Unpacking libglib2.0-bin (2.80.0-6ubuntu3.5) over (2.80.0-6ubuntu3.4) ...
2026-01-05T15:55:55.8414748Z Preparing to unpack .../003-gir1.2-glib-2.0_2.80.0-6ubuntu3.5_amd64.deb ...
2026-01-05T15:55:55.8445931Z Unpacking gir1.2-glib-2.0:amd64 (2.80.0-6ubuntu3.5) over (2.80.0-6ubuntu3.4) ...
2026-01-05T15:55:55.8878479Z Preparing to unpack .../004-libglib2.0-0t64_2.80.0-6ubuntu3.5_amd64.deb ...
2026-01-05T15:55:55.8956946Z Unpacking libglib2.0-0t64:amd64 (2.80.0-6ubuntu3.5) over (2.80.0-6ubuntu3.4) ...
2026-01-05T15:55:55.9562635Z Preparing to unpack .../005-libpng16-16t64_1.6.43-5ubuntu0.1_amd64.deb ...
2026-01-05T15:55:55.9636961Z Unpacking libpng16-16t64:amd64 (1.6.43-5ubuntu0.1) over (1.6.43-5build1) ...
2026-01-05T15:55:55.9942292Z Selecting previously unselected package fonts-freefont-ttf.
2026-01-05T15:55:56.0083213Z Preparing to unpack .../006-fonts-freefont-ttf_20211204+svn4273-2_all.deb ...
2026-01-05T15:55:56.0092037Z Unpacking fonts-freefont-ttf (20211204+svn4273-2) ...
2026-01-05T15:55:56.0954821Z Selecting previously unselected package fonts-tlwg-loma-otf.
2026-01-05T15:55:56.1092754Z Preparing to unpack .../007-fonts-tlwg-loma-otf_1%3a0.7.3-1_all.deb ...
2026-01-05T15:55:56.1101966Z Unpacking fonts-tlwg-loma-otf (1:0.7.3-1) ...
2026-01-05T15:55:56.1322508Z Selecting previously unselected package fonts-unifont.
2026-01-05T15:55:56.1458446Z Preparing to unpack .../008-fonts-unifont_1%3a15.1.01-1build1_all.deb ...
2026-01-05T15:55:56.1471420Z Unpacking fonts-unifont (1:15.1.01-1build1) ...
2026-01-05T15:55:56.2700915Z Selecting previously unselected package fonts-wqy-zenhei.
2026-01-05T15:55:56.2840812Z Preparing to unpack .../009-fonts-wqy-zenhei_0.9.45-8_all.deb ...
2026-01-05T15:55:56.2950962Z Unpacking fonts-wqy-zenhei (0.9.45-8) ...
2026-01-05T15:55:56.7544074Z Selecting previously unselected package libproxy1v5:amd64.
2026-01-05T15:55:56.7678448Z Preparing to unpack .../010-libproxy1v5_0.5.4-4build1_amd64.deb ...
2026-01-05T15:55:56.7691246Z Unpacking libproxy1v5:amd64 (0.5.4-4build1) ...
2026-01-05T15:55:56.7947609Z Selecting previously unselected package glib-networking-common.
2026-01-05T15:55:56.8081876Z Preparing to unpack .../011-glib-networking-common_2.80.0-1build1_all.deb ...
2026-01-05T15:55:56.8093969Z Unpacking glib-networking-common (2.80.0-1build1) ...
2026-01-05T15:55:56.8295280Z Selecting previously unselected package glib-networking-services.
2026-01-05T15:55:56.8430710Z Preparing to unpack .../012-glib-networking-services_2.80.0-1build1_amd64.deb ...
2026-01-05T15:55:56.8446507Z Unpacking glib-networking-services (2.80.0-1build1) ...
2026-01-05T15:55:56.8678091Z Selecting previously unselected package session-migration.
2026-01-05T15:55:56.8813249Z Preparing to unpack .../013-session-migration_0.3.9build1_amd64.deb ...
2026-01-05T15:55:56.8822281Z Unpacking session-migration (0.3.9build1) ...
2026-01-05T15:55:56.9048118Z Selecting previously unselected package gsettings-desktop-schemas.
2026-01-05T15:55:56.9182335Z Preparing to unpack .../014-gsettings-desktop-schemas_46.1-0ubuntu1_all.deb ...
2026-01-05T15:55:56.9192011Z Unpacking gsettings-desktop-schemas (46.1-0ubuntu1) ...
2026-01-05T15:55:56.9463715Z Selecting previously unselected package glib-networking:amd64.
2026-01-05T15:55:56.9600787Z Preparing to unpack .../015-glib-networking_2.80.0-1build1_amd64.deb ...
2026-01-05T15:55:56.9611096Z Unpacking glib-networking:amd64 (2.80.0-1build1) ...
2026-01-05T15:55:56.9844947Z Selecting previously unselected package libva2:amd64.
2026-01-05T15:55:56.9982132Z Preparing to unpack .../016-libva2_2.20.0-2build1_amd64.deb ...
2026-01-05T15:55:56.9991587Z Unpacking libva2:amd64 (2.20.0-2build1) ...
2026-01-05T15:55:57.0226329Z Selecting previously unselected package libva-drm2:amd64.
2026-01-05T15:55:57.0362665Z Preparing to unpack .../017-libva-drm2_2.20.0-2build1_amd64.deb ...
2026-01-05T15:55:57.0371776Z Unpacking libva-drm2:amd64 (2.20.0-2build1) ...
2026-01-05T15:55:57.0594675Z Selecting previously unselected package libva-x11-2:amd64.
2026-01-05T15:55:57.0732861Z Preparing to unpack .../018-libva-x11-2_2.20.0-2build1_amd64.deb ...
2026-01-05T15:55:57.0742093Z Unpacking libva-x11-2:amd64 (2.20.0-2build1) ...
2026-01-05T15:55:57.0976034Z Selecting previously unselected package libvdpau1:amd64.
2026-01-05T15:55:57.1110340Z Preparing to unpack .../019-libvdpau1_1.5-2build1_amd64.deb ...
2026-01-05T15:55:57.1120727Z Unpacking libvdpau1:amd64 (1.5-2build1) ...
2026-01-05T15:55:57.1348153Z Selecting previously unselected package libvpl2.
2026-01-05T15:55:57.1483228Z Preparing to unpack .../020-libvpl2_2023.3.0-1build1_amd64.deb ...
2026-01-05T15:55:57.1494044Z Unpacking libvpl2 (2023.3.0-1build1) ...
2026-01-05T15:55:57.1741024Z Selecting previously unselected package ocl-icd-libopencl1:amd64.
2026-01-05T15:55:57.1877082Z Preparing to unpack .../021-ocl-icd-libopencl1_2.3.2-1build1_amd64.deb ...
2026-01-05T15:55:57.1888457Z Unpacking ocl-icd-libopencl1:amd64 (2.3.2-1build1) ...
2026-01-05T15:55:57.2154385Z Selecting previously unselected package libavutil58:amd64.
2026-01-05T15:55:57.2290161Z Preparing to unpack .../022-libavutil58_7%3a6.1.1-3ubuntu5_amd64.deb ...
2026-01-05T15:55:57.2300339Z Unpacking libavutil58:amd64 (7:6.1.1-3ubuntu5) ...
2026-01-05T15:55:57.2573081Z Selecting previously unselected package libcodec2-1.2:amd64.
2026-01-05T15:55:57.2708409Z Preparing to unpack .../023-libcodec2-1.2_1.2.0-2build1_amd64.deb ...
2026-01-05T15:55:57.2716591Z Unpacking libcodec2-1.2:amd64 (1.2.0-2build1) ...
2026-01-05T15:55:57.3524935Z Selecting previously unselected package libdav1d7:amd64.
2026-01-05T15:55:57.3661891Z Preparing to unpack .../024-libdav1d7_1.4.1-1build1_amd64.deb ...
2026-01-05T15:55:57.3670480Z Unpacking libdav1d7:amd64 (1.4.1-1build1) ...
2026-01-05T15:55:57.3961351Z Selecting previously unselected package libgsm1:amd64.
2026-01-05T15:55:57.4098705Z Preparing to unpack .../025-libgsm1_1.0.22-1build1_amd64.deb ...
2026-01-05T15:55:57.4109272Z Unpacking libgsm1:amd64 (1.0.22-1build1) ...
2026-01-05T15:55:57.4336169Z Selecting previously unselected package libhwy1t64:amd64.
2026-01-05T15:55:57.4470094Z Preparing to unpack .../026-libhwy1t64_1.0.7-8.1build1_amd64.deb ...
2026-01-05T15:55:57.4479859Z Unpacking libhwy1t64:amd64 (1.0.7-8.1build1) ...
2026-01-05T15:55:57.4815374Z Selecting previously unselected package libjxl0.7:amd64.
2026-01-05T15:55:57.4949760Z Preparing to unpack .../027-libjxl0.7_0.7.0-10.2ubuntu6.1_amd64.deb ...
2026-01-05T15:55:57.4959259Z Unpacking libjxl0.7:amd64 (0.7.0-10.2ubuntu6.1) ...
2026-01-05T15:55:57.5320306Z Selecting previously unselected package libmp3lame0:amd64.
2026-01-05T15:55:57.5456168Z Preparing to unpack .../028-libmp3lame0_3.100-6build1_amd64.deb ...
2026-01-05T15:55:57.5464827Z Unpacking libmp3lame0:amd64 (3.100-6build1) ...
2026-01-05T15:55:57.5710950Z Selecting previously unselected package libopus0:amd64.
2026-01-05T15:55:57.5849701Z Preparing to unpack .../029-libopus0_1.4-1build1_amd64.deb ...
2026-01-05T15:55:57.5861065Z Unpacking libopus0:amd64 (1.4-1build1) ...
2026-01-05T15:55:57.6211897Z Selecting previously unselected package librav1e0:amd64.
2026-01-05T15:55:57.6348069Z Preparing to unpack .../030-librav1e0_0.7.1-2_amd64.deb ...
2026-01-05T15:55:57.6358689Z Unpacking librav1e0:amd64 (0.7.1-2) ...
2026-01-05T15:55:57.6716634Z Selecting previously unselected package librsvg2-2:amd64.
2026-01-05T15:55:57.6852568Z Preparing to unpack .../031-librsvg2-2_2.58.0+dfsg-1build1_amd64.deb ...
2026-01-05T15:55:57.6862332Z Unpacking librsvg2-2:amd64 (2.58.0+dfsg-1build1) ...
2026-01-05T15:55:57.7361864Z Selecting previously unselected package libshine3:amd64.
2026-01-05T15:55:57.7498567Z Preparing to unpack .../032-libshine3_3.1.1-2build1_amd64.deb ...
2026-01-05T15:55:57.7506764Z Unpacking libshine3:amd64 (3.1.1-2build1) ...
2026-01-05T15:55:57.7725825Z Selecting previously unselected package libspeex1:amd64.
2026-01-05T15:55:57.7861971Z Preparing to unpack .../033-libspeex1_1.2.1-2ubuntu2.24.04.1_amd64.deb ...
2026-01-05T15:55:57.7871269Z Unpacking libspeex1:amd64 (1.2.1-2ubuntu2.24.04.1) ...
2026-01-05T15:55:57.8097895Z Selecting previously unselected package libsvtav1enc1d1:amd64.
2026-01-05T15:55:57.8233101Z Preparing to unpack .../034-libsvtav1enc1d1_1.7.0+dfsg-2build1_amd64.deb ...
2026-01-05T15:55:57.8241611Z Unpacking libsvtav1enc1d1:amd64 (1.7.0+dfsg-2build1) ...
2026-01-05T15:55:57.8760443Z Selecting previously unselected package libsoxr0:amd64.
2026-01-05T15:55:57.8896432Z Preparing to unpack .../035-libsoxr0_0.1.3-4build3_amd64.deb ...
2026-01-05T15:55:57.8910758Z Unpacking libsoxr0:amd64 (0.1.3-4build3) ...
2026-01-05T15:55:57.9153972Z Selecting previously unselected package libswresample4:amd64.
2026-01-05T15:55:57.9290647Z Preparing to unpack .../036-libswresample4_7%3a6.1.1-3ubuntu5_amd64.deb ...
2026-01-05T15:55:57.9300395Z Unpacking libswresample4:amd64 (7:6.1.1-3ubuntu5) ...
2026-01-05T15:55:57.9543191Z Selecting previously unselected package libtheora0:amd64.
2026-01-05T15:55:57.9679316Z Preparing to unpack .../037-libtheora0_1.1.1+dfsg.1-16.1build3_amd64.deb ...
2026-01-05T15:55:57.9690730Z Unpacking libtheora0:amd64 (1.1.1+dfsg.1-16.1build3) ...
2026-01-05T15:55:57.9947764Z Selecting previously unselected package libtwolame0:amd64.
2026-01-05T15:55:58.0083129Z Preparing to unpack .../038-libtwolame0_0.4.0-2build3_amd64.deb ...
2026-01-05T15:55:58.0092285Z Unpacking libtwolame0:amd64 (0.4.0-2build3) ...
2026-01-05T15:55:58.0319011Z Selecting previously unselected package libvorbisenc2:amd64.
2026-01-05T15:55:58.0454216Z Preparing to unpack .../039-libvorbisenc2_1.3.7-1build3_amd64.deb ...
2026-01-05T15:55:58.0464338Z Unpacking libvorbisenc2:amd64 (1.3.7-1build3) ...
2026-01-05T15:55:58.0732891Z Selecting previously unselected package libvpx9:amd64.
2026-01-05T15:55:58.0874278Z Preparing to unpack .../040-libvpx9_1.14.0-1ubuntu2.2_amd64.deb ...
2026-01-05T15:55:58.0885723Z Unpacking libvpx9:amd64 (1.14.0-1ubuntu2.2) ...
2026-01-05T15:55:58.1266471Z Selecting previously unselected package libx264-164:amd64.
2026-01-05T15:55:58.1401474Z Preparing to unpack .../041-libx264-164_2%3a0.164.3108+git31e19f9-1_amd64.deb ...
2026-01-05T15:55:58.1411289Z Unpacking libx264-164:amd64 (2:0.164.3108+git31e19f9-1) ...
2026-01-05T15:55:58.1728536Z Selecting previously unselected package libx265-199:amd64.
2026-01-05T15:55:58.1863629Z Preparing to unpack .../042-libx265-199_3.5-2build1_amd64.deb ...
2026-01-05T15:55:58.1877994Z Unpacking libx265-199:amd64 (3.5-2build1) ...
2026-01-05T15:55:58.2632416Z Selecting previously unselected package libxvidcore4:amd64.
2026-01-05T15:55:58.2767966Z Preparing to unpack .../043-libxvidcore4_2%3a1.3.7-1build1_amd64.deb ...
2026-01-05T15:55:58.2777850Z Unpacking libxvidcore4:amd64 (2:1.3.7-1build1) ...
2026-01-05T15:55:58.3025891Z Selecting previously unselected package libzvbi-common.
2026-01-05T15:55:58.3161622Z Preparing to unpack .../044-libzvbi-common_0.2.42-2_all.deb ...
2026-01-05T15:55:58.3173131Z Unpacking libzvbi-common (0.2.42-2) ...
2026-01-05T15:55:58.3536798Z Selecting previously unselected package libzvbi0t64:amd64.
2026-01-05T15:55:58.3672457Z Preparing to unpack .../045-libzvbi0t64_0.2.42-2_amd64.deb ...
2026-01-05T15:55:58.3682311Z Unpacking libzvbi0t64:amd64 (0.2.42-2) ...
2026-01-05T15:55:58.3950926Z Selecting previously unselected package libavcodec60:amd64.
2026-01-05T15:55:58.4085952Z Preparing to unpack .../046-libavcodec60_7%3a6.1.1-3ubuntu5_amd64.deb ...
2026-01-05T15:55:58.4095863Z Unpacking libavcodec60:amd64 (7:6.1.1-3ubuntu5) ...
2026-01-05T15:55:58.5004202Z Selecting previously unselected package libunibreak5:amd64.
2026-01-05T15:55:58.5139874Z Preparing to unpack .../047-libunibreak5_5.1-2build1_amd64.deb ...
2026-01-05T15:55:58.5154336Z Unpacking libunibreak5:amd64 (5.1-2build1) ...
2026-01-05T15:55:58.5388031Z Selecting previously unselected package libass9:amd64.
2026-01-05T15:55:58.5523086Z Preparing to unpack .../048-libass9_1%3a0.17.1-2build1_amd64.deb ...
2026-01-05T15:55:58.5533390Z Unpacking libass9:amd64 (1:0.17.1-2build1) ...
2026-01-05T15:55:58.5771649Z Selecting previously unselected package libudfread0:amd64.
2026-01-05T15:55:58.5905945Z Preparing to unpack .../049-libudfread0_1.1.2-1build1_amd64.deb ...
2026-01-05T15:55:58.5920002Z Unpacking libudfread0:amd64 (1.1.2-1build1) ...
2026-01-05T15:55:58.6143080Z Selecting previously unselected package libbluray2:amd64.
2026-01-05T15:55:58.6278649Z Preparing to unpack .../050-libbluray2_1%3a1.3.4-1build1_amd64.deb ...
2026-01-05T15:55:58.6290915Z Unpacking libbluray2:amd64 (1:1.3.4-1build1) ...
2026-01-05T15:55:58.6525825Z Selecting previously unselected package libchromaprint1:amd64.
2026-01-05T15:55:58.6659809Z Preparing to unpack .../051-libchromaprint1_1.5.1-5_amd64.deb ...
2026-01-05T15:55:58.6669197Z Unpacking libchromaprint1:amd64 (1.5.1-5) ...
2026-01-05T15:55:58.6891448Z Selecting previously unselected package libgme0:amd64.
2026-01-05T15:55:58.7026016Z Preparing to unpack .../052-libgme0_0.6.3-7build1_amd64.deb ...
2026-01-05T15:55:58.7035840Z Unpacking libgme0:amd64 (0.6.3-7build1) ...
2026-01-05T15:55:58.7271072Z Selecting previously unselected package libmpg123-0t64:amd64.
2026-01-05T15:55:58.7410000Z Preparing to unpack .../053-libmpg123-0t64_1.32.5-1ubuntu1.1_amd64.deb ...
2026-01-05T15:55:58.7420169Z Unpacking libmpg123-0t64:amd64 (1.32.5-1ubuntu1.1) ...
2026-01-05T15:55:58.7661423Z Selecting previously unselected package libopenmpt0t64:amd64.
2026-01-05T15:55:58.7797922Z Preparing to unpack .../054-libopenmpt0t64_0.7.3-1.1build3_amd64.deb ...
2026-01-05T15:55:58.7806208Z Unpacking libopenmpt0t64:amd64 (0.7.3-1.1build3) ...
2026-01-05T15:55:58.8121689Z Selecting previously unselected package libcjson1:amd64.
2026-01-05T15:55:58.8257685Z Preparing to unpack .../055-libcjson1_1.7.17-1_amd64.deb ...
2026-01-05T15:55:58.8270704Z Unpacking libcjson1:amd64 (1.7.17-1) ...
2026-01-05T15:55:58.8515178Z Selecting previously unselected package libmbedcrypto7t64:amd64.
2026-01-05T15:55:58.8650698Z Preparing to unpack .../056-libmbedcrypto7t64_2.28.8-1_amd64.deb ...
2026-01-05T15:55:58.8661109Z Unpacking libmbedcrypto7t64:amd64 (2.28.8-1) ...
2026-01-05T15:55:58.8922410Z Selecting previously unselected package librist4:amd64.
2026-01-05T15:55:58.9057500Z Preparing to unpack .../057-librist4_0.2.10+dfsg-2_amd64.deb ...
2026-01-05T15:55:58.9066409Z Unpacking librist4:amd64 (0.2.10+dfsg-2) ...
2026-01-05T15:55:58.9307399Z Selecting previously unselected package libsrt1.5-gnutls:amd64.
2026-01-05T15:55:58.9443397Z Preparing to unpack .../058-libsrt1.5-gnutls_1.5.3-1build2_amd64.deb ...
2026-01-05T15:55:58.9453646Z Unpacking libsrt1.5-gnutls:amd64 (1.5.3-1build2) ...
2026-01-05T15:55:58.9743292Z Selecting previously unselected package libssh-gcrypt-4:amd64.
2026-01-05T15:55:58.9883221Z Preparing to unpack .../059-libssh-gcrypt-4_0.10.6-2ubuntu0.2_amd64.deb ...
2026-01-05T15:55:58.9894710Z Unpacking libssh-gcrypt-4:amd64 (0.10.6-2ubuntu0.2) ...
2026-01-05T15:55:59.0164438Z Selecting previously unselected package libavformat60:amd64.
2026-01-05T15:55:59.0303594Z Preparing to unpack .../060-libavformat60_7%3a6.1.1-3ubuntu5_amd64.deb ...
2026-01-05T15:55:59.0313613Z Unpacking libavformat60:amd64 (7:6.1.1-3ubuntu5) ...
2026-01-05T15:55:59.0664214Z Selecting previously unselected package libbs2b0:amd64.
2026-01-05T15:55:59.0800276Z Preparing to unpack .../061-libbs2b0_3.1.0+dfsg-7build1_amd64.deb ...
2026-01-05T15:55:59.0810913Z Unpacking libbs2b0:amd64 (3.1.0+dfsg-7build1) ...
2026-01-05T15:55:59.1061451Z Selecting previously unselected package libflite1:amd64.
2026-01-05T15:55:59.1197537Z Preparing to unpack .../062-libflite1_2.2-6build3_amd64.deb ...
2026-01-05T15:55:59.1207769Z Unpacking libflite1:amd64 (2.2-6build3) ...
2026-01-05T15:55:59.2427888Z Selecting previously unselected package libserd-0-0:amd64.
2026-01-05T15:55:59.2562610Z Preparing to unpack .../063-libserd-0-0_0.32.2-1_amd64.deb ...
2026-01-05T15:55:59.2571983Z Unpacking libserd-0-0:amd64 (0.32.2-1) ...
2026-01-05T15:55:59.2795443Z Selecting previously unselected package libzix-0-0:amd64.
2026-01-05T15:55:59.2930581Z Preparing to unpack .../064-libzix-0-0_0.4.2-2build1_amd64.deb ...
2026-01-05T15:55:59.2940167Z Unpacking libzix-0-0:amd64 (0.4.2-2build1) ...
2026-01-05T15:55:59.3184208Z Selecting previously unselected package libsord-0-0:amd64.
2026-01-05T15:55:59.3319237Z Preparing to unpack .../065-libsord-0-0_0.16.16-2build1_amd64.deb ...
2026-01-05T15:55:59.3330177Z Unpacking libsord-0-0:amd64 (0.16.16-2build1) ...
2026-01-05T15:55:59.3546382Z Selecting previously unselected package libsratom-0-0:amd64.
2026-01-05T15:55:59.3681160Z Preparing to unpack .../066-libsratom-0-0_0.6.16-1build1_amd64.deb ...
2026-01-05T15:55:59.3690719Z Unpacking libsratom-0-0:amd64 (0.6.16-1build1) ...
2026-01-05T15:55:59.3926976Z Selecting previously unselected package liblilv-0-0:amd64.
2026-01-05T15:55:59.4061280Z Preparing to unpack .../067-liblilv-0-0_0.24.22-1build1_amd64.deb ...
2026-01-05T15:55:59.4071998Z Unpacking liblilv-0-0:amd64 (0.24.22-1build1) ...
2026-01-05T15:55:59.4313186Z Selecting previously unselected package libmysofa1:amd64.
2026-01-05T15:55:59.4448052Z Preparing to unpack .../068-libmysofa1_1.3.2+dfsg-2ubuntu2_amd64.deb ...
2026-01-05T15:55:59.4460625Z Unpacking libmysofa1:amd64 (1.3.2+dfsg-2ubuntu2) ...
2026-01-05T15:55:59.4735872Z Selecting previously unselected package libplacebo338:amd64.
2026-01-05T15:55:59.4871845Z Preparing to unpack .../069-libplacebo338_6.338.2-2build1_amd64.deb ...
2026-01-05T15:55:59.4882917Z Unpacking libplacebo338:amd64 (6.338.2-2build1) ...
2026-01-05T15:55:59.5525121Z Selecting previously unselected package libblas3:amd64.
2026-01-05T15:55:59.5660656Z Preparing to unpack .../070-libblas3_3.12.0-3build1.1_amd64.deb ...
2026-01-05T15:55:59.5696303Z Unpacking libblas3:amd64 (3.12.0-3build1.1) ...
2026-01-05T15:55:59.5973818Z Selecting previously unselected package liblapack3:amd64.
2026-01-05T15:55:59.6111051Z Preparing to unpack .../071-liblapack3_3.12.0-3build1.1_amd64.deb ...
2026-01-05T15:55:59.6143667Z Unpacking liblapack3:amd64 (3.12.0-3build1.1) ...
2026-01-05T15:55:59.6716916Z Selecting previously unselected package libasyncns0:amd64.
2026-01-05T15:55:59.6855967Z Preparing to unpack .../072-libasyncns0_0.8-6build4_amd64.deb ...
2026-01-05T15:55:59.6866804Z Unpacking libasyncns0:amd64 (0.8-6build4) ...
2026-01-05T15:55:59.7104694Z Selecting previously unselected package libflac12t64:amd64.
2026-01-05T15:55:59.7242235Z Preparing to unpack .../073-libflac12t64_1.4.3+ds-2.1ubuntu2_amd64.deb ...
2026-01-05T15:55:59.7253166Z Unpacking libflac12t64:amd64 (1.4.3+ds-2.1ubuntu2) ...
2026-01-05T15:55:59.7538000Z Selecting previously unselected package libsndfile1:amd64.
2026-01-05T15:55:59.7675706Z Preparing to unpack .../074-libsndfile1_1.2.2-1ubuntu5.24.04.1_amd64.deb ...
2026-01-05T15:55:59.7685281Z Unpacking libsndfile1:amd64 (1.2.2-1ubuntu5.24.04.1) ...
2026-01-05T15:55:59.7983061Z Selecting previously unselected package libpulse0:amd64.
2026-01-05T15:55:59.8119210Z Preparing to unpack .../075-libpulse0_1%3a16.1+dfsg1-2ubuntu10.1_amd64.deb ...
2026-01-05T15:55:59.8185811Z Unpacking libpulse0:amd64 (1:16.1+dfsg1-2ubuntu10.1) ...
2026-01-05T15:55:59.8472467Z Selecting previously unselected package libsphinxbase3t64:amd64.
2026-01-05T15:55:59.8613109Z Preparing to unpack .../076-libsphinxbase3t64_0.8+5prealpha+1-17build2_amd64.deb ...
2026-01-05T15:55:59.8627100Z Unpacking libsphinxbase3t64:amd64 (0.8+5prealpha+1-17build2) ...
2026-01-05T15:55:59.8878685Z Selecting previously unselected package libpocketsphinx3:amd64.
2026-01-05T15:55:59.9014335Z Preparing to unpack .../077-libpocketsphinx3_0.8.0+real5prealpha+1-15ubuntu5_amd64.deb ...
2026-01-05T15:55:59.9025988Z Unpacking libpocketsphinx3:amd64 (0.8.0+real5prealpha+1-15ubuntu5) ...
2026-01-05T15:55:59.9426338Z Selecting previously unselected package libpostproc57:amd64.
2026-01-05T15:55:59.9563289Z Preparing to unpack .../078-libpostproc57_7%3a6.1.1-3ubuntu5_amd64.deb ...
2026-01-05T15:55:59.9574977Z Unpacking libpostproc57:amd64 (7:6.1.1-3ubuntu5) ...
2026-01-05T15:55:59.9848534Z Selecting previously unselected package libsamplerate0:amd64.
2026-01-05T15:55:59.9986600Z Preparing to unpack .../079-libsamplerate0_0.2.2-4build1_amd64.deb ...
2026-01-05T15:55:59.9996928Z Unpacking libsamplerate0:amd64 (0.2.2-4build1) ...
2026-01-05T15:56:00.0305277Z Selecting previously unselected package librubberband2:amd64.
2026-01-05T15:56:00.0441873Z Preparing to unpack .../080-librubberband2_3.3.0+dfsg-2build1_amd64.deb ...
2026-01-05T15:56:00.0453066Z Unpacking librubberband2:amd64 (3.3.0+dfsg-2build1) ...
2026-01-05T15:56:00.0723291Z Selecting previously unselected package libswscale7:amd64.
2026-01-05T15:56:00.0862142Z Preparing to unpack .../081-libswscale7_7%3a6.1.1-3ubuntu5_amd64.deb ...
2026-01-05T15:56:00.0871628Z Unpacking libswscale7:amd64 (7:6.1.1-3ubuntu5) ...
2026-01-05T15:56:00.1130456Z Selecting previously unselected package libvidstab1.1:amd64.
2026-01-05T15:56:00.1265153Z Preparing to unpack .../082-libvidstab1.1_1.1.0-2build1_amd64.deb ...
2026-01-05T15:56:00.1276093Z Unpacking libvidstab1.1:amd64 (1.1.0-2build1) ...
2026-01-05T15:56:00.1509656Z Selecting previously unselected package libzimg2:amd64.
2026-01-05T15:56:00.1647235Z Preparing to unpack .../083-libzimg2_3.0.5+ds1-1build1_amd64.deb ...
2026-01-05T15:56:00.1658115Z Unpacking libzimg2:amd64 (3.0.5+ds1-1build1) ...
2026-01-05T15:56:00.1946752Z Selecting previously unselected package libavfilter9:amd64.
2026-01-05T15:56:00.2082566Z Preparing to unpack .../084-libavfilter9_7%3a6.1.1-3ubuntu5_amd64.deb ...
2026-01-05T15:56:00.2094642Z Unpacking libavfilter9:amd64 (7:6.1.1-3ubuntu5) ...
2026-01-05T15:56:00.2822774Z Selecting previously unselected package liborc-0.4-0t64:amd64.
2026-01-05T15:56:00.2960771Z Preparing to unpack .../085-liborc-0.4-0t64_1%3a0.4.38-1ubuntu0.1_amd64.deb ...
2026-01-05T15:56:00.2969328Z Unpacking liborc-0.4-0t64:amd64 (1:0.4.38-1ubuntu0.1) ...
2026-01-05T15:56:00.3275117Z Selecting previously unselected package libgstreamer-plugins-base1.0-0:amd64.
2026-01-05T15:56:00.3413948Z Preparing to unpack .../086-libgstreamer-plugins-base1.0-0_1.24.2-1ubuntu0.3_amd64.deb ...
2026-01-05T15:56:00.3426959Z Unpacking libgstreamer-plugins-base1.0-0:amd64 (1.24.2-1ubuntu0.3) ...
2026-01-05T15:56:00.3785520Z Selecting previously unselected package gstreamer1.0-libav:amd64.
2026-01-05T15:56:00.3922264Z Preparing to unpack .../087-gstreamer1.0-libav_1.24.1-1build1_amd64.deb ...
2026-01-05T15:56:00.3932568Z Unpacking gstreamer1.0-libav:amd64 (1.24.1-1build1) ...
2026-01-05T15:56:00.4354089Z Selecting previously unselected package libcdparanoia0:amd64.
2026-01-05T15:56:00.4491814Z Preparing to unpack .../088-libcdparanoia0_3.10.2+debian-14build3_amd64.deb ...
2026-01-05T15:56:00.4505266Z Unpacking libcdparanoia0:amd64 (3.10.2+debian-14build3) ...
2026-01-05T15:56:00.4756392Z Selecting previously unselected package libvisual-0.4-0:amd64.
2026-01-05T15:56:00.4894444Z Preparing to unpack .../089-libvisual-0.4-0_0.4.2-2build1_amd64.deb ...
2026-01-05T15:56:00.4905795Z Unpacking libvisual-0.4-0:amd64 (0.4.2-2build1) ...
2026-01-05T15:56:00.5165099Z Selecting previously unselected package gstreamer1.0-plugins-base:amd64.
2026-01-05T15:56:00.5303764Z Preparing to unpack .../090-gstreamer1.0-plugins-base_1.24.2-1ubuntu0.3_amd64.deb ...
2026-01-05T15:56:00.5321790Z Unpacking gstreamer1.0-plugins-base:amd64 (1.24.2-1ubuntu0.3) ...
2026-01-05T15:56:00.5695931Z Selecting previously unselected package libaa1:amd64.
2026-01-05T15:56:00.5834774Z Preparing to unpack .../091-libaa1_1.4p5-51.1_amd64.deb ...
2026-01-05T15:56:00.5844260Z Unpacking libaa1:amd64 (1.4p5-51.1) ...
2026-01-05T15:56:00.6074625Z Selecting previously unselected package libraw1394-11:amd64.
2026-01-05T15:56:00.6211767Z Preparing to unpack .../092-libraw1394-11_2.1.2-2build3_amd64.deb ...
2026-01-05T15:56:00.6220883Z Unpacking libraw1394-11:amd64 (2.1.2-2build3) ...
2026-01-05T15:56:00.6445229Z Selecting previously unselected package libavc1394-0:amd64.
2026-01-05T15:56:00.6585825Z Preparing to unpack .../093-libavc1394-0_0.5.4-5build3_amd64.deb ...
2026-01-05T15:56:00.6595296Z Unpacking libavc1394-0:amd64 (0.5.4-5build3) ...
2026-01-05T15:56:00.6821658Z Selecting previously unselected package libcaca0:amd64.
2026-01-05T15:56:00.6959552Z Preparing to unpack .../094-libcaca0_0.99.beta20-4build2_amd64.deb ...
2026-01-05T15:56:00.6970906Z Unpacking libcaca0:amd64 (0.99.beta20-4build2) ...
2026-01-05T15:56:00.7237759Z Selecting previously unselected package libdv4t64:amd64.
2026-01-05T15:56:00.7374984Z Preparing to unpack .../095-libdv4t64_1.0.0-17.1build1_amd64.deb ...
2026-01-05T15:56:00.7383861Z Unpacking libdv4t64:amd64 (1.0.0-17.1build1) ...
2026-01-05T15:56:00.7627920Z Selecting previously unselected package libgstreamer-plugins-good1.0-0:amd64.
2026-01-05T15:56:00.7769199Z Preparing to unpack .../096-libgstreamer-plugins-good1.0-0_1.24.2-1ubuntu1.2_amd64.deb ...
2026-01-05T15:56:00.7779707Z Unpacking libgstreamer-plugins-good1.0-0:amd64 (1.24.2-1ubuntu1.2) ...
2026-01-05T15:56:00.8028553Z Selecting previously unselected package libiec61883-0:amd64.
2026-01-05T15:56:00.8165994Z Preparing to unpack .../097-libiec61883-0_1.2.0-6build1_amd64.deb ...
2026-01-05T15:56:00.8176458Z Unpacking libiec61883-0:amd64 (1.2.0-6build1) ...
2026-01-05T15:56:00.8417327Z Selecting previously unselected package libshout3:amd64.
2026-01-05T15:56:00.8555466Z Preparing to unpack .../098-libshout3_2.4.6-1build2_amd64.deb ...
2026-01-05T15:56:00.8563858Z Unpacking libshout3:amd64 (2.4.6-1build2) ...
2026-01-05T15:56:00.8800758Z Selecting previously unselected package libtag1v5-vanilla:amd64.
2026-01-05T15:56:00.8938320Z Preparing to unpack .../099-libtag1v5-vanilla_1.13.1-1build1_amd64.deb ...
2026-01-05T15:56:00.8946635Z Unpacking libtag1v5-vanilla:amd64 (1.13.1-1build1) ...
2026-01-05T15:56:00.9214282Z Selecting previously unselected package libtag1v5:amd64.
2026-01-05T15:56:00.9351862Z Preparing to unpack .../100-libtag1v5_1.13.1-1build1_amd64.deb ...
2026-01-05T15:56:00.9360324Z Unpacking libtag1v5:amd64 (1.13.1-1build1) ...
2026-01-05T15:56:00.9594060Z Selecting previously unselected package libv4lconvert0t64:amd64.
2026-01-05T15:56:00.9732545Z Preparing to unpack .../101-libv4lconvert0t64_1.26.1-4build3_amd64.deb ...
2026-01-05T15:56:00.9743402Z Unpacking libv4lconvert0t64:amd64 (1.26.1-4build3) ...
2026-01-05T15:56:00.9996563Z Selecting previously unselected package libv4l-0t64:amd64.
2026-01-05T15:56:01.0139612Z Preparing to unpack .../102-libv4l-0t64_1.26.1-4build3_amd64.deb ...
2026-01-05T15:56:01.0148564Z Unpacking libv4l-0t64:amd64 (1.26.1-4build3) ...
2026-01-05T15:56:01.0401689Z Selecting previously unselected package libwavpack1:amd64.
2026-01-05T15:56:01.0538647Z Preparing to unpack .../103-libwavpack1_5.6.0-1build1_amd64.deb ...
2026-01-05T15:56:01.0547846Z Unpacking libwavpack1:amd64 (5.6.0-1build1) ...
2026-01-05T15:56:01.0783740Z Selecting previously unselected package libsoup-3.0-common.
2026-01-05T15:56:01.0921218Z Preparing to unpack .../104-libsoup-3.0-common_3.4.4-5ubuntu0.6_all.deb ...
2026-01-05T15:56:01.0932995Z Unpacking libsoup-3.0-common (3.4.4-5ubuntu0.6) ...
2026-01-05T15:56:01.1162939Z Selecting previously unselected package libsoup-3.0-0:amd64.
2026-01-05T15:56:01.1300295Z Preparing to unpack .../105-libsoup-3.0-0_3.4.4-5ubuntu0.6_amd64.deb ...
2026-01-05T15:56:01.1309925Z Unpacking libsoup-3.0-0:amd64 (3.4.4-5ubuntu0.6) ...
2026-01-05T15:56:01.1569545Z Selecting previously unselected package gstreamer1.0-plugins-good:amd64.
2026-01-05T15:56:01.1707998Z Preparing to unpack .../106-gstreamer1.0-plugins-good_1.24.2-1ubuntu1.2_amd64.deb ...
2026-01-05T15:56:01.1717240Z Unpacking gstreamer1.0-plugins-good:amd64 (1.24.2-1ubuntu1.2) ...
2026-01-05T15:56:01.2365275Z Selecting previously unselected package libabsl20220623t64:amd64.
2026-01-05T15:56:01.2502759Z Preparing to unpack .../107-libabsl20220623t64_20220623.1-3.1ubuntu3.2_amd64.deb ...
2026-01-05T15:56:01.2512044Z Unpacking libabsl20220623t64:amd64 (20220623.1-3.1ubuntu3.2) ...
2026-01-05T15:56:01.2971311Z Selecting previously unselected package libgav1-1:amd64.
2026-01-05T15:56:01.3107919Z Preparing to unpack .../108-libgav1-1_0.18.0-1build3_amd64.deb ...
2026-01-05T15:56:01.3116947Z Unpacking libgav1-1:amd64 (0.18.0-1build3) ...
2026-01-05T15:56:01.3383364Z Selecting previously unselected package libyuv0:amd64.
2026-01-05T15:56:01.3519363Z Preparing to unpack .../109-libyuv0_0.0~git202401110.af6ac82-1_amd64.deb ...
2026-01-05T15:56:01.3528170Z Unpacking libyuv0:amd64 (0.0~git202401110.af6ac82-1) ...
2026-01-05T15:56:01.3786330Z Selecting previously unselected package libavif16:amd64.
2026-01-05T15:56:01.3923444Z Preparing to unpack .../110-libavif16_1.0.4-1ubuntu3_amd64.deb ...
2026-01-05T15:56:01.3935104Z Unpacking libavif16:amd64 (1.0.4-1ubuntu3) ...
2026-01-05T15:56:01.4164416Z Selecting previously unselected package libavtp0:amd64.
2026-01-05T15:56:01.4301615Z Preparing to unpack .../111-libavtp0_0.2.0-1build1_amd64.deb ...
2026-01-05T15:56:01.4312751Z Unpacking libavtp0:amd64 (0.2.0-1build1) ...
2026-01-05T15:56:01.4530663Z Selecting previously unselected package libcairo-script-interpreter2:amd64.
2026-01-05T15:56:01.4666400Z Preparing to unpack .../112-libcairo-script-interpreter2_1.18.0-3build1_amd64.deb ...
2026-01-05T15:56:01.4677281Z Unpacking libcairo-script-interpreter2:amd64 (1.18.0-3build1) ...
2026-01-05T15:56:01.4912224Z Selecting previously unselected package libdc1394-25:amd64.
2026-01-05T15:56:01.5047487Z Preparing to unpack .../113-libdc1394-25_2.2.6-4build1_amd64.deb ...
2026-01-05T15:56:01.5060205Z Unpacking libdc1394-25:amd64 (2.2.6-4build1) ...
2026-01-05T15:56:01.5280909Z Selecting previously unselected package libdecor-0-0:amd64.
2026-01-05T15:56:01.5417338Z Preparing to unpack .../114-libdecor-0-0_0.2.2-1build2_amd64.deb ...
2026-01-05T15:56:01.5429410Z Unpacking libdecor-0-0:amd64 (0.2.2-1build2) ...
2026-01-05T15:56:01.5644871Z Selecting previously unselected package libgles2:amd64.
2026-01-05T15:56:01.5780269Z Preparing to unpack .../115-libgles2_1.7.0-1build1_amd64.deb ...
2026-01-05T15:56:01.5790383Z Unpacking libgles2:amd64 (1.7.0-1build1) ...
2026-01-05T15:56:01.6014602Z Selecting previously unselected package libdirectfb-1.7-7t64:amd64.
2026-01-05T15:56:01.6151442Z Preparing to unpack .../116-libdirectfb-1.7-7t64_1.7.7-11.1ubuntu2_amd64.deb ...
2026-01-05T15:56:01.6160907Z Unpacking libdirectfb-1.7-7t64:amd64 (1.7.7-11.1ubuntu2) ...
2026-01-05T15:56:01.6586235Z Selecting previously unselected package libdvdread8t64:amd64.
2026-01-05T15:56:01.6723493Z Preparing to unpack .../117-libdvdread8t64_6.1.3-1.1build1_amd64.deb ...
2026-01-05T15:56:01.6735145Z Unpacking libdvdread8t64:amd64 (6.1.3-1.1build1) ...
2026-01-05T15:56:01.6978365Z Selecting previously unselected package libdvdnav4:amd64.
2026-01-05T15:56:01.7113699Z Preparing to unpack .../118-libdvdnav4_6.1.1-3build1_amd64.deb ...
2026-01-05T15:56:01.7124349Z Unpacking libdvdnav4:amd64 (6.1.1-3build1) ...
2026-01-05T15:56:01.7361933Z Selecting previously unselected package libegl-mesa0:amd64.
2026-01-05T15:56:01.7500027Z Preparing to unpack .../119-libegl-mesa0_25.0.7-0ubuntu0.24.04.2_amd64.deb ...
2026-01-05T15:56:01.7510765Z Unpacking libegl-mesa0:amd64 (25.0.7-0ubuntu0.24.04.2) ...
2026-01-05T15:56:01.7784683Z Selecting previously unselected package libevent-2.1-7t64:amd64.
2026-01-05T15:56:01.7920239Z Preparing to unpack .../120-libevent-2.1-7t64_2.1.12-stable-9ubuntu2_amd64.deb ...
2026-01-05T15:56:01.7936321Z Unpacking libevent-2.1-7t64:amd64 (2.1.12-stable-9ubuntu2) ...
2026-01-05T15:56:01.8186600Z Selecting previously unselected package libfaad2:amd64.
2026-01-05T15:56:01.8324098Z Preparing to unpack .../121-libfaad2_2.11.1-1build1_amd64.deb ...
2026-01-05T15:56:01.8332267Z Unpacking libfaad2:amd64 (2.11.1-1build1) ...
2026-01-05T15:56:01.8595555Z Selecting previously unselected package libinstpatch-1.0-2:amd64.
2026-01-05T15:56:01.8735282Z Preparing to unpack .../122-libinstpatch-1.0-2_1.1.6-1build2_amd64.deb ...
2026-01-05T15:56:01.8755420Z Unpacking libinstpatch-1.0-2:amd64 (1.1.6-1build2) ...
2026-01-05T15:56:01.9023205Z Selecting previously unselected package libjack-jackd2-0:amd64.
2026-01-05T15:56:01.9162493Z Preparing to unpack .../123-libjack-jackd2-0_1.9.21~dfsg-3ubuntu3_amd64.deb ...
2026-01-05T15:56:01.9171859Z Unpacking libjack-jackd2-0:amd64 (1.9.21~dfsg-3ubuntu3) ...
2026-01-05T15:56:01.9454006Z Selecting previously unselected package libwebrtc-audio-processing1:amd64.
2026-01-05T15:56:01.9592943Z Preparing to unpack .../124-libwebrtc-audio-processing1_0.3.1-0ubuntu6_amd64.deb ...
2026-01-05T15:56:01.9601786Z Unpacking libwebrtc-audio-processing1:amd64 (0.3.1-0ubuntu6) ...
2026-01-05T15:56:01.9875682Z Selecting previously unselected package libspa-0.2-modules:amd64.
2026-01-05T15:56:02.0013564Z Preparing to unpack .../125-libspa-0.2-modules_1.0.5-1ubuntu3.2_amd64.deb ...
2026-01-05T15:56:02.0022481Z Unpacking libspa-0.2-modules:amd64 (1.0.5-1ubuntu3.2) ...
2026-01-05T15:56:02.0379707Z Selecting previously unselected package libpipewire-0.3-0t64:amd64.
2026-01-05T15:56:02.0519493Z Preparing to unpack .../126-libpipewire-0.3-0t64_1.0.5-1ubuntu3.2_amd64.deb ...
2026-01-05T15:56:02.0528311Z Unpacking libpipewire-0.3-0t64:amd64 (1.0.5-1ubuntu3.2) ...
2026-01-05T15:56:02.0816410Z Selecting previously unselected package libsdl2-2.0-0:amd64.
2026-01-05T15:56:02.0958745Z Preparing to unpack .../127-libsdl2-2.0-0_2.30.0+dfsg-1ubuntu3.1_amd64.deb ...
2026-01-05T15:56:02.0971670Z Unpacking libsdl2-2.0-0:amd64 (2.30.0+dfsg-1ubuntu3.1) ...
2026-01-05T15:56:02.1307372Z Selecting previously unselected package timgm6mb-soundfont.
2026-01-05T15:56:02.1448610Z Preparing to unpack .../128-timgm6mb-soundfont_1.3-5_all.deb ...
2026-01-05T15:56:02.1459332Z Unpacking timgm6mb-soundfont (1.3-5) ...
2026-01-05T15:56:02.4891974Z Selecting previously unselected package libfluidsynth3:amd64.
2026-01-05T15:56:02.5026784Z Preparing to unpack .../129-libfluidsynth3_2.3.4-1build3_amd64.deb ...
2026-01-05T15:56:02.5039461Z Unpacking libfluidsynth3:amd64 (2.3.4-1build3) ...
2026-01-05T15:56:02.5311953Z Selecting previously unselected package libfreeaptx0:amd64.
2026-01-05T15:56:02.5446857Z Preparing to unpack .../130-libfreeaptx0_0.1.1-2build1_amd64.deb ...
2026-01-05T15:56:02.5458458Z Unpacking libfreeaptx0:amd64 (0.1.1-2build1) ...
2026-01-05T15:56:02.5686863Z Selecting previously unselected package libgraphene-1.0-0:amd64.
2026-01-05T15:56:02.5822725Z Preparing to unpack .../131-libgraphene-1.0-0_1.10.8-3build2_amd64.deb ...
2026-01-05T15:56:02.5833502Z Unpacking libgraphene-1.0-0:amd64 (1.10.8-3build2) ...
2026-01-05T15:56:02.6079259Z Selecting previously unselected package libgssdp-1.6-0:amd64.
2026-01-05T15:56:02.6215776Z Preparing to unpack .../132-libgssdp-1.6-0_1.6.3-1build3_amd64.deb ...
2026-01-05T15:56:02.6225420Z Unpacking libgssdp-1.6-0:amd64 (1.6.3-1build3) ...
2026-01-05T15:56:02.6483962Z Selecting previously unselected package libegl1:amd64.
2026-01-05T15:56:02.6621017Z Preparing to unpack .../133-libegl1_1.7.0-1build1_amd64.deb ...
2026-01-05T15:56:02.6632043Z Unpacking libegl1:amd64 (1.7.0-1build1) ...
2026-01-05T15:56:02.6870545Z Selecting previously unselected package libgstreamer-gl1.0-0:amd64.
2026-01-05T15:56:02.7007031Z Preparing to unpack .../134-libgstreamer-gl1.0-0_1.24.2-1ubuntu0.3_amd64.deb ...
2026-01-05T15:56:02.7016107Z Unpacking libgstreamer-gl1.0-0:amd64 (1.24.2-1ubuntu0.3) ...
2026-01-05T15:56:02.7257014Z Selecting previously unselected package libgtk-4-common.
2026-01-05T15:56:02.7395839Z Preparing to unpack .../135-libgtk-4-common_4.14.5+ds-0ubuntu0.7_all.deb ...
2026-01-05T15:56:02.7431414Z Unpacking libgtk-4-common (4.14.5+ds-0ubuntu0.7) ...
2026-01-05T15:56:02.7948555Z Selecting previously unselected package libgtk-4-1:amd64.
2026-01-05T15:56:02.8085300Z Preparing to unpack .../136-libgtk-4-1_4.14.5+ds-0ubuntu0.7_amd64.deb ...
2026-01-05T15:56:02.8097635Z Unpacking libgtk-4-1:amd64 (4.14.5+ds-0ubuntu0.7) ...
2026-01-05T15:56:02.8779884Z Selecting previously unselected package libgupnp-1.6-0:amd64.
2026-01-05T15:56:02.8917560Z Preparing to unpack .../137-libgupnp-1.6-0_1.6.6-1build3_amd64.deb ...
2026-01-05T15:56:02.8926574Z Unpacking libgupnp-1.6-0:amd64 (1.6.6-1build3) ...
2026-01-05T15:56:02.9176222Z Selecting previously unselected package libgupnp-igd-1.6-0:amd64.
2026-01-05T15:56:02.9312809Z Preparing to unpack .../138-libgupnp-igd-1.6-0_1.6.0-3build3_amd64.deb ...
2026-01-05T15:56:02.9322087Z Unpacking libgupnp-igd-1.6-0:amd64 (1.6.0-3build3) ...
2026-01-05T15:56:02.9556065Z Selecting previously unselected package libharfbuzz-icu0:amd64.
2026-01-05T15:56:02.9694735Z Preparing to unpack .../139-libharfbuzz-icu0_8.3.0-2build2_amd64.deb ...
2026-01-05T15:56:02.9705349Z Unpacking libharfbuzz-icu0:amd64 (8.3.0-2build2) ...
2026-01-05T15:56:02.9945151Z Selecting previously unselected package libhyphen0:amd64.
2026-01-05T15:56:03.0082888Z Preparing to unpack .../140-libhyphen0_2.8.8-7build3_amd64.deb ...
2026-01-05T15:56:03.0094985Z Unpacking libhyphen0:amd64 (2.8.8-7build3) ...
2026-01-05T15:56:03.0339129Z Selecting previously unselected package libimath-3-1-29t64:amd64.
2026-01-05T15:56:03.0476538Z Preparing to unpack .../141-libimath-3-1-29t64_3.1.9-3.1ubuntu2_amd64.deb ...
2026-01-05T15:56:03.0486533Z Unpacking libimath-3-1-29t64:amd64 (3.1.9-3.1ubuntu2) ...
2026-01-05T15:56:03.0743629Z Selecting previously unselected package liblc3-1:amd64.
2026-01-05T15:56:03.0880900Z Preparing to unpack .../142-liblc3-1_1.0.4-3build1_amd64.deb ...
2026-01-05T15:56:03.0891514Z Unpacking liblc3-1:amd64 (1.0.4-3build1) ...
2026-01-05T15:56:03.1135703Z Selecting previously unselected package libldacbt-enc2:amd64.
2026-01-05T15:56:03.1272902Z Preparing to unpack .../143-libldacbt-enc2_2.0.2.3+git20200429+ed310a0-4ubuntu2_amd64.deb ...
2026-01-05T15:56:03.1283934Z Unpacking libldacbt-enc2:amd64 (2.0.2.3+git20200429+ed310a0-4ubuntu2) ...
2026-01-05T15:56:03.1520351Z Selecting previously unselected package libraptor2-0:amd64.
2026-01-05T15:56:03.1657100Z Preparing to unpack .../144-libraptor2-0_2.0.16-3ubuntu0.1_amd64.deb ...
2026-01-05T15:56:03.1667513Z Unpacking libraptor2-0:amd64 (2.0.16-3ubuntu0.1) ...
2026-01-05T15:56:03.1920249Z Selecting previously unselected package liblrdf0:amd64.
2026-01-05T15:56:03.2056573Z Preparing to unpack .../145-liblrdf0_0.6.1-4build1_amd64.deb ...
2026-01-05T15:56:03.2071052Z Unpacking liblrdf0:amd64 (0.6.1-4build1) ...
2026-01-05T15:56:03.2309269Z Selecting previously unselected package libltc11:amd64.
2026-01-05T15:56:03.2444531Z Preparing to unpack .../146-libltc11_1.3.2-1build1_amd64.deb ...
2026-01-05T15:56:03.2456136Z Unpacking libltc11:amd64 (1.3.2-1build1) ...
2026-01-05T15:56:03.2683575Z Selecting previously unselected package libmanette-0.2-0:amd64.
2026-01-05T15:56:03.2821820Z Preparing to unpack .../147-libmanette-0.2-0_0.2.7-1build2_amd64.deb ...
2026-01-05T15:56:03.2875383Z Unpacking libmanette-0.2-0:amd64 (0.2.7-1build2) ...
2026-01-05T15:56:03.3123571Z Selecting previously unselected package libmfx1:amd64.
2026-01-05T15:56:03.3261761Z Preparing to unpack .../148-libmfx1_22.5.4-1_amd64.deb ...
2026-01-05T15:56:03.3274734Z Unpacking libmfx1:amd64 (22.5.4-1) ...
2026-01-05T15:56:03.4295833Z Selecting previously unselected package libmjpegutils-2.1-0t64:amd64.
2026-01-05T15:56:03.4432895Z Preparing to unpack .../149-libmjpegutils-2.1-0t64_1%3a2.1.0+debian-8.1build1_amd64.deb ...
2026-01-05T15:56:03.4441204Z Unpacking libmjpegutils-2.1-0t64:amd64 (1:2.1.0+debian-8.1build1) ...
2026-01-05T15:56:03.4674478Z Selecting previously unselected package libmodplug1:amd64.
2026-01-05T15:56:03.4810540Z Preparing to unpack .../150-libmodplug1_1%3a0.8.9.0-3build1_amd64.deb ...
2026-01-05T15:56:03.4823238Z Unpacking libmodplug1:amd64 (1:0.8.9.0-3build1) ...
2026-01-05T15:56:03.5096742Z Selecting previously unselected package libmpcdec6:amd64.
2026-01-05T15:56:03.5231890Z Preparing to unpack .../151-libmpcdec6_2%3a0.1~r495-2build1_amd64.deb ...
2026-01-05T15:56:03.5241333Z Unpacking libmpcdec6:amd64 (2:0.1~r495-2build1) ...
2026-01-05T15:56:03.5474701Z Selecting previously unselected package libmpeg2encpp-2.1-0t64:amd64.
2026-01-05T15:56:03.5610294Z Preparing to unpack .../152-libmpeg2encpp-2.1-0t64_1%3a2.1.0+debian-8.1build1_amd64.deb ...
2026-01-05T15:56:03.5620245Z Unpacking libmpeg2encpp-2.1-0t64:amd64 (1:2.1.0+debian-8.1build1) ...
2026-01-05T15:56:03.5863710Z Selecting previously unselected package libmplex2-2.1-0t64:amd64.
2026-01-05T15:56:03.5999968Z Preparing to unpack .../153-libmplex2-2.1-0t64_1%3a2.1.0+debian-8.1build1_amd64.deb ...
2026-01-05T15:56:03.6008167Z Unpacking libmplex2-2.1-0t64:amd64 (1:2.1.0+debian-8.1build1) ...
2026-01-05T15:56:03.6246783Z Selecting previously unselected package libneon27t64:amd64.
2026-01-05T15:56:03.6381788Z Preparing to unpack .../154-libneon27t64_0.33.0-1.1build3_amd64.deb ...
2026-01-05T15:56:03.6394816Z Unpacking libneon27t64:amd64 (0.33.0-1.1build3) ...
2026-01-05T15:56:03.6638501Z Selecting previously unselected package libnice10:amd64.
2026-01-05T15:56:03.6774492Z Preparing to unpack .../155-libnice10_0.1.21-2build3_amd64.deb ...
2026-01-05T15:56:03.6784089Z Unpacking libnice10:amd64 (0.1.21-2build3) ...
2026-01-05T15:56:03.7030009Z Selecting previously unselected package libopenal-data.
2026-01-05T15:56:03.7165322Z Preparing to unpack .../156-libopenal-data_1%3a1.23.1-4build1_all.deb ...
2026-01-05T15:56:03.7176935Z Unpacking libopenal-data (1:1.23.1-4build1) ...
2026-01-05T15:56:03.7447183Z Selecting previously unselected package libopenexr-3-1-30:amd64.
2026-01-05T15:56:03.7584448Z Preparing to unpack .../157-libopenexr-3-1-30_3.1.5-5.1build3_amd64.deb ...
2026-01-05T15:56:03.7595767Z Unpacking libopenexr-3-1-30:amd64 (3.1.5-5.1build3) ...
2026-01-05T15:56:03.8009291Z Selecting previously unselected package libopenh264-7:amd64.
2026-01-05T15:56:03.8146195Z Preparing to unpack .../158-libopenh264-7_2.4.1+dfsg-1_amd64.deb ...
2026-01-05T15:56:03.8156268Z Unpacking libopenh264-7:amd64 (2.4.1+dfsg-1) ...
2026-01-05T15:56:03.8489267Z Selecting previously unselected package libopenni2-0:amd64.
2026-01-05T15:56:03.8625027Z Preparing to unpack .../159-libopenni2-0_2.2.0.33+dfsg-18_amd64.deb ...
2026-01-05T15:56:03.8662975Z Unpacking libopenni2-0:amd64 (2.2.0.33+dfsg-18) ...
2026-01-05T15:56:03.8965451Z Selecting previously unselected package libqrencode4:amd64.
2026-01-05T15:56:03.9103867Z Preparing to unpack .../160-libqrencode4_4.1.1-1build2_amd64.deb ...
2026-01-05T15:56:03.9114832Z Unpacking libqrencode4:amd64 (4.1.1-1build2) ...
2026-01-05T15:56:03.9341385Z Selecting previously unselected package libsecret-common.
2026-01-05T15:56:03.9479459Z Preparing to unpack .../161-libsecret-common_0.21.4-1build3_all.deb ...
2026-01-05T15:56:03.9613329Z Unpacking libsecret-common (0.21.4-1build3) ...
2026-01-05T15:56:03.9855270Z Selecting previously unselected package libsecret-1-0:amd64.
2026-01-05T15:56:03.9991374Z Preparing to unpack .../162-libsecret-1-0_0.21.4-1build3_amd64.deb ...
2026-01-05T15:56:04.0002681Z Unpacking libsecret-1-0:amd64 (0.21.4-1build3) ...
2026-01-05T15:56:04.0261940Z Selecting previously unselected package libsndio7.0:amd64.
2026-01-05T15:56:04.0396758Z Preparing to unpack .../163-libsndio7.0_1.9.0-0.3build3_amd64.deb ...
2026-01-05T15:56:04.0406491Z Unpacking libsndio7.0:amd64 (1.9.0-0.3build3) ...
2026-01-05T15:56:04.0635353Z Selecting previously unselected package libsoundtouch1:amd64.
2026-01-05T15:56:04.0775180Z Preparing to unpack .../164-libsoundtouch1_2.3.2+ds1-1build1_amd64.deb ...
2026-01-05T15:56:04.0784694Z Unpacking libsoundtouch1:amd64 (2.3.2+ds1-1build1) ...
2026-01-05T15:56:04.1044555Z Selecting previously unselected package libspandsp2t64:amd64.
2026-01-05T15:56:04.1182271Z Preparing to unpack .../165-libspandsp2t64_0.0.6+dfsg-2.1build1_amd64.deb ...
2026-01-05T15:56:04.1190864Z Unpacking libspandsp2t64:amd64 (0.0.6+dfsg-2.1build1) ...
2026-01-05T15:56:04.1477351Z Selecting previously unselected package libsrtp2-1:amd64.
2026-01-05T15:56:04.1616690Z Preparing to unpack .../166-libsrtp2-1_2.5.0-3build1_amd64.deb ...
2026-01-05T15:56:04.1626355Z Unpacking libsrtp2-1:amd64 (2.5.0-3build1) ...
2026-01-05T15:56:04.2007793Z Preparing to unpack .../167-libssh-4_0.10.6-2ubuntu0.2_amd64.deb ...
2026-01-05T15:56:04.2073426Z Unpacking libssh-4:amd64 (0.10.6-2ubuntu0.2) over (0.10.6-2ubuntu0.1) ...
2026-01-05T15:56:04.2391322Z Selecting previously unselected package libwildmidi2:amd64.
2026-01-05T15:56:04.2530040Z Preparing to unpack .../168-libwildmidi2_0.4.3-1build3_amd64.deb ...
2026-01-05T15:56:04.2543311Z Unpacking libwildmidi2:amd64 (0.4.3-1build3) ...
2026-01-05T15:56:04.2827164Z Selecting previously unselected package libwoff1:amd64.
2026-01-05T15:56:04.2965441Z Preparing to unpack .../169-libwoff1_1.0.2-2build1_amd64.deb ...
2026-01-05T15:56:04.2976647Z Unpacking libwoff1:amd64 (1.0.2-2build1) ...
2026-01-05T15:56:04.3208406Z Selecting previously unselected package libxcb-xkb1:amd64.
2026-01-05T15:56:04.3346011Z Preparing to unpack .../170-libxcb-xkb1_1.15-1ubuntu2_amd64.deb ...
2026-01-05T15:56:04.3359880Z Unpacking libxcb-xkb1:amd64 (1.15-1ubuntu2) ...
2026-01-05T15:56:04.3606542Z Selecting previously unselected package libxkbcommon-x11-0:amd64.
2026-01-05T15:56:04.3744357Z Preparing to unpack .../171-libxkbcommon-x11-0_1.6.0-1build1_amd64.deb ...
2026-01-05T15:56:04.3758428Z Unpacking libxkbcommon-x11-0:amd64 (1.6.0-1build1) ...
2026-01-05T15:56:04.3984289Z Selecting previously unselected package libzbar0t64:amd64.
2026-01-05T15:56:04.4120432Z Preparing to unpack .../172-libzbar0t64_0.23.93-4build3_amd64.deb ...
2026-01-05T15:56:04.4132572Z Unpacking libzbar0t64:amd64 (0.23.93-4build3) ...
2026-01-05T15:56:04.4373145Z Selecting previously unselected package libzxing3:amd64.
2026-01-05T15:56:04.4509396Z Preparing to unpack .../173-libzxing3_2.2.1-3_amd64.deb ...
2026-01-05T15:56:04.4526216Z Unpacking libzxing3:amd64 (2.2.1-3) ...
2026-01-05T15:56:04.4800636Z Selecting previously unselected package xfonts-encodings.
2026-01-05T15:56:04.4937315Z Preparing to unpack .../174-xfonts-encodings_1%3a1.0.5-0ubuntu2_all.deb ...
2026-01-05T15:56:04.4946036Z Unpacking xfonts-encodings (1:1.0.5-0ubuntu2) ...
2026-01-05T15:56:04.5257422Z Selecting previously unselected package xfonts-utils.
2026-01-05T15:56:04.5393289Z Preparing to unpack .../175-xfonts-utils_1%3a7.7+6build3_amd64.deb ...
2026-01-05T15:56:04.5401460Z Unpacking xfonts-utils (1:7.7+6build3) ...
2026-01-05T15:56:04.5985470Z Selecting previously unselected package xfonts-cyrillic.
2026-01-05T15:56:04.6121862Z Preparing to unpack .../176-xfonts-cyrillic_1%3a1.0.5+nmu1_all.deb ...
2026-01-05T15:56:04.6159123Z Unpacking xfonts-cyrillic (1:1.0.5+nmu1) ...
2026-01-05T15:56:04.6554808Z Selecting previously unselected package xfonts-scalable.
2026-01-05T15:56:04.6690741Z Preparing to unpack .../177-xfonts-scalable_1%3a1.0.3-1.3_all.deb ...
2026-01-05T15:56:04.6699285Z Unpacking xfonts-scalable (1:1.0.3-1.3) ...
2026-01-05T15:56:04.6975727Z Selecting previously unselected package libgstreamer-plugins-bad1.0-0:amd64.
2026-01-05T15:56:04.7112927Z Preparing to unpack .../178-libgstreamer-plugins-bad1.0-0_1.24.2-1ubuntu4_amd64.deb ...
2026-01-05T15:56:04.7122382Z Unpacking libgstreamer-plugins-bad1.0-0:amd64 (1.24.2-1ubuntu4) ...
2026-01-05T15:56:04.7531605Z Selecting previously unselected package libdca0:amd64.
2026-01-05T15:56:04.7667777Z Preparing to unpack .../179-libdca0_0.0.7-2build1_amd64.deb ...
2026-01-05T15:56:04.7682034Z Unpacking libdca0:amd64 (0.0.7-2build1) ...
2026-01-05T15:56:04.7934120Z Selecting previously unselected package libopenal1:amd64.
2026-01-05T15:56:04.8070375Z Preparing to unpack .../180-libopenal1_1%3a1.23.1-4build1_amd64.deb ...
2026-01-05T15:56:04.8083977Z Unpacking libopenal1:amd64 (1:1.23.1-4build1) ...
2026-01-05T15:56:04.8394649Z Selecting previously unselected package libsbc1:amd64.
2026-01-05T15:56:04.8531015Z Preparing to unpack .../181-libsbc1_2.0-1build1_amd64.deb ...
2026-01-05T15:56:04.8540329Z Unpacking libsbc1:amd64 (2.0-1build1) ...
2026-01-05T15:56:04.8772678Z Selecting previously unselected package libvo-aacenc0:amd64.
2026-01-05T15:56:04.8909889Z Preparing to unpack .../182-libvo-aacenc0_0.1.3-2build1_amd64.deb ...
2026-01-05T15:56:04.8919665Z Unpacking libvo-aacenc0:amd64 (0.1.3-2build1) ...
2026-01-05T15:56:04.9168571Z Selecting previously unselected package libvo-amrwbenc0:amd64.
2026-01-05T15:56:04.9307210Z Preparing to unpack .../183-libvo-amrwbenc0_0.1.3-2build1_amd64.deb ...
2026-01-05T15:56:04.9318734Z Unpacking libvo-amrwbenc0:amd64 (0.1.3-2build1) ...
2026-01-05T15:56:04.9557411Z Selecting previously unselected package gstreamer1.0-plugins-bad:amd64.
2026-01-05T15:56:04.9697728Z Preparing to unpack .../184-gstreamer1.0-plugins-bad_1.24.2-1ubuntu4_amd64.deb ...
2026-01-05T15:56:04.9710004Z Unpacking gstreamer1.0-plugins-bad:amd64 (1.24.2-1ubuntu4) ...
2026-01-05T15:56:05.1240910Z Setting up libgme0:amd64 (0.6.3-7build1) ...
2026-01-05T15:56:05.1275614Z Setting up libchromaprint1:amd64 (1.5.1-5) ...
2026-01-05T15:56:05.1302874Z Setting up libssh-gcrypt-4:amd64 (0.10.6-2ubuntu0.2) ...
2026-01-05T15:56:05.1331577Z Setting up libhwy1t64:amd64 (1.0.7-8.1build1) ...
2026-01-05T15:56:05.1357865Z Setting up libcairo-script-interpreter2:amd64 (1.18.0-3build1) ...
2026-01-05T15:56:05.1381135Z Setting up libfreeaptx0:amd64 (0.1.1-2build1) ...
2026-01-05T15:56:05.1415776Z Setting up libdvdread8t64:amd64 (6.1.3-1.1build1) ...
2026-01-05T15:56:05.1440712Z Setting up libudfread0:amd64 (1.1.2-1build1) ...
2026-01-05T15:56:05.1475793Z Setting up libmodplug1:amd64 (1:0.8.9.0-3build1) ...
2026-01-05T15:56:05.1505998Z Setting up libcdparanoia0:amd64 (3.10.2+debian-14build3) ...
2026-01-05T15:56:05.1531635Z Setting up libvo-amrwbenc0:amd64 (0.1.3-2build1) ...
2026-01-05T15:56:05.1567126Z Setting up libraw1394-11:amd64 (2.1.2-2build3) ...
2026-01-05T15:56:05.1592411Z Setting up libsbc1:amd64 (2.0-1build1) ...
2026-01-05T15:56:05.1621209Z Setting up libneon27t64:amd64 (0.33.0-1.1build3) ...
2026-01-05T15:56:05.1649444Z Setting up libtag1v5-vanilla:amd64 (1.13.1-1build1) ...
2026-01-05T15:56:05.1678200Z Setting up libharfbuzz-icu0:amd64 (8.3.0-2build2) ...
2026-01-05T15:56:05.1707814Z Setting up libopenni2-0:amd64 (2.2.0.33+dfsg-18) ...
2026-01-05T15:56:05.1907556Z Setting up libspeex1:amd64 (1.2.1-2ubuntu2.24.04.1) ...
2026-01-05T15:56:05.1934736Z Setting up libshine3:amd64 (3.1.1-2build1) ...
2026-01-05T15:56:05.1959334Z Setting up libcaca0:amd64 (0.99.beta20-4build2) ...
2026-01-05T15:56:05.1986208Z Setting up libvpl2 (2023.3.0-1build1) ...
2026-01-05T15:56:05.2013555Z Setting up libv4lconvert0t64:amd64 (1.26.1-4build3) ...
2026-01-05T15:56:05.2057685Z Setting up libx264-164:amd64 (2:0.164.3108+git31e19f9-1) ...
2026-01-05T15:56:05.2089292Z Setting up libtwolame0:amd64 (0.4.0-2build3) ...
2026-01-05T15:56:05.2116938Z Setting up libmbedcrypto7t64:amd64 (2.28.8-1) ...
2026-01-05T15:56:05.2143037Z Setting up libwoff1:amd64 (1.0.2-2build1) ...
2026-01-05T15:56:05.2179066Z Setting up liblc3-1:amd64 (1.0.4-3build1) ...
2026-01-05T15:56:05.2211411Z Setting up libqrencode4:amd64 (4.1.1-1build2) ...
2026-01-05T15:56:05.2235287Z Setting up libhyphen0:amd64 (2.8.8-7build3) ...
2026-01-05T15:56:05.2264013Z Setting up libgsm1:amd64 (1.0.22-1build1) ...
2026-01-05T15:56:05.2292600Z Setting up libvisual-0.4-0:amd64 (0.4.2-2build1) ...
2026-01-05T15:56:05.2321640Z Setting up libsoxr0:amd64 (0.1.3-4build3) ...
2026-01-05T15:56:05.2351035Z Setting up libzix-0-0:amd64 (0.4.2-2build1) ...
2026-01-05T15:56:05.2380894Z Setting up libcodec2-1.2:amd64 (1.2.0-2build1) ...
2026-01-05T15:56:05.2407203Z Setting up libsrtp2-1:amd64 (2.5.0-3build1) ...
2026-01-05T15:56:05.2436471Z Setting up libmysofa1:amd64 (1.3.2+dfsg-2ubuntu2) ...
2026-01-05T15:56:05.2460736Z Setting up libraptor2-0:amd64 (2.0.16-3ubuntu0.1) ...
2026-01-05T15:56:05.2488300Z Setting up libldacbt-enc2:amd64 (2.0.2.3+git20200429+ed310a0-4ubuntu2) ...
2026-01-05T15:56:05.2516822Z Setting up fonts-wqy-zenhei (0.9.45-8) ...
2026-01-05T15:56:05.2687221Z Setting up libwebrtc-audio-processing1:amd64 (0.3.1-0ubuntu6) ...
2026-01-05T15:56:05.2861541Z Setting up fonts-freefont-ttf (20211204+svn4273-2) ...
2026-01-05T15:56:05.2960546Z Setting up libevent-2.1-7t64:amd64 (2.1.12-stable-9ubuntu2) ...
2026-01-05T15:56:05.2986565Z Setting up libsvtav1enc1d1:amd64 (1.7.0+dfsg-2build1) ...
2026-01-05T15:56:05.3015645Z Setting up libsoup-3.0-common (3.4.4-5ubuntu0.6) ...
2026-01-05T15:56:05.3039931Z Setting up libmpg123-0t64:amd64 (1.32.5-1ubuntu1.1) ...
2026-01-05T15:56:05.3072261Z Setting up libcjson1:amd64 (1.7.17-1) ...
2026-01-05T15:56:05.3105097Z Setting up libxvidcore4:amd64 (2:1.3.7-1build1) ...
2026-01-05T15:56:05.3133350Z Setting up libmpcdec6:amd64 (2:0.1~r495-2build1) ...
2026-01-05T15:56:05.3161965Z Setting up libmjpegutils-2.1-0t64:amd64 (1:2.1.0+debian-8.1build1) ...
2026-01-05T15:56:05.3189481Z Setting up librav1e0:amd64 (0.7.1-2) ...
2026-01-05T15:56:05.3221141Z Setting up liborc-0.4-0t64:amd64 (1:0.4.38-1ubuntu0.1) ...
2026-01-05T15:56:05.3252688Z Setting up libxcb-xkb1:amd64 (1.15-1ubuntu2) ...
2026-01-05T15:56:05.3277227Z Setting up libvo-aacenc0:amd64 (0.1.3-2build1) ...
2026-01-05T15:56:05.3304525Z Setting up librist4:amd64 (0.2.10+dfsg-2) ...
2026-01-05T15:56:05.3332190Z Setting up libglib2.0-0t64:amd64 (2.80.0-6ubuntu3.5) ...
2026-01-05T15:56:05.3547988Z Setting up libblas3:amd64 (3.12.0-3build1.1) ...
2026-01-05T15:56:05.3614850Z update-alternatives: using /usr/lib/x86_64-linux-gnu/blas/libblas.so.3 to provide /usr/lib/x86_64-linux-gnu/libblas.so.3 (libblas.so.3-x86_64-linux-gnu) in auto mode
2026-01-05T15:56:05.3637789Z Setting up libegl-mesa0:amd64 (25.0.7-0ubuntu0.24.04.2) ...
2026-01-05T15:56:05.3666459Z Setting up libsoundtouch1:amd64 (2.3.2+ds1-1build1) ...
2026-01-05T15:56:05.3695423Z Setting up libglib2.0-data (2.80.0-6ubuntu3.5) ...
2026-01-05T15:56:05.3719566Z Setting up libplacebo338:amd64 (6.338.2-2build1) ...
2026-01-05T15:56:05.3744855Z Setting up libgles2:amd64 (1.7.0-1build1) ...
2026-01-05T15:56:05.3769164Z Setting up fonts-tlwg-loma-otf (1:0.7.3-1) ...
2026-01-05T15:56:05.3799552Z Setting up libva2:amd64 (2.20.0-2build1) ...
2026-01-05T15:56:05.3831956Z Setting up libspa-0.2-modules:amd64 (1.0.5-1ubuntu3.2) ...
2026-01-05T15:56:05.3855740Z Setting up libzxing3:amd64 (2.2.1-3) ...
2026-01-05T15:56:05.3882426Z Setting up xfonts-encodings (1:1.0.5-0ubuntu2) ...
2026-01-05T15:56:05.3910842Z Setting up libopus0:amd64 (1.4-1build1) ...
2026-01-05T15:56:05.3938043Z Setting up libfaad2:amd64 (2.11.1-1build1) ...
2026-01-05T15:56:05.4019896Z Setting up libxkbcommon-x11-0:amd64 (1.6.0-1build1) ...
2026-01-05T15:56:05.4043357Z Setting up libdc1394-25:amd64 (2.2.6-4build1) ...
2026-01-05T15:56:05.4077438Z Setting up libpng16-16t64:amd64 (1.6.43-5ubuntu0.1) ...
2026-01-05T15:56:05.4111396Z Setting up libimath-3-1-29t64:amd64 (3.1.9-3.1ubuntu2) ...
2026-01-05T15:56:05.4147100Z Setting up libunibreak5:amd64 (5.1-2build1) ...
2026-01-05T15:56:05.4179649Z Setting up libdv4t64:amd64 (1.0.0-17.1build1) ...
2026-01-05T15:56:05.4203746Z Setting up gir1.2-glib-2.0:amd64 (2.80.0-6ubuntu3.5) ...
2026-01-05T15:56:05.4226884Z Setting up libjxl0.7:amd64 (0.7.0-10.2ubuntu6.1) ...
2026-01-05T15:56:05.4250869Z Setting up libssh-4:amd64 (0.10.6-2ubuntu0.2) ...
2026-01-05T15:56:05.4274889Z Setting up libopenh264-7:amd64 (2.4.1+dfsg-1) ...
2026-01-05T15:56:05.4314141Z Setting up libltc11:amd64 (1.3.2-1build1) ...
2026-01-05T15:56:05.4328772Z Setting up libx265-199:amd64 (3.5-2build1) ...
2026-01-05T15:56:05.4351934Z Setting up libv4l-0t64:amd64 (1.26.1-4build3) ...
2026-01-05T15:56:05.4382045Z Setting up libavtp0:amd64 (0.2.0-1build1) ...
2026-01-05T15:56:05.4408720Z Setting up libsndio7.0:amd64 (1.9.0-0.3build3) ...
2026-01-05T15:56:05.4552238Z Setting up libdirectfb-1.7-7t64:amd64 (1.7.7-11.1ubuntu2) ...
2026-01-05T15:56:05.4586053Z Setting up libspandsp2t64:amd64 (0.0.6+dfsg-2.1build1) ...
2026-01-05T15:56:05.4613489Z Setting up libvidstab1.1:amd64 (1.1.0-2build1) ...
2026-01-05T15:56:05.4642302Z Setting up libvpx9:amd64 (1.14.0-1ubuntu2.2) ...
2026-01-05T15:56:05.4672264Z Setting up libsrt1.5-gnutls:amd64 (1.5.3-1build2) ...
2026-01-05T15:56:05.4696514Z Setting up libtag1v5:amd64 (1.13.1-1build1) ...
2026-01-05T15:56:05.4726875Z Setting up libflite1:amd64 (2.2-6build3) ...
2026-01-05T15:56:05.4754969Z Setting up libdav1d7:amd64 (1.4.1-1build1) ...
2026-01-05T15:56:05.4782747Z Setting up libva-drm2:amd64 (2.20.0-2build1) ...
2026-01-05T15:56:05.4810231Z Setting up fonts-ipafont-gothic (00303-21ubuntu1) ...
2026-01-05T15:56:05.4887240Z update-alternatives: using /usr/share/fonts/opentype/ipafont-gothic/ipag.ttf to provide /usr/share/fonts/truetype/fonts-japanese-gothic.ttf (fonts-japanese-gothic.ttf) in auto mode
2026-01-05T15:56:05.4907993Z Setting up ocl-icd-libopencl1:amd64 (2.3.2-1build1) ...
2026-01-05T15:56:05.4941832Z Setting up libasyncns0:amd64 (0.8-6build4) ...
2026-01-05T15:56:05.4970732Z Setting up libwildmidi2:amd64 (0.4.3-1build3) ...
2026-01-05T15:56:05.5001822Z Setting up libvdpau1:amd64 (1.5-2build1) ...
2026-01-05T15:56:05.5044752Z Setting up libwavpack1:amd64 (5.6.0-1build1) ...
2026-01-05T15:56:05.5069529Z Setting up libbs2b0:amd64 (3.1.0+dfsg-7build1) ...
2026-01-05T15:56:05.5116120Z Setting up libtheora0:amd64 (1.1.1+dfsg.1-16.1build3) ...
2026-01-05T15:56:05.5145583Z Setting up libegl1:amd64 (1.7.0-1build1) ...
2026-01-05T15:56:05.5175049Z Setting up libdecor-0-0:amd64 (0.2.2-1build2) ...
2026-01-05T15:56:05.5202085Z Setting up libdca0:amd64 (0.0.7-2build1) ...
2026-01-05T15:56:05.5226231Z Setting up libzimg2:amd64 (3.0.5+ds1-1build1) ...
2026-01-05T15:56:05.5250918Z Setting up libopenal-data (1:1.23.1-4build1) ...
2026-01-05T15:56:05.5285166Z Setting up libabsl20220623t64:amd64 (20220623.1-3.1ubuntu3.2) ...
2026-01-05T15:56:05.5308620Z Setting up libflac12t64:amd64 (1.4.3+ds-2.1ubuntu2) ...
2026-01-05T15:56:05.5335096Z Setting up libgtk-4-common (4.14.5+ds-0ubuntu0.7) ...
2026-01-05T15:56:05.5364116Z Setting up libmpeg2encpp-2.1-0t64:amd64 (1:2.1.0+debian-8.1build1) ...
2026-01-05T15:56:05.5394547Z Setting up glib-networking-common (2.80.0-1build1) ...
2026-01-05T15:56:05.5426851Z Setting up libmfx1:amd64 (22.5.4-1) ...
2026-01-05T15:56:05.5457933Z Setting up libbluray2:amd64 (1:1.3.4-1build1) ...
2026-01-05T15:56:05.5484755Z Setting up libsamplerate0:amd64 (0.2.2-4build1) ...
2026-01-05T15:56:05.5517828Z Setting up timgm6mb-soundfont (1.3-5) ...
2026-01-05T15:56:05.5609803Z update-alternatives: using /usr/share/sounds/sf2/TimGM6mb.sf2 to provide /usr/share/sounds/sf2/default-GM.sf2 (default-GM.sf2) in auto mode
2026-01-05T15:56:05.5654656Z update-alternatives: using /usr/share/sounds/sf2/TimGM6mb.sf2 to provide /usr/share/sounds/sf3/default-GM.sf3 (default-GM.sf3) in auto mode
2026-01-05T15:56:05.5677304Z Setting up libva-x11-2:amd64 (2.20.0-2build1) ...
2026-01-05T15:56:05.5704756Z Setting up libyuv0:amd64 (0.0~git202401110.af6ac82-1) ...
2026-01-05T15:56:05.5737352Z Setting up libmplex2-2.1-0t64:amd64 (1:2.1.0+debian-8.1build1) ...
2026-01-05T15:56:05.5771021Z Setting up libpipewire-0.3-0t64:amd64 (1.0.5-1ubuntu3.2) ...
2026-01-05T15:56:05.5799831Z Setting up libopenmpt0t64:amd64 (0.7.3-1.1build3) ...
2026-01-05T15:56:05.5826606Z Setting up libzvbi-common (0.2.42-2) ...
2026-01-05T15:56:05.5853894Z Setting up libsecret-common (0.21.4-1build3) ...
2026-01-05T15:56:05.5881329Z Setting up libmp3lame0:amd64 (3.100-6build1) ...
2026-01-05T15:56:05.5915015Z Setting up libgraphene-1.0-0:amd64 (1.10.8-3build2) ...
2026-01-05T15:56:05.5946156Z Setting up libvorbisenc2:amd64 (1.3.7-1build3) ...
2026-01-05T15:56:05.5977978Z Setting up libdvdnav4:amd64 (6.1.1-3build1) ...
2026-01-05T15:56:05.6016199Z Setting up fonts-unifont (1:15.1.01-1build1) ...
2026-01-05T15:56:05.6066414Z Setting up libaa1:amd64 (1.4p5-51.1) ...
2026-01-05T15:56:05.6129281Z Setting up libiec61883-0:amd64 (1.2.0-6build1) ...
2026-01-05T15:56:05.6159568Z Setting up libserd-0-0:amd64 (0.32.2-1) ...
2026-01-05T15:56:05.6188591Z Setting up libavc1394-0:amd64 (0.5.4-5build3) ...
2026-01-05T15:56:05.6212770Z Setting up session-migration (0.3.9build1) ...
2026-01-05T15:56:05.7378429Z Created symlink /etc/systemd/user/graphical-session-pre.target.wants/session-migration.service → /usr/lib/systemd/user/session-migration.service.
2026-01-05T15:56:05.7380263Z 
2026-01-05T15:56:05.7411248Z Setting up liblapack3:amd64 (3.12.0-3build1.1) ...
2026-01-05T15:56:05.7479794Z update-alternatives: using /usr/lib/x86_64-linux-gnu/lapack/liblapack.so.3 to provide /usr/lib/x86_64-linux-gnu/liblapack.so.3 (liblapack.so.3-x86_64-linux-gnu) in auto mode
2026-01-05T15:56:05.7508618Z Setting up libproxy1v5:amd64 (0.5.4-4build1) ...
2026-01-05T15:56:05.7541036Z Setting up libzvbi0t64:amd64 (0.2.42-2) ...
2026-01-05T15:56:05.7573778Z Setting up liblrdf0:amd64 (0.6.1-4build1) ...
2026-01-05T15:56:05.7602864Z Setting up libmanette-0.2-0:amd64 (0.2.7-1build2) ...
2026-01-05T15:56:05.7632773Z Setting up libglib2.0-bin (2.80.0-6ubuntu3.5) ...
2026-01-05T15:56:05.7667526Z Setting up libzbar0t64:amd64 (0.23.93-4build3) ...
2026-01-05T15:56:05.7703616Z Setting up libgstreamer-plugins-base1.0-0:amd64 (1.24.2-1ubuntu0.3) ...
2026-01-05T15:56:05.7733896Z Setting up libavutil58:amd64 (7:6.1.1-3ubuntu5) ...
2026-01-05T15:56:05.7762579Z Setting up libopenal1:amd64 (1:1.23.1-4build1) ...
2026-01-05T15:56:05.7801504Z Setting up xfonts-utils (1:7.7+6build3) ...
2026-01-05T15:56:05.7856673Z Setting up librsvg2-2:amd64 (2.58.0+dfsg-1build1) ...
2026-01-05T15:56:05.7885606Z Setting up libsecret-1-0:amd64 (0.21.4-1build3) ...
2026-01-05T15:56:05.7912632Z Setting up libgstreamer-plugins-good1.0-0:amd64 (1.24.2-1ubuntu1.2) ...
2026-01-05T15:56:05.7954700Z Setting up libgstreamer-gl1.0-0:amd64 (1.24.2-1ubuntu0.3) ...
2026-01-05T15:56:05.7988395Z Setting up gstreamer1.0-plugins-base:amd64 (1.24.2-1ubuntu0.3) ...
2026-01-05T15:56:05.8022378Z Setting up libass9:amd64 (1:0.17.1-2build1) ...
2026-01-05T15:56:05.8050720Z Setting up libswresample4:amd64 (7:6.1.1-3ubuntu5) ...
2026-01-05T15:56:05.8083993Z Setting up libopenexr-3-1-30:amd64 (3.1.5-5.1build3) ...
2026-01-05T15:56:05.8113982Z Setting up libshout3:amd64 (2.4.6-1build2) ...
2026-01-05T15:56:05.8152570Z Setting up libgav1-1:amd64 (0.18.0-1build3) ...
2026-01-05T15:56:05.8177527Z Setting up libavcodec60:amd64 (7:6.1.1-3ubuntu5) ...
2026-01-05T15:56:05.8208625Z Setting up librubberband2:amd64 (3.3.0+dfsg-2build1) ...
2026-01-05T15:56:05.8235903Z Setting up libjack-jackd2-0:amd64 (1.9.21~dfsg-3ubuntu3) ...
2026-01-05T15:56:05.8259870Z Setting up libsord-0-0:amd64 (0.16.16-2build1) ...
2026-01-05T15:56:05.8285066Z Setting up xfonts-cyrillic (1:1.0.5+nmu1) ...
2026-01-05T15:56:05.8655830Z Setting up libpostproc57:amd64 (7:6.1.1-3ubuntu5) ...
2026-01-05T15:56:05.8685594Z Setting up libsratom-0-0:amd64 (0.6.16-1build1) ...
2026-01-05T15:56:05.8719863Z Setting up libgtk-4-1:amd64 (4.14.5+ds-0ubuntu0.7) ...
2026-01-05T15:56:05.9490708Z Setting up libsndfile1:amd64 (1.2.2-1ubuntu5.24.04.1) ...
2026-01-05T15:56:05.9536190Z Setting up liblilv-0-0:amd64 (0.24.22-1build1) ...
2026-01-05T15:56:05.9569158Z Setting up libinstpatch-1.0-2:amd64 (1.1.6-1build2) ...
2026-01-05T15:56:05.9608656Z Setting up xfonts-scalable (1:1.0.3-1.3) ...
2026-01-05T15:56:06.0026491Z Setting up libswscale7:amd64 (7:6.1.1-3ubuntu5) ...
2026-01-05T15:56:06.0057863Z Setting up gsettings-desktop-schemas (46.1-0ubuntu1) ...
2026-01-05T15:56:06.0090487Z Setting up glib-networking-services (2.80.0-1build1) ...
2026-01-05T15:56:06.0116935Z Setting up libavif16:amd64 (1.0.4-1ubuntu3) ...
2026-01-05T15:56:06.0150669Z Setting up libpulse0:amd64 (1:16.1+dfsg1-2ubuntu10.1) ...
2026-01-05T15:56:06.0249596Z Setting up libavformat60:amd64 (7:6.1.1-3ubuntu5) ...
2026-01-05T15:56:06.0278039Z Setting up libsphinxbase3t64:amd64 (0.8+5prealpha+1-17build2) ...
2026-01-05T15:56:06.0303841Z Setting up glib-networking:amd64 (2.80.0-1build1) ...
2026-01-05T15:56:06.0331119Z Setting up libsdl2-2.0-0:amd64 (2.30.0+dfsg-1ubuntu3.1) ...
2026-01-05T15:56:06.0361590Z Setting up libfluidsynth3:amd64 (2.3.4-1build3) ...
2026-01-05T15:56:06.0397319Z Setting up libsoup-3.0-0:amd64 (3.4.4-5ubuntu0.6) ...
2026-01-05T15:56:06.0426159Z Setting up libpocketsphinx3:amd64 (0.8.0+real5prealpha+1-15ubuntu5) ...
2026-01-05T15:56:06.0464206Z Setting up libgssdp-1.6-0:amd64 (1.6.3-1build3) ...
2026-01-05T15:56:06.0490068Z Setting up gstreamer1.0-plugins-good:amd64 (1.24.2-1ubuntu1.2) ...
2026-01-05T15:56:06.0520640Z Setting up libgupnp-1.6-0:amd64 (1.6.6-1build3) ...
2026-01-05T15:56:06.0581686Z Setting up libavfilter9:amd64 (7:6.1.1-3ubuntu5) ...
2026-01-05T15:56:06.0612194Z Setting up libgupnp-igd-1.6-0:amd64 (1.6.0-3build3) ...
2026-01-05T15:56:06.0638050Z Setting up gstreamer1.0-libav:amd64 (1.24.1-1build1) ...
2026-01-05T15:56:06.0670623Z Setting up libnice10:amd64 (0.1.21-2build3) ...
2026-01-05T15:56:06.0706100Z Setting up libgstreamer-plugins-bad1.0-0:amd64 (1.24.2-1ubuntu4) ...
2026-01-05T15:56:06.0733939Z Setting up gstreamer1.0-plugins-bad:amd64 (1.24.2-1ubuntu4) ...
2026-01-05T15:56:06.0772025Z Processing triggers for libc-bin (2.39-0ubuntu8.6) ...
2026-01-05T15:56:06.1312871Z Processing triggers for man-db (2.12.0-4build2) ...
2026-01-05T15:56:06.1343780Z Not building database; man-db/auto-update is not 'true'.
2026-01-05T15:56:06.1365111Z Processing triggers for fontconfig (2.15.0-1.1ubuntu2) ...
2026-01-05T15:56:06.9236218Z 
2026-01-05T15:56:06.9236798Z Running kernel seems to be up-to-date.
2026-01-05T15:56:06.9237146Z 
2026-01-05T15:56:06.9237275Z Restarting services...
2026-01-05T15:56:06.9670246Z  systemctl restart packagekit.service php8.3-fpm.service polkit.service udisks2.service
2026-01-05T15:56:07.0939446Z 
2026-01-05T15:56:07.0940004Z Service restarts being deferred:
2026-01-05T15:56:07.0940609Z  systemctl restart ModemManager.service
2026-01-05T15:56:07.0941211Z  systemctl restart networkd-dispatcher.service
2026-01-05T15:56:07.0941616Z 
2026-01-05T15:56:07.0941919Z No containers need to be restarted.
2026-01-05T15:56:07.0942256Z 
2026-01-05T15:56:07.0942557Z No user sessions are running outdated binaries.
2026-01-05T15:56:07.0942919Z 
2026-01-05T15:56:07.0943408Z No VM guests are running outdated hypervisor (qemu) binaries on this host.
2026-01-05T15:56:08.0676505Z Downloading Chromium 143.0.7499.4 (playwright build v1200) from https://cdn.playwright.dev/dbazure/download/playwright/builds/chromium/1200/chromium-linux.zip
2026-01-05T15:56:08.4075394Z |                                                                                |   0% of 164.7 MiB
2026-01-05T15:56:08.6024796Z |■■■■■■■■                                                                        |  10% of 164.7 MiB
2026-01-05T15:56:08.7007312Z |■■■■■■■■■■■■■■■■                                                                |  20% of 164.7 MiB
2026-01-05T15:56:08.7821753Z |■■■■■■■■■■■■■■■■■■■■■■■■                                                        |  30% of 164.7 MiB
2026-01-05T15:56:08.8615809Z |■■■■■■■■■■■■■■■■■■■■■■■■■■■■■■■■                                                |  40% of 164.7 MiB
2026-01-05T15:56:08.9543034Z |■■■■■■■■■■■■■■■■■■■■■■■■■■■■■■■■■■■■■■■■                                        |  50% of 164.7 MiB
2026-01-05T15:56:09.0319478Z |■■■■■■■■■■■■■■■■■■■■■■■■■■■■■■■■■■■■■■■■■■■■■■■■                                |  60% of 164.7 MiB
2026-01-05T15:56:09.1149822Z |■■■■■■■■■■■■■■■■■■■■■■■■■■■■■■■■■■■■■■■■■■■■■■■■■■■■■■■■                        |  70% of 164.7 MiB
2026-01-05T15:56:09.1996751Z |■■■■■■■■■■■■■■■■■■■■■■■■■■■■■■■■■■■■■■■■■■■■■■■■■■■■■■■■■■■■■■■■                |  80% of 164.7 MiB
2026-01-05T15:56:09.2799052Z |■■■■■■■■■■■■■■■■■■■■■■■■■■■■■■■■■■■■■■■■■■■■■■■■■■■■■■■■■■■■■■■■■■■■■■■■        |  90% of 164.7 MiB
2026-01-05T15:56:09.3583285Z |■■■■■■■■■■■■■■■■■■■■■■■■■■■■■■■■■■■■■■■■■■■■■■■■■■■■■■■■■■■■■■■■■■■■■■■■■■■■■■■■| 100% of 164.7 MiB
2026-01-05T15:56:12.3320837Z Chromium 143.0.7499.4 (playwright build v1200) downloaded to /home/runner/.cache/ms-playwright/chromium-1200
2026-01-05T15:56:12.3324274Z Downloading Chromium Headless Shell 143.0.7499.4 (playwright build v1200) from https://cdn.playwright.dev/dbazure/download/playwright/builds/chromium/1200/chromium-headless-shell-linux.zip
2026-01-05T15:56:12.6633764Z |                                                                                |   0% of 109.7 MiB
2026-01-05T15:56:12.8094186Z |■■■■■■■■                                                                        |  10% of 109.7 MiB
2026-01-05T15:56:12.8851394Z |■■■■■■■■■■■■■■■■                                                                |  20% of 109.7 MiB
2026-01-05T15:56:12.9511493Z |■■■■■■■■■■■■■■■■■■■■■■■■                                                        |  30% of 109.7 MiB
2026-01-05T15:56:13.0068674Z |■■■■■■■■■■■■■■■■■■■■■■■■■■■■■■■■                                                |  40% of 109.7 MiB
2026-01-05T15:56:13.0666031Z |■■■■■■■■■■■■■■■■■■■■■■■■■■■■■■■■■■■■■■■■                                        |  50% of 109.7 MiB
2026-01-05T15:56:13.1242192Z |■■■■■■■■■■■■■■■■■■■■■■■■■■■■■■■■■■■■■■■■■■■■■■■■                                |  60% of 109.7 MiB
2026-01-05T15:56:13.1770771Z |■■■■■■■■■■■■■■■■■■■■■■■■■■■■■■■■■■■■■■■■■■■■■■■■■■■■■■■■                        |  70% of 109.7 MiB
2026-01-05T15:56:13.2258307Z |■■■■■■■■■■■■■■■■■■■■■■■■■■■■■■■■■■■■■■■■■■■■■■■■■■■■■■■■■■■■■■■■                |  80% of 109.7 MiB
2026-01-05T15:56:13.2773406Z |■■■■■■■■■■■■■■■■■■■■■■■■■■■■■■■■■■■■■■■■■■■■■■■■■■■■■■■■■■■■■■■■■■■■■■■■        |  90% of 109.7 MiB
2026-01-05T15:56:13.3322104Z |■■■■■■■■■■■■■■■■■■■■■■■■■■■■■■■■■■■■■■■■■■■■■■■■■■■■■■■■■■■■■■■■■■■■■■■■■■■■■■■■| 100% of 109.7 MiB
2026-01-05T15:56:15.4749611Z Chromium Headless Shell 143.0.7499.4 (playwright build v1200) downloaded to /home/runner/.cache/ms-playwright/chromium_headless_shell-1200
2026-01-05T15:56:15.4753908Z Downloading Firefox 144.0.2 (playwright build v1497) from https://cdn.playwright.dev/dbazure/download/playwright/builds/firefox/1497/firefox-ubuntu-24.04.zip
2026-01-05T15:56:15.7808285Z |                                                                                |   0% of 98.4 MiB
2026-01-05T15:56:15.9054603Z |■■■■■■■■                                                                        |  10% of 98.4 MiB
2026-01-05T15:56:15.9879756Z |■■■■■■■■■■■■■■■■                                                                |  20% of 98.4 MiB
2026-01-05T15:56:16.0527301Z |■■■■■■■■■■■■■■■■■■■■■■■■                                                        |  30% of 98.4 MiB
2026-01-05T15:56:16.1063539Z |■■■■■■■■■■■■■■■■■■■■■■■■■■■■■■■■                                                |  40% of 98.4 MiB
2026-01-05T15:56:16.1587187Z |■■■■■■■■■■■■■■■■■■■■■■■■■■■■■■■■■■■■■■■■                                        |  50% of 98.4 MiB
2026-01-05T15:56:16.2209701Z |■■■■■■■■■■■■■■■■■■■■■■■■■■■■■■■■■■■■■■■■■■■■■■■■                                |  60% of 98.4 MiB
2026-01-05T15:56:16.2715410Z |■■■■■■■■■■■■■■■■■■■■■■■■■■■■■■■■■■■■■■■■■■■■■■■■■■■■■■■■                        |  70% of 98.4 MiB
2026-01-05T15:56:16.3202953Z |■■■■■■■■■■■■■■■■■■■■■■■■■■■■■■■■■■■■■■■■■■■■■■■■■■■■■■■■■■■■■■■■                |  80% of 98.4 MiB
2026-01-05T15:56:16.3673164Z |■■■■■■■■■■■■■■■■■■■■■■■■■■■■■■■■■■■■■■■■■■■■■■■■■■■■■■■■■■■■■■■■■■■■■■■■        |  90% of 98.4 MiB
2026-01-05T15:56:16.4212493Z |■■■■■■■■■■■■■■■■■■■■■■■■■■■■■■■■■■■■■■■■■■■■■■■■■■■■■■■■■■■■■■■■■■■■■■■■■■■■■■■■| 100% of 98.4 MiB
2026-01-05T15:56:18.3426296Z Firefox 144.0.2 (playwright build v1497) downloaded to /home/runner/.cache/ms-playwright/firefox-1497
2026-01-05T15:56:18.3430519Z Downloading Webkit 26.0 (playwright build v2227) from https://cdn.playwright.dev/dbazure/download/playwright/builds/webkit/2227/webkit-ubuntu-24.04.zip
2026-01-05T15:56:18.6356005Z |                                                                                |   0% of 95.9 MiB
2026-01-05T15:56:18.7646246Z |■■■■■■■■                                                                        |  10% of 95.9 MiB
2026-01-05T15:56:18.8370610Z |■■■■■■■■■■■■■■■■                                                                |  20% of 95.9 MiB
2026-01-05T15:56:18.9026435Z |■■■■■■■■■■■■■■■■■■■■■■■■                                                        |  30% of 95.9 MiB
2026-01-05T15:56:18.9569385Z |■■■■■■■■■■■■■■■■■■■■■■■■■■■■■■■■                                                |  40% of 95.9 MiB
2026-01-05T15:56:19.0118100Z |■■■■■■■■■■■■■■■■■■■■■■■■■■■■■■■■■■■■■■■■                                        |  50% of 95.9 MiB
2026-01-05T15:56:19.0690831Z |■■■■■■■■■■■■■■■■■■■■■■■■■■■■■■■■■■■■■■■■■■■■■■■■                                |  60% of 95.9 MiB
2026-01-05T15:56:19.1269762Z |■■■■■■■■■■■■■■■■■■■■■■■■■■■■■■■■■■■■■■■■■■■■■■■■■■■■■■■■                        |  70% of 95.9 MiB
2026-01-05T15:56:19.1814075Z |■■■■■■■■■■■■■■■■■■■■■■■■■■■■■■■■■■■■■■■■■■■■■■■■■■■■■■■■■■■■■■■■                |  80% of 95.9 MiB
2026-01-05T15:56:19.2377590Z |■■■■■■■■■■■■■■■■■■■■■■■■■■■■■■■■■■■■■■■■■■■■■■■■■■■■■■■■■■■■■■■■■■■■■■■■        |  90% of 95.9 MiB
2026-01-05T15:56:19.2856858Z |■■■■■■■■■■■■■■■■■■■■■■■■■■■■■■■■■■■■■■■■■■■■■■■■■■■■■■■■■■■■■■■■■■■■■■■■■■■■■■■■| 100% of 95.9 MiB
2026-01-05T15:56:21.2197750Z Webkit 26.0 (playwright build v2227) downloaded to /home/runner/.cache/ms-playwright/webkit-2227
2026-01-05T15:56:21.2201215Z Downloading FFMPEG playwright build v1011 from https://cdn.playwright.dev/dbazure/download/playwright/builds/ffmpeg/1011/ffmpeg-linux.zip
2026-01-05T15:56:21.4462348Z |                                                                                |   0% of 2.3 MiB
2026-01-05T15:56:21.4622302Z |■■■■■■■■                                                                        |  10% of 2.3 MiB
2026-01-05T15:56:21.4702791Z |■■■■■■■■■■■■■■■■                                                                |  20% of 2.3 MiB
2026-01-05T15:56:21.4816844Z |■■■■■■■■■■■■■■■■■■■■■■■■                                                        |  30% of 2.3 MiB
2026-01-05T15:56:21.4963945Z |■■■■■■■■■■■■■■■■■■■■■■■■■■■■■■■■                                                |  40% of 2.3 MiB
2026-01-05T15:56:21.5121454Z |■■■■■■■■■■■■■■■■■■■■■■■■■■■■■■■■■■■■■■■■                                        |  50% of 2.3 MiB
2026-01-05T15:56:21.5187129Z |■■■■■■■■■■■■■■■■■■■■■■■■■■■■■■■■■■■■■■■■■■■■■■■■                                |  60% of 2.3 MiB
2026-01-05T15:56:21.5261964Z |■■■■■■■■■■■■■■■■■■■■■■■■■■■■■■■■■■■■■■■■■■■■■■■■■■■■■■■■                        |  70% of 2.3 MiB
2026-01-05T15:56:21.5293107Z |■■■■■■■■■■■■■■■■■■■■■■■■■■■■■■■■■■■■■■■■■■■■■■■■■■■■■■■■■■■■■■■■                |  80% of 2.3 MiB
2026-01-05T15:56:21.5341233Z |■■■■■■■■■■■■■■■■■■■■■■■■■■■■■■■■■■■■■■■■■■■■■■■■■■■■■■■■■■■■■■■■■■■■■■■■        |  90% of 2.3 MiB
2026-01-05T15:56:21.5362446Z |■■■■■■■■■■■■■■■■■■■■■■■■■■■■■■■■■■■■■■■■■■■■■■■■■■■■■■■■■■■■■■■■■■■■■■■■■■■■■■■■| 100% of 2.3 MiB
2026-01-05T15:56:21.6033516Z FFMPEG playwright build v1011 downloaded to /home/runner/.cache/ms-playwright/ffmpeg-1011
2026-01-05T15:56:21.9493417Z ##[group]Run npx playwright test --reporter=list
2026-01-05T15:56:21.9493814Z [36;1mnpx playwright test --reporter=list[0m
2026-01-05T15:56:21.9526331Z shell: /usr/bin/bash -e {0}
2026-01-05T15:56:21.9526749Z ##[endgroup]
2026-01-05T15:56:23.5832729Z 
2026-01-05T15:56:23.5833249Z Running 3 tests using 2 workers
2026-01-05T15:56:23.5834016Z 
2026-01-05T15:56:24.3146918Z   ✘  2 [chromium] › tests/rbac.spec.js:12:3 › RBAC docente module › docente puede crear un temario (positivo) (68ms)
2026-01-05T15:56:25.0580872Z   ✘  3 [chromium] › tests/rbac.spec.js:12:3 › RBAC docente module › docente puede crear un temario (positivo) (retry #1) (93ms)
2026-01-05T15:56:25.2853432Z   ✓  1 [chromium] › tests/e2e.spec.js:3:1 › homepage loads and health endpoint responds via proxy (333ms)
2026-01-05T15:56:25.7616436Z   ✘  4 [chromium] › tests/rbac.spec.js:12:3 › RBAC docente module › docente puede crear un temario (positivo) (retry #2) (41ms)
2026-01-05T15:56:26.4170850Z   ✘  5 [chromium] › tests/rbac.spec.js:27:3 › RBAC docente module › estudiante no puede acceder al módulo docente (negativo) (42ms)
2026-01-05T15:56:27.1189077Z   ✘  6 [chromium] › tests/rbac.spec.js:27:3 › RBAC docente module › estudiante no puede acceder al módulo docente (negativo) (retry #1) (64ms)
2026-01-05T15:56:27.7919862Z   ✘  7 [chromium] › tests/rbac.spec.js:27:3 › RBAC docente module › estudiante no puede acceder al módulo docente (negativo) (retry #2) (42ms)
2026-01-05T15:56:27.8043012Z 
2026-01-05T15:56:27.8048346Z 
2026-01-05T15:56:27.8062927Z   1) [chromium] › tests/rbac.spec.js:12:3 › RBAC docente module › docente puede crear un temario (positivo) 
2026-01-05T15:56:27.8063668Z 
2026-01-05T15:56:27.8064268Z     Error: [2mexpect([22m[31mreceived[39m[2m).[22mtoBeTruthy[2m()[22m
2026-01-05T15:56:27.8064773Z 
2026-01-05T15:56:27.8065034Z     Received: [31mfalse[39m
2026-01-05T15:56:27.8065329Z 
2026-01-05T15:56:27.8065745Z       13 |     // Login como docente - ajustar credenciales de seed si necesario
2026-01-05T15:56:27.8066747Z       14 |     const loginRes = await apiLogin(request, 'docente@example.com', 'password');
2026-01-05T15:56:27.8067540Z     > 15 |     expect(loginRes.ok()).toBeTruthy();
2026-01-05T15:56:27.8067885Z          |                           ^
2026-01-05T15:56:27.8068201Z       16 |     const token = (await loginRes.json()).token;
2026-01-05T15:56:27.8068475Z       17 |
2026-01-05T15:56:27.8068999Z       18 |     const createRes = await request.post('/api/docente/temarios', {
2026-01-05T15:56:27.8069647Z         at /home/runner/work/infoaprende-platform/infoaprende-platform/frontend/tests/rbac.spec.js:15:27
2026-01-05T15:56:27.8070030Z 
2026-01-05T15:56:27.8070589Z     Retry #1 ───────────────────────────────────────────────────────────────────────────────────────
2026-01-05T15:56:27.8070985Z 
2026-01-05T15:56:27.8071297Z     Error: [2mexpect([22m[31mreceived[39m[2m).[22mtoBeTruthy[2m()[22m
2026-01-05T15:56:27.8071561Z 
2026-01-05T15:56:27.8071683Z     Received: [31mfalse[39m
2026-01-05T15:56:27.8071852Z 
2026-01-05T15:56:27.8072071Z       13 |     // Login como docente - ajustar credenciales de seed si necesario
2026-01-05T15:56:27.8072591Z       14 |     const loginRes = await apiLogin(request, 'docente@example.com', 'password');
2026-01-05T15:56:27.8073019Z     > 15 |     expect(loginRes.ok()).toBeTruthy();
2026-01-05T15:56:27.8073306Z          |                           ^
2026-01-05T15:56:27.8073616Z       16 |     const token = (await loginRes.json()).token;
2026-01-05T15:56:27.8073891Z       17 |
2026-01-05T15:56:27.8074210Z       18 |     const createRes = await request.post('/api/docente/temarios', {
2026-01-05T15:56:27.8074814Z         at /home/runner/work/infoaprende-platform/infoaprende-platform/frontend/tests/rbac.spec.js:15:27
2026-01-05T15:56:27.8075185Z 
2026-01-05T15:56:27.8075553Z     attachment #1: trace (application/zip) ─────────────────────────────────────────────────────────
2026-01-05T15:56:27.8076510Z     test-results/rbac-RBAC-docente-module-d-12948--crear-un-temario-positivo--chromium-retry1/trace.zip
2026-01-05T15:56:27.8077010Z     Usage:
2026-01-05T15:56:27.8077112Z 
2026-01-05T15:56:27.8077615Z         npx playwright show-trace test-results/rbac-RBAC-docente-module-d-12948--crear-un-temario-positivo--chromium-retry1/trace.zip
2026-01-05T15:56:27.8078272Z 
2026-01-05T15:56:27.8078579Z     ────────────────────────────────────────────────────────────────────────────────────────────────
2026-01-05T15:56:27.8078995Z 
2026-01-05T15:56:27.8079324Z     Retry #2 ───────────────────────────────────────────────────────────────────────────────────────
2026-01-05T15:56:27.8079556Z 
2026-01-05T15:56:27.8079837Z     Error: [2mexpect([22m[31mreceived[39m[2m).[22mtoBeTruthy[2m()[22m
2026-01-05T15:56:27.8080096Z 
2026-01-05T15:56:27.8080212Z     Received: [31mfalse[39m
2026-01-05T15:56:27.8080361Z 
2026-01-05T15:56:27.8080567Z       13 |     // Login como docente - ajustar credenciales de seed si necesario
2026-01-05T15:56:27.8081082Z       14 |     const loginRes = await apiLogin(request, 'docente@example.com', 'password');
2026-01-05T15:56:27.8081499Z     > 15 |     expect(loginRes.ok()).toBeTruthy();
2026-01-05T15:56:27.8081790Z          |                           ^
2026-01-05T15:56:27.8082117Z       16 |     const token = (await loginRes.json()).token;
2026-01-05T15:56:27.8082380Z       17 |
2026-01-05T15:56:27.8082684Z       18 |     const createRes = await request.post('/api/docente/temarios', {
2026-01-05T15:56:27.8083280Z         at /home/runner/work/infoaprende-platform/infoaprende-platform/frontend/tests/rbac.spec.js:15:27
2026-01-05T15:56:27.8083652Z 
2026-01-05T15:56:27.8084117Z   2) [chromium] › tests/rbac.spec.js:27:3 › RBAC docente module › estudiante no puede acceder al módulo docente (negativo) 
2026-01-05T15:56:27.8084511Z 
2026-01-05T15:56:27.8084781Z     Error: [2mexpect([22m[31mreceived[39m[2m).[22mtoBeTruthy[2m()[22m
2026-01-05T15:56:27.8085041Z 
2026-01-05T15:56:27.8085156Z     Received: [31mfalse[39m
2026-01-05T15:56:27.8085320Z 
2026-01-05T15:56:27.8085441Z       28 |     // Login como estudiante
2026-01-05T15:56:27.8085869Z       29 |     const loginRes = await apiLogin(request, 'estudiante@example.com', 'password');
2026-01-05T15:56:27.8086286Z     > 30 |     expect(loginRes.ok()).toBeTruthy();
2026-01-05T15:56:27.8086577Z          |                           ^
2026-01-05T15:56:27.8086874Z       31 |     const token = (await loginRes.json()).token;
2026-01-05T15:56:27.8087131Z       32 |
2026-01-05T15:56:27.8087436Z       33 |     const accessRes = await request.post('/api/docente/temarios', {
2026-01-05T15:56:27.8088025Z         at /home/runner/work/infoaprende-platform/infoaprende-platform/frontend/tests/rbac.spec.js:30:27
2026-01-05T15:56:27.8088402Z 
2026-01-05T15:56:27.8088709Z     Retry #1 ───────────────────────────────────────────────────────────────────────────────────────
2026-01-05T15:56:27.8089126Z 
2026-01-05T15:56:27.8089401Z     Error: [2mexpect([22m[31mreceived[39m[2m).[22mtoBeTruthy[2m()[22m
2026-01-05T15:56:27.8089667Z 
2026-01-05T15:56:27.8089782Z     Received: [31mfalse[39m
2026-01-05T15:56:27.8089925Z 
2026-01-05T15:56:27.8090038Z       28 |     // Login como estudiante
2026-01-05T15:56:27.8090449Z       29 |     const loginRes = await apiLogin(request, 'estudiante@example.com', 'password');
2026-01-05T15:56:27.8091008Z     > 30 |     expect(loginRes.ok()).toBeTruthy();
2026-01-05T15:56:27.8091287Z          |                           ^
2026-01-05T15:56:27.8091578Z       31 |     const token = (await loginRes.json()).token;
2026-01-05T15:56:27.8091840Z       32 |
2026-01-05T15:56:27.8092132Z       33 |     const accessRes = await request.post('/api/docente/temarios', {
2026-01-05T15:56:27.8092714Z         at /home/runner/work/infoaprende-platform/infoaprende-platform/frontend/tests/rbac.spec.js:30:27
2026-01-05T15:56:27.8093078Z 
2026-01-05T15:56:27.8093450Z     attachment #1: trace (application/zip) ─────────────────────────────────────────────────────────
2026-01-05T15:56:27.8094705Z     test-results/rbac-RBAC-docente-module-e-6ceb2-al-módulo-docente-negativo--chromium-retry1/trace.zip
2026-01-05T15:56:27.8095512Z     Usage:
2026-01-05T15:56:27.8095693Z 
2026-01-05T15:56:27.8096716Z         npx playwright show-trace test-results/rbac-RBAC-docente-module-e-6ceb2-al-módulo-docente-negativo--chromium-retry1/trace.zip
2026-01-05T15:56:27.8097647Z 
2026-01-05T15:56:27.8098249Z     ────────────────────────────────────────────────────────────────────────────────────────────────
2026-01-05T15:56:27.8098671Z 
2026-01-05T15:56:27.8099513Z     Retry #2 ───────────────────────────────────────────────────────────────────────────────────────
2026-01-05T15:56:27.8099975Z 
2026-01-05T15:56:27.8100529Z     Error: [2mexpect([22m[31mreceived[39m[2m).[22mtoBeTruthy[2m()[22m
2026-01-05T15:56:27.8100972Z 
2026-01-05T15:56:27.8101193Z     Received: [31mfalse[39m
2026-01-05T15:56:27.8101441Z 
2026-01-05T15:56:27.8101638Z       28 |     // Login como estudiante
2026-01-05T15:56:27.8102413Z       29 |     const loginRes = await apiLogin(request, 'estudiante@example.com', 'password');
2026-01-05T15:56:27.8103154Z     > 30 |     expect(loginRes.ok()).toBeTruthy();
2026-01-05T15:56:27.8103636Z          |                           ^
2026-01-05T15:56:27.8104181Z       31 |     const token = (await loginRes.json()).token;
2026-01-05T15:56:27.8104629Z       32 |
2026-01-05T15:56:27.8105145Z       33 |     const accessRes = await request.post('/api/docente/temarios', {
2026-01-05T15:56:27.8106130Z         at /home/runner/work/infoaprende-platform/infoaprende-platform/frontend/tests/rbac.spec.js:30:27
2026-01-05T15:56:27.8106529Z 
2026-01-05T15:56:27.8106621Z   2 failed
2026-01-05T15:56:27.8107173Z     [chromium] › tests/rbac.spec.js:12:3 › RBAC docente module › docente puede crear un temario (positivo) 
2026-01-05T15:56:27.8107999Z     [chromium] › tests/rbac.spec.js:27:3 › RBAC docente module › estudiante no puede acceder al módulo docente (negativo) 
2026-01-05T15:56:27.8108473Z   1 passed (4.7s)
2026-01-05T15:56:27.8354733Z ##[error]Process completed with exit code 1.
2026-01-05T15:56:27.8417070Z ##[group]Run actions/upload-artifact@v4
2026-01-05T15:56:27.8417419Z with:
2026-01-05T15:56:27.8417691Z   name: e2e-logs
2026-01-05T15:56:27.8417935Z   path: backend/backend.log
frontend/preview.log

2026-01-05T15:56:27.8418254Z   if-no-files-found: warn
2026-01-05T15:56:27.8418470Z   compression-level: 6
2026-01-05T15:56:27.8418664Z   overwrite: false
2026-01-05T15:56:27.8419193Z   include-hidden-files: false
2026-01-05T15:56:27.8419576Z ##[endgroup]
2026-01-05T15:56:28.0567473Z Multiple search paths detected. Calculating the least common ancestor of all paths
2026-01-05T15:56:28.0571915Z The least common ancestor is /home/runner/work/infoaprende-platform/infoaprende-platform. This will be the root directory of the artifact
2026-01-05T15:56:28.0573260Z With the provided path, there will be 2 files uploaded
2026-01-05T15:56:28.0578445Z Artifact name is valid!
2026-01-05T15:56:28.0579930Z Root directory input is valid!
2026-01-05T15:56:28.2822094Z Beginning upload of artifact content to blob storage
2026-01-05T15:56:28.5269565Z Uploaded bytes 1537
2026-01-05T15:56:28.5908680Z Finished uploading artifact content to blob storage!
2026-01-05T15:56:28.5911531Z SHA256 digest of uploaded artifact zip is f4db946607d9e59da3940e09eca943c4e08bc64a78c978ae3329b5e8bb34e1a3
2026-01-05T15:56:28.5913465Z Finalizing artifact upload
2026-01-05T15:56:28.7289093Z Artifact e2e-logs.zip successfully finalized. Artifact ID 5026347506
2026-01-05T15:56:28.7290419Z Artifact e2e-logs has been successfully uploaded! Final size is 1537 bytes. Artifact ID is 5026347506
2026-01-05T15:56:28.7297308Z Artifact download URL: https://github.com/dyangocardoso/infoaprende-platform/actions/runs/20720399809/artifacts/5026347506
2026-01-05T15:56:28.7436210Z Post job cleanup.
2026-01-05T15:56:28.8403573Z [command]/usr/bin/git version
2026-01-05T15:56:28.8442001Z git version 2.52.0
2026-01-05T15:56:28.8494520Z Temporarily overriding HOME='/home/runner/work/_temp/b9b80620-d73f-4d5d-8603-cfb27f41c2a8' before making global git config changes
2026-01-05T15:56:28.8496036Z Adding repository directory to the temporary git global config as a safe directory
2026-01-05T15:56:28.8501192Z [command]/usr/bin/git config --global --add safe.directory /home/runner/work/infoaprende-platform/infoaprende-platform
2026-01-05T15:56:28.8537400Z [command]/usr/bin/git config --local --name-only --get-regexp core\.sshCommand
2026-01-05T15:56:28.8571451Z [command]/usr/bin/git submodule foreach --recursive sh -c "git config --local --name-only --get-regexp 'core\.sshCommand' && git config --local --unset-all 'core.sshCommand' || :"
2026-01-05T15:56:28.8809069Z [command]/usr/bin/git config --local --name-only --get-regexp http\.https\:\/\/github\.com\/\.extraheader
2026-01-05T15:56:28.8831584Z http.https://github.com/.extraheader
2026-01-05T15:56:28.8844423Z [command]/usr/bin/git config --local --unset-all http.https://github.com/.extraheader
2026-01-05T15:56:28.8877420Z [command]/usr/bin/git submodule foreach --recursive sh -c "git config --local --name-only --get-regexp 'http\.https\:\/\/github\.com\/\.extraheader' && git config --local --unset-all 'http.https://github.com/.extraheader' || :"
2026-01-05T15:56:28.9107989Z [command]/usr/bin/git config --local --name-only --get-regexp ^includeIf\.gitdir:
2026-01-05T15:56:28.9139072Z [command]/usr/bin/git submodule foreach --recursive git config --local --show-origin --name-only --get-regexp remote.origin.url
2026-01-05T15:56:28.9484518Z Cleaning up orphan processes
2026-01-05T15:56:28.9793576Z Terminate orphan process: pid (2318) (npm run start)
2026-01-05T15:56:28.9812099Z Terminate orphan process: pid (2325) (npm run preview --port 5173)
2026-01-05T15:56:28.9846016Z Terminate orphan process: pid (2344) (sh)
2026-01-05T15:56:28.9868393Z Terminate orphan process: pid (2345) (node)
2026-01-05T15:56:28.9891553Z Terminate orphan process: pid (2352) (sh)
2026-01-05T15:56:28.9916394Z Terminate orphan process: pid (2353) (node)
2026-01-05T15:56:28.9952333Z Terminate orphan process: pid (2364) (esbuild)
